Archive member included to satisfy reference by file (symbol)

c:/nxp/mcuxpressoide_11.9.1_2170/ide/plugins/com.nxp.mcuxpresso.tools.win32_11.9.1.202402080819/tools/bin/../lib/gcc/arm-none-eabi/12.3.1/../../../../arm-none-eabi/lib/thumb/v8-m.main+fp/hard\libcr_nohost_nf.a(_cr__main.o)
                              ./startup/startup_mcxn236.o (__main)
c:/nxp/mcuxpressoide_11.9.1_2170/ide/plugins/com.nxp.mcuxpresso.tools.win32_11.9.1.202402080819/tools/bin/../lib/gcc/arm-none-eabi/12.3.1/../../../../arm-none-eabi/lib/thumb/v8-m.main+fp/hard\libcr_nohost_nf.a(_cr_assert.o)
                              ./drivers/fsl_common_arm.o (__assertion_failed)
c:/nxp/mcuxpressoide_11.9.1_2170/ide/plugins/com.nxp.mcuxpresso.tools.win32_11.9.1.202402080819/tools/bin/../lib/gcc/arm-none-eabi/12.3.1/../../../../arm-none-eabi/lib/thumb/v8-m.main+fp/hard\libcr_nohost_nf.a(__ciob.o)
                              c:/nxp/mcuxpressoide_11.9.1_2170/ide/plugins/com.nxp.mcuxpresso.tools.win32_11.9.1.202402080819/tools/bin/../lib/gcc/arm-none-eabi/12.3.1/../../../../arm-none-eabi/lib/thumb/v8-m.main+fp/hard\libcr_nohost_nf.a(_cr_assert.o) (__Ciob)
c:/nxp/mcuxpressoide_11.9.1_2170/ide/plugins/com.nxp.mcuxpresso.tools.win32_11.9.1.202402080819/tools/bin/../lib/gcc/arm-none-eabi/12.3.1/../../../../arm-none-eabi/lib/thumb/v8-m.main+fp/hard\libcr_nohost_nf.a(__sys_appexit.o)
                              c:/nxp/mcuxpressoide_11.9.1_2170/ide/plugins/com.nxp.mcuxpresso.tools.win32_11.9.1.202402080819/tools/bin/../lib/gcc/arm-none-eabi/12.3.1/../../../../arm-none-eabi/lib/thumb/v8-m.main+fp/hard\libcr_nohost_nf.a(_cr_assert.o) (__sys_appexit)
c:/nxp/mcuxpressoide_11.9.1_2170/ide/plugins/com.nxp.mcuxpresso.tools.win32_11.9.1.202402080819/tools/bin/../lib/gcc/arm-none-eabi/12.3.1/../../../../arm-none-eabi/lib/thumb/v8-m.main+fp/hard\libcr_c.a(memcpy.o)
                              ./utilities/fsl_str.o (memcpy)
c:/nxp/mcuxpressoide_11.9.1_2170/ide/plugins/com.nxp.mcuxpresso.tools.win32_11.9.1.202402080819/tools/bin/../lib/gcc/arm-none-eabi/12.3.1/../../../../arm-none-eabi/lib/thumb/v8-m.main+fp/hard\libcr_c.a(memset.o)
                              ./utilities/fsl_debug_console.o (memset)
c:/nxp/mcuxpressoide_11.9.1_2170/ide/plugins/com.nxp.mcuxpresso.tools.win32_11.9.1.202402080819/tools/bin/../lib/gcc/arm-none-eabi/12.3.1/../../../../arm-none-eabi/lib/thumb/v8-m.main+fp/hard\libcr_c.a(_deferredlazyseek.o)
                              c:/nxp/mcuxpressoide_11.9.1_2170/ide/plugins/com.nxp.mcuxpresso.tools.win32_11.9.1.202402080819/tools/bin/../lib/gcc/arm-none-eabi/12.3.1/../../../../arm-none-eabi/lib/thumb/v8-m.main+fp/hard\libcr_nohost_nf.a(_cr_assert.o) (__flsbuf)
c:/nxp/mcuxpressoide_11.9.1_2170/ide/plugins/com.nxp.mcuxpresso.tools.win32_11.9.1.202402080819/tools/bin/../lib/gcc/arm-none-eabi/12.3.1/../../../../arm-none-eabi/lib/thumb/v8-m.main+fp/hard\libcr_c.a(_fflush.o)
                              c:/nxp/mcuxpressoide_11.9.1_2170/ide/plugins/com.nxp.mcuxpresso.tools.win32_11.9.1.202402080819/tools/bin/../lib/gcc/arm-none-eabi/12.3.1/../../../../arm-none-eabi/lib/thumb/v8-m.main+fp/hard\libcr_c.a(_deferredlazyseek.o) (_fflush)
c:/nxp/mcuxpressoide_11.9.1_2170/ide/plugins/com.nxp.mcuxpresso.tools.win32_11.9.1.202402080819/tools/bin/../lib/gcc/arm-none-eabi/12.3.1/../../../../arm-none-eabi/lib/thumb/v8-m.main+fp/hard\libcr_c.a(_writebuf.o)
                              c:/nxp/mcuxpressoide_11.9.1_2170/ide/plugins/com.nxp.mcuxpresso.tools.win32_11.9.1.202402080819/tools/bin/../lib/gcc/arm-none-eabi/12.3.1/../../../../arm-none-eabi/lib/thumb/v8-m.main+fp/hard\libcr_c.a(_deferredlazyseek.o) (_Cwritebuf)
c:/nxp/mcuxpressoide_11.9.1_2170/ide/plugins/com.nxp.mcuxpresso.tools.win32_11.9.1.202402080819/tools/bin/../lib/gcc/arm-none-eabi/12.3.1/../../../../arm-none-eabi/lib/thumb/v8-m.main+fp/hard\libcr_c.a(alloc.o)
                              ./drivers/fsl_common.o (malloc)
c:/nxp/mcuxpressoide_11.9.1_2170/ide/plugins/com.nxp.mcuxpresso.tools.win32_11.9.1.202402080819/tools/bin/../lib/gcc/arm-none-eabi/12.3.1/../../../../arm-none-eabi/lib/thumb/v8-m.main+fp/hard\libcr_c.a(errno.o)
                              ./utilities/fsl_str.o (errno)
c:/nxp/mcuxpressoide_11.9.1_2170/ide/plugins/com.nxp.mcuxpresso.tools.win32_11.9.1.202402080819/tools/bin/../lib/gcc/arm-none-eabi/12.3.1/../../../../arm-none-eabi/lib/thumb/v8-m.main+fp/hard\libcr_c.a(fputs.o)
                              c:/nxp/mcuxpressoide_11.9.1_2170/ide/plugins/com.nxp.mcuxpresso.tools.win32_11.9.1.202402080819/tools/bin/../lib/gcc/arm-none-eabi/12.3.1/../../../../arm-none-eabi/lib/thumb/v8-m.main+fp/hard\libcr_nohost_nf.a(_cr_assert.o) (fputs)
c:/nxp/mcuxpressoide_11.9.1_2170/ide/plugins/com.nxp.mcuxpresso.tools.win32_11.9.1.202402080819/tools/bin/../lib/gcc/arm-none-eabi/12.3.1/../../../../arm-none-eabi/lib/thumb/v8-m.main+fp/hard\libcr_c.a(fseek.o)
[...]
Memory Configuration

Name             Origin             Length             Attributes
PROGRAM_FLASH0   0x00000000         0x00080000         xr
PROGRAM_FLASH1   0x00080000         0x00080000         xr
SRAM             0x20000000         0x00038000         xrw
SRAMX            0x04000000         0x00018000         xrw
*default*        0x00000000         0xffffffff

Linker script and memory map

LOAD ./utilities/fsl_debug_console.o
LOAD ./utilities/fsl_str.o
LOAD ./startup/startup_mcxn236.o
LOAD ./source/Loop.o
LOAD ./source/MCXN236_Project.o
LOAD ./source/semihost_hardfault.o
LOAD ./freertos/freertos-kernel/portable/MemMang/heap_4.o
LOAD ./freertos/freertos-kernel/portable/GCC/ARM_CM33_NTZ/non_secure/port.o
LOAD ./freertos/freertos-kernel/portable/GCC/ARM_CM33_NTZ/non_secure/portasm.o
LOAD ./freertos/freertos-kernel/croutine.o
LOAD ./freertos/freertos-kernel/event_groups.o
LOAD ./freertos/freertos-kernel/list.o
LOAD ./freertos/freertos-kernel/queue.o
LOAD ./freertos/freertos-kernel/stream_buffer.o
LOAD ./freertos/freertos-kernel/tasks.o
LOAD ./freertos/freertos-kernel/timers.o
LOAD ./drivers/fsl_clock.o
LOAD ./drivers/fsl_common.o
LOAD ./drivers/fsl_common_arm.o
LOAD ./drivers/fsl_gpio.o
LOAD ./drivers/fsl_lpflexcomm.o
LOAD ./drivers/fsl_lpi2c.o
LOAD ./drivers/fsl_lpuart.o
LOAD ./drivers/fsl_reset.o
LOAD ./drivers/fsl_spc.o
LOAD ./device/system_MCXN236.o
LOAD ./component/uart/fsl_adapter_lpuart.o
LOAD ./component/serial_manager/fsl_component_serial_manager.o
LOAD ./component/serial_manager/fsl_component_serial_port_uart.o
LOAD ./component/lists/fsl_component_generic_list.o
LOAD ./board/board.o
LOAD ./board/clock_config.o
LOAD ./board/peripherals.o
LOAD ./board/pin_mux.o
START GROUP
LOAD c:/nxp/mcuxpressoide_11.9.1_2170/ide/plugins/com.nxp.mcuxpresso.tools.win32_11.9.1.202402080819/tools/bin/../lib/gcc/arm-none-eabi/12.3.1/../../../../arm-none-eabi/lib/thumb/v8-m.main+fp/hard\libcr_nohost_nf.a
LOAD c:/nxp/mcuxpressoide_11.9.1_2170/ide/plugins/com.nxp.mcuxpresso.tools.win32_11.9.1.202402080819/tools/bin/../lib/gcc/arm-none-eabi/12.3.1/../../../../arm-none-eabi/lib/thumb/v8-m.main+fp/hard\libcr_c.a
LOAD c:/nxp/mcuxpressoide_11.9.1_2170/ide/plugins/com.nxp.mcuxpresso.tools.win32_11.9.1.202402080819/tools/bin/../lib/gcc/arm-none-eabi/12.3.1/thumb/v8-m.main+fp/hard\libcr_eabihelpers.a
LOAD c:/nxp/mcuxpressoide_11.9.1_2170/ide/plugins/com.nxp.mcuxpresso.tools.win32_11.9.1.202402080819/tools/bin/../lib/gcc/arm-none-eabi/12.3.1/thumb/v8-m.main+fp/hard\libgcc.a
END GROUP
                0x00000000                        __base_PROGRAM_FLASH0 = 0x0
                0x00000000                        __base_Flash = 0x0
                0x00080000                        __top_PROGRAM_FLASH0 = 0x80000
                0x00080000                        __top_Flash = 0x80000
                0x00080000                        __base_PROGRAM_FLASH1 = 0x80000
                0x00080000                        __base_Flash2 = 0x80000
                0x00100000                        __top_PROGRAM_FLASH1 = 0x100000
                0x00100000                        __top_Flash2 = 0x100000
                0x20000000                        __base_SRAM = 0x20000000
                0x20000000                        __base_RAM = 0x20000000
                0x20038000                        __top_SRAM = 0x20038000
                0x20038000                        __top_RAM = 0x20038000
                0x04000000                        __base_SRAMX = 0x4000000
                0x04000000                        __base_RAM2 = 0x4000000
                0x04018000                        __top_SRAMX = 0x4018000
                0x04018000                        __top_RAM2 = 0x4018000

.text_Flash2    0x00080000        0x0
 FILL mask 0xff
 *(SORT_BY_ALIGNMENT(.text_Flash2))
 *(SORT_BY_ALIGNMENT(.text_PROGRAM_FLASH1))
 *(SORT_BY_ALIGNMENT(.text.$Flash2))
 *(SORT_BY_ALIGNMENT(.text.$PROGRAM_FLASH1))
 *(SORT_BY_ALIGNMENT(.text_Flash2.*))
 *(SORT_BY_ALIGNMENT(.text_PROGRAM_FLASH1.*))
 *(SORT_BY_ALIGNMENT(.text.$Flash2.*))
 *(SORT_BY_ALIGNMENT(.text.$PROGRAM_FLASH1.*))
 *(SORT_BY_ALIGNMENT(.rodata.$Flash2))
 *(SORT_BY_ALIGNMENT(.rodata.$PROGRAM_FLASH1))
 *(SORT_BY_ALIGNMENT(.rodata.$Flash2.*))
 *(SORT_BY_ALIGNMENT(.rodata.$PROGRAM_FLASH1.*))

.text           0x00000000     0x50b0
 FILL mask 0xff
                0x00000000                        __vectors_start__ = ABSOLUTE (.)
 *(SORT_BY_ALIGNMENT(.isr_vector))
 .isr_vector    0x00000000      0x2ac ./startup/startup_mcxn236.o
                0x00000000                g_pfnVectors
                0x00000000                __Vectors
                0x000002ac                        . = ALIGN (0x4)
                0x000002ac                        __section_table_start = .
                0x000002ac                        __data_section_table = .
                0x000002ac        0x4 LONG 0x50b0 LOADADDR (.data)
                0x000002b0        0x4 LONG 0x20000000 ADDR (.data)
                0x000002b4        0x4 LONG 0x14 SIZEOF (.data)
                0x000002b8        0x4 LONG 0x50b0 LOADADDR (.data_RAM2)
                0x000002bc        0x4 LONG 0x4000000 ADDR (.data_RAM2)
                0x000002c0        0x4 LONG 0x0 SIZEOF (.data_RAM2)
                0x000002c4                        __data_section_table_end = .
                0x000002c4                        __bss_section_table = .
                0x000002c4        0x4 LONG 0x20000014 ADDR (.bss)
                0x000002c8        0x4 LONG 0x2b84 SIZEOF (.bss)
                0x000002cc        0x4 LONG 0x4000000 ADDR (.bss_RAM2)
                0x000002d0        0x4 LONG 0x0 SIZEOF (.bss_RAM2)
                0x000002d4                        __bss_section_table_end = .
                0x000002d4                        __section_table_end = .
 *(SORT_BY_ALIGNMENT(.after_vectors*))
 .after_vectors.reset
                0x000002d4       0x68 ./startup/startup_mcxn236.o
                0x000002d4                ResetISR
 .after_vectors.init_data
                0x0000033c       0x1e ./startup/startup_mcxn236.o
                0x0000033c                data_init
 .after_vectors.init_bss
                0x0000035a       0x12 ./startup/startup_mcxn236.o
                0x0000035a                bss_init
 .after_vectors
                0x0000036c       0x16 ./startup/startup_mcxn236.o
                0x0000036c                NMI_Handler
                0x00000370                MemManage_Handler
                0x00000372                BusFault_Handler
                0x00000374                UsageFault_Handler
                0x00000376                SecureFault_Handler
                0x0000037a                DebugMon_Handler
                0x00000380                I3C0_DriverIRQHandler
                0x00000380                Reserved117_DriverIRQHandler
                0x00000380                PKC_ERR_DriverIRQHandler
                0x00000380                QDC1_HOME_DriverIRQHandler
                0x00000380                EDMA_0_CH5_DriverIRQHandler
                0x00000380                EDMA_0_CH14_DriverIRQHandler
                0x00000380                EDMA_1_CH0_DriverIRQHandler
                0x00000380                SCG_DriverIRQHandler
                0x00000380                CMC0_DriverIRQHandler
                0x00000380                EDMA_0_CH15_DriverIRQHandler
                0x00000380                LPTMR0_DriverIRQHandler
                0x00000380                Reserved119_DriverIRQHandler
                0x00000380                EDMA_0_CH2_DriverIRQHandler
                0x00000380                FLEXPWM1_SUBMODULE1_DriverIRQHandler
                0x00000380                FLEXPWM0_SUBMODULE1_DriverIRQHandler
                0x00000380                Reserved101_DriverIRQHandler
                0x00000380                PINT0_DriverIRQHandler
                0x00000380                FLEXPWM0_RELOAD_ERROR_DriverIRQHandler
                0x00000380                QDC0_HOME_DriverIRQHandler
                0x00000380                Reserved102_DriverIRQHandler
                0x00000380                Reserved122_DriverIRQHandler
                0x00000380                SEC_VIO_DriverIRQHandler
                0x00000380                ERM_MULTI_BIT_ERROR_DriverIRQHandler
                0x00000380                GPIO31_DriverIRQHandler
                0x00000380                EWM0_DriverIRQHandler
                0x00000380                PKC_DriverIRQHandler
                0x00000380                Reserved155_DriverIRQHandler
                0x00000380                EDMA_0_CH10_DriverIRQHandler
                0x00000380                USB1_HS_PHY_DriverIRQHandler
                0x00000380                Reserved103_DriverIRQHandler
                0x00000380                Reserved149_DriverIRQHandler
                0x00000380                QDC0_IDX_DriverIRQHandler
                0x00000380                ELS_DriverIRQHandler
                0x00000380                Reserved166_DriverIRQHandler
                0x00000380                EDMA_1_CH2_DriverIRQHandler
                0x00000380                QDC1_IDX_DriverIRQHandler
                0x00000380                FLEXPWM1_SUBMODULE3_DriverIRQHandler
                0x00000380                EDMA_1_CH7_DriverIRQHandler
                0x00000380                EDMA_1_CH6_DriverIRQHandler
                0x00000380                CTIMER2_DriverIRQHandler
                0x00000380                Reserved105_DriverIRQHandler
                0x00000380                Reserved167_DriverIRQHandler
                0x00000380                Reserved157_DriverIRQHandler
                0x00000380                EDMA_1_CH5_DriverIRQHandler
                0x00000380                EDMA_0_CH9_DriverIRQHandler
                0x00000380                Freqme_DriverIRQHandler
                0x00000380                Reserved80_DriverIRQHandler
                0x00000380                IntDefaultHandler
                0x00000380                ELS_ERR_DriverIRQHandler
                0x00000380                FLEXIO_DriverIRQHandler
                0x00000380                MRT0_DriverIRQHandler
                0x00000380                UTICK0_DriverIRQHandler
                0x00000380                FLEXPWM0_SUBMODULE2_DriverIRQHandler
                0x00000380                GPIO01_DriverIRQHandler
                0x00000380                EDMA_0_CH3_DriverIRQHandler
                0x00000380                WWDT0_DriverIRQHandler
                0x00000380                GPIO00_DriverIRQHandler
                0x00000380                EDMA_0_CH4_DriverIRQHandler
                0x00000380                GPIO11_DriverIRQHandler
                0x00000380                CTIMER4_DriverIRQHandler
                0x00000380                FLEXPWM0_FAULT_DriverIRQHandler
                0x00000380                Reserved158_DriverIRQHandler
                0x00000380                EDMA_1_CH1_DriverIRQHandler
                0x00000380                SAI1_DriverIRQHandler
                0x00000380                Reserved66_DriverIRQHandler
                0x00000380                Reserved165_DriverIRQHandler
                0x00000380                ERM_SINGLE_BIT_ERROR_DriverIRQHandler
                0x00000380                GPIO21_DriverIRQHandler
                0x00000380                FLEXPWM1_FAULT_DriverIRQHandler
                0x00000380                GPIO30_DriverIRQHandler
                0x00000380                CTIMER0_DriverIRQHandler
                0x00000380                CTIMER1_DriverIRQHandler
                0x00000380                QDC0_COMPARE_DriverIRQHandler
                0x00000380                WWDT1_DriverIRQHandler
                0x00000380                ADC1_DriverIRQHandler
                0x00000380                Reserved156_DriverIRQHandler
                0x00000380                USB0_DCD_DriverIRQHandler
                0x00000380                EDMA_0_CH11_DriverIRQHandler
                0x00000380                Reserved92_DriverIRQHandler
                0x00000380                WUU_DriverIRQHandler
                0x00000380                EDMA_0_CH6_DriverIRQHandler
                0x00000380                CTIMER3_DriverIRQHandler
                0x00000380                FLEXPWM1_SUBMODULE0_DriverIRQHandler
                0x00000380                CDOG1_DriverIRQHandler
                0x00000380                Reserved74_DriverIRQHandler
                0x00000380                EDMA_1_CH4_DriverIRQHandler
                0x00000380                PUF_DriverIRQHandler
                0x00000380                SPC_DriverIRQHandler
                0x00000380                RTC_DriverIRQHandler
                0x00000380                VBAT0_DriverIRQHandler
                0x00000380                Reserved65_DriverIRQHandler
                0x00000380                EDMA_0_CH0_DriverIRQHandler
                0x00000380                ITRC0_DriverIRQHandler
                0x00000380                PDM_EVENT_DriverIRQHandler
                0x00000380                Reserved60_DriverIRQHandler
                0x00000380                FLEXPWM1_RELOAD_ERROR_DriverIRQHandler
                0x00000380                Reserved49_DriverIRQHandler
                0x00000380                FMU0_DriverIRQHandler
                0x00000380                QDC1_COMPARE_DriverIRQHandler
                0x00000380                EDMA_0_CH8_DriverIRQHandler
                0x00000380                Reserved118_DriverIRQHandler
                0x00000380                LPTMR1_DriverIRQHandler
                0x00000380                GPIO40_DriverIRQHandler
                0x00000380                EDMA_1_CH3_DriverIRQHandler
                0x00000380                Reserved77_DriverIRQHandler
                0x00000380                FLEXPWM1_SUBMODULE2_DriverIRQHandler
                0x00000380                GPIO20_DriverIRQHandler
                0x00000380                QDC1_WDG_SAB_DriverIRQHandler
                0x00000380                GDET_DriverIRQHandler
                0x00000380                PORT_EFT_DriverIRQHandler
                0x00000380                Reserved127_DriverIRQHandler
                0x00000380                Reserved85_DriverIRQHandler
                0x00000380                Reserved81_DriverIRQHandler
                0x00000380                Reserved123_DriverIRQHandler
                0x00000380                FLEXPWM0_SUBMODULE3_DriverIRQHandler
                0x00000380                ADC0_DriverIRQHandler
                0x00000380                OR_DriverIRQHandler
                0x00000380                EDMA_0_CH13_DriverIRQHandler
                0x00000380                Reserved124_DriverIRQHandler
                0x00000380                USB1_HS_DriverIRQHandler
                0x00000380                Reserved113_DriverIRQHandler
                0x00000380                EDMA_0_CH1_DriverIRQHandler
                0x00000380                GPIO51_DriverIRQHandler
                0x00000380                HSCMP0_DriverIRQHandler
                0x00000380                EDMA_0_CH12_DriverIRQHandler
                0x00000380                QDC0_WDG_SAB_DriverIRQHandler
                0x00000380                Reserved104_DriverIRQHandler
                0x00000380                CDOG0_DriverIRQHandler
                0x00000380                CAN0_DriverIRQHandler
                0x00000380                Reserved59_DriverIRQHandler
                0x00000380                SMARTDMA_DriverIRQHandler
                0x00000380                SAI0_DriverIRQHandler
                0x00000380                I3C1_DriverIRQHandler
                0x00000380                Reserved106_DriverIRQHandler
                0x00000380                Reserved120_DriverIRQHandler
                0x00000380                EDMA_0_CH7_DriverIRQHandler
                0x00000380                HSCMP1_DriverIRQHandler
                0x00000380                Reserved107_DriverIRQHandler
                0x00000380                Reserved70_DriverIRQHandler
                0x00000380                GPIO50_DriverIRQHandler
                0x00000380                Reserved86_DriverIRQHandler
                0x00000380                GPIO10_DriverIRQHandler
                0x00000380                CAN1_DriverIRQHandler
                0x00000380                FLEXPWM0_SUBMODULE0_DriverIRQHandler
                0x00000380                OS_EVENT_DriverIRQHandler
                0x00000380                Reserved108_DriverIRQHandler
                0x00000380                GPIO41_DriverIRQHandler
                0x00000380                SEC_HYPERVISOR_CALL_DriverIRQHandler
 *(SORT_BY_ALIGNMENT(.text*))
 *fill*         0x00000382        0xe ff
 .text.vRestoreContextOfFirstTask
                0x00000390       0x38 ./freertos/freertos-kernel/portable/GCC/ARM_CM33_NTZ/non_secure/portasm.o
                0x00000390                vRestoreContextOfFirstTask
 *fill*         0x000003c8        0x8 ff
 .text.vStartFirstTask
                0x000003d0       0x28 ./freertos/freertos-kernel/portable/GCC/ARM_CM33_NTZ/non_secure/portasm.o
                0x000003d0                vStartFirstTask
 *fill*         0x000003f8        0x8 ff
 .text.PendSV_Handler
                0x00000400       0x58 ./freertos/freertos-kernel/portable/GCC/ARM_CM33_NTZ/non_secure/portasm.o
                0x00000400                PendSV_Handler
 *fill*         0x00000458        0x8 ff
 .text.SVC_Handler
                0x00000460       0x28 ./freertos/freertos-kernel/portable/GCC/ARM_CM33_NTZ/non_secure/portasm.o
                0x00000460                SVC_Handler
 .text.DbgConsole_Init
                0x00000488      0x138 ./utilities/fsl_debug_console.o
                0x00000488                DbgConsole_Init
 .text.pvPortMalloc
                0x000005c0      0x158 ./freertos/freertos-kernel/portable/MemMang/heap_4.o
                0x000005c0                pvPortMalloc
 .text.vPortFree
                0x00000718       0x9c ./freertos/freertos-kernel/portable/MemMang/heap_4.o
                0x00000718                vPortFree
 .text.prvHeapInit
                0x000007b4       0xb8 ./freertos/freertos-kernel/portable/MemMang/heap_4.o
 .text.prvInsertBlockIntoFreeList
                0x0000086c       0xb4 ./freertos/freertos-kernel/portable/MemMang/heap_4.o
 .text.vPortSetupTimerInterrupt
                0x00000920       0x48 ./freertos/freertos-kernel/portable/GCC/ARM_CM33_NTZ/non_secure/port.o
                0x00000920                vPortSetupTimerInterrupt
 .text.prvTaskExitError
                0x00000968       0x38 ./freertos/freertos-kernel/portable/GCC/ARM_CM33_NTZ/non_secure/port.o
 .text.vPortYield
                0x000009a0       0x24 ./freertos/freertos-kernel/portable/GCC/ARM_CM33_NTZ/non_secure/port.o
                0x000009a0                vPortYield
 .text.vPortEnterCritical
                0x000009c4       0x24 ./freertos/freertos-kernel/portable/GCC/ARM_CM33_NTZ/non_secure/port.o
                0x000009c4                vPortEnterCritical
 .text.vPortExitCritical
                0x000009e8       0x34 ./freertos/freertos-kernel/portable/GCC/ARM_CM33_NTZ/non_secure/port.o
                0x000009e8                vPortExitCritical
 .text.SysTick_Handler
                0x00000a1c       0x30 ./freertos/freertos-kernel/portable/GCC/ARM_CM33_NTZ/non_secure/port.o
                0x00000a1c                SysTick_Handler
 .text.pxPortInitialiseStack
                0x00000a4c      0x114 ./freertos/freertos-kernel/portable/GCC/ARM_CM33_NTZ/non_secure/port.o
                0x00000a4c                pxPortInitialiseStack
 .text.xPortStartScheduler
                0x00000b60       0x40 ./freertos/freertos-kernel/portable/GCC/ARM_CM33_NTZ/non_secure/port.o
                0x00000b60                xPortStartScheduler
 .text.vQueueAddToRegistry
                0x00000ba0       0x8c ./freertos/freertos-kernel/queue.o
                0x00000ba0                vQueueAddToRegistry
 .text.prvAddNewTaskToReadyList
                0x00000c2c      0x120 ./freertos/freertos-kernel/tasks.o
 .text.vTaskStartScheduler
                0x00000d4c       0x84 ./freertos/freertos-kernel/tasks.o
                0x00000d4c                vTaskStartScheduler
 .text.vTaskSuspendAll
                0x00000dd0       0x1c ./freertos/freertos-kernel/tasks.o
                0x00000dd0                vTaskSuspendAll
 .text.xTaskResumeAll
                0x00000dec      0x1dc ./freertos/freertos-kernel/tasks.o
                0x00000dec                xTaskResumeAll
 .text.xTaskGetTickCount
                0x00000fc8       0x20 ./freertos/freertos-kernel/tasks.o
                0x00000fc8                xTaskGetTickCount
 .text.xTaskIncrementTick
                0x00000fe8      0x204 ./freertos/freertos-kernel/tasks.o
                0x00000fe8                xTaskIncrementTick
 .text.vTaskSwitchContext
                0x000011ec       0xa8 ./freertos/freertos-kernel/tasks.o
                0x000011ec                vTaskSwitchContext
 .text.vTaskPlaceOnEventList
                0x00001294       0x3c ./freertos/freertos-kernel/tasks.o
                0x00001294                vTaskPlaceOnEventList
 .text.vTaskPlaceOnEventListRestricted
                0x000012d0       0x7c ./freertos/freertos-kernel/tasks.o
                0x000012d0                vTaskPlaceOnEventListRestricted
 .text.xTaskRemoveFromEventList
                0x0000134c      0x19c ./freertos/freertos-kernel/tasks.o
                0x0000134c                xTaskRemoveFromEventList
 .text.vTaskInternalSetTimeOutState
                0x000014e8       0x2c ./freertos/freertos-kernel/tasks.o
                0x000014e8                vTaskInternalSetTimeOutState
 .text.xTaskCheckForTimeOut
                0x00001514       0xb0 ./freertos/freertos-kernel/tasks.o
                0x00001514                xTaskCheckForTimeOut
 .text.vTaskMissedYield
                0x000015c4       0x18 ./freertos/freertos-kernel/tasks.o
                0x000015c4                vTaskMissedYield
 .text.prvIdleTask
                0x000015dc       0x20 ./freertos/freertos-kernel/tasks.o
 .text.prvInitialiseTaskLists
                0x000015fc       0x80 ./freertos/freertos-kernel/tasks.o
 .text.prvCheckTasksWaitingTermination
                0x0000167c       0x5c ./freertos/freertos-kernel/tasks.o
 .text.prvResetNextTaskUnblockTime
                0x000016d8       0x38 ./freertos/freertos-kernel/tasks.o
 .text.xTaskGetSchedulerState
                0x00001710       0x3c ./freertos/freertos-kernel/tasks.o
                0x00001710                xTaskGetSchedulerState
 .text.prvAddCurrentTaskToDelayedList
                0x0000174c       0xdc ./freertos/freertos-kernel/tasks.o
 .text.xTimerCreateTimerTask
                0x00001828       0x54 ./freertos/freertos-kernel/timers.o
                0x00001828                xTimerCreateTimerTask
 .text.prvProcessExpiredTimer
                0x0000187c       0x60 ./freertos/freertos-kernel/timers.o
 .text.prvProcessTimerOrBlockTask
                0x000018dc       0x8c ./freertos/freertos-kernel/timers.o
 .text.prvGetNextExpireTime
                0x00001968       0x48 ./freertos/freertos-kernel/timers.o
 .text.prvSampleTimeNow
                0x000019b0       0x40 ./freertos/freertos-kernel/timers.o
 .text.prvInsertTimerInActiveList
                0x000019f0       0x84 ./freertos/freertos-kernel/timers.o
 .text.prvProcessReceivedCommands
                0x00001a74      0x19c ./freertos/freertos-kernel/timers.o
 .text.prvSwitchTimerLists
                0x00001c10       0x4c ./freertos/freertos-kernel/timers.o
 .text.prvCheckForValidListAndQueue
                0x00001c5c       0x6c ./freertos/freertos-kernel/timers.o
 .text.CLOCK_IsPLL0Locked
                0x00001cc8       0x28 ./drivers/fsl_clock.o
 .text.CLOCK_SetupFROHFClocking
                0x00001cf0       0x9c ./drivers/fsl_clock.o
                0x00001cf0                CLOCK_SetupFROHFClocking
 .text.CLOCK_SetPll0MonitorMode
                0x00001d8c       0x38 ./drivers/fsl_clock.o
                0x00001d8c                CLOCK_SetPll0MonitorMode
 .text.CLOCK_AttachClk
                0x00001dc4       0xb0 ./drivers/fsl_clock.o
                0x00001dc4                CLOCK_AttachClk
 .text.CLOCK_SetClkDiv
                0x00001e74       0x54 ./drivers/fsl_clock.o
                0x00001e74                CLOCK_SetClkDiv
 .text.CLOCK_GetPLL0InClockRate
                0x00001ec8       0x58 ./drivers/fsl_clock.o
                0x00001ec8                CLOCK_GetPLL0InClockRate
 .text.CLOCK_SetPLL0Freq
                0x00001f20      0x10c ./drivers/fsl_clock.o
                0x00001f20                CLOCK_SetPLL0Freq
 .text.CLOCK_GetClk48MFreq
                0x0000202c       0x2c ./drivers/fsl_clock.o
 .text.CLOCK_GetExtClkFreq
                0x00002058       0x2c ./drivers/fsl_clock.o
 .text.CLOCK_GetOsc32KFreq
                0x00002084       0x4c ./drivers/fsl_clock.o
 .text.findPll0PreDiv
                0x000020d0       0x40 ./drivers/fsl_clock.o
 .text.findPll0PostDiv
                0x00002110       0x60 ./drivers/fsl_clock.o
 .text.findPll0MMult
                0x00002170       0xac ./drivers/fsl_clock.o
 .text.LP_FLEXCOMM_GetInterruptStatus
                0x0000221c       0x28 ./drivers/fsl_lpflexcomm.o
                0x0000221c                LP_FLEXCOMM_GetInterruptStatus
 .text.LP_FLEXCOMM_SetPeriph
                0x00002244       0x94 ./drivers/fsl_lpflexcomm.o
 .text.LP_FLEXCOMM_Init
                0x000022d8       0x58 ./drivers/fsl_lpflexcomm.o
                0x000022d8                LP_FLEXCOMM_Init
 .text.LP_FLEXCOMM_CommonIRQHandler
                0x00002330       0xb8 ./drivers/fsl_lpflexcomm.o
 .text.LPUART_GetInstance
                0x000023e8       0x4c ./drivers/fsl_lpuart.o
                0x000023e8                LPUART_GetInstance
 .text.LPUART_Init
                0x00002434      0x3c4 ./drivers/fsl_lpuart.o
                0x00002434                LPUART_Init
 .text.LPUART_GetDefaultConfig
                0x000027f8       0x8c ./drivers/fsl_lpuart.o
                0x000027f8                LPUART_GetDefaultConfig
 .text.RESET_ClearPeripheralReset
                0x00002884       0x64 ./drivers/fsl_reset.o
                0x00002884                RESET_ClearPeripheralReset
 .text.SPC_SetSRAMOperateVoltage
                0x000028e8       0x64 ./drivers/fsl_spc.o
                0x000028e8                SPC_SetSRAMOperateVoltage
 .text.SPC_SetActiveModeCoreLDORegulatorConfig
                0x0000294c       0xbc ./drivers/fsl_spc.o
                0x0000294c                SPC_SetActiveModeCoreLDORegulatorConfig
 .text.SPC_SetActiveModeDCDCRegulatorConfig
                0x00002a08       0x68 ./drivers/fsl_spc.o
                0x00002a08                SPC_SetActiveModeDCDCRegulatorConfig
 .text.SystemInit
                0x00002a70      0x114 ./device/system_MCXN236.o
                0x00002a70                SystemInit
 .text.HAL_UartInitCommon
                0x00002b84       0xe4 ./component/uart/fsl_adapter_lpuart.o
 .text.HAL_UartInit
                0x00002c68       0x84 ./component/uart/fsl_adapter_lpuart.o
                0x00002c68                HAL_UartInit
 .text.BOARD_InitDebugConsole
                0x00002cec       0x40 ./board/board.o
                0x00002cec                BOARD_InitDebugConsole
 .text.BOARD_BootClockPLL150M
                0x00002d2c       0xd8 ./board/clock_config.o
                0x00002d2c                BOARD_BootClockPLL150M
 .text.PORT_SetPinConfig
                0x00002e04       0x38 ./board/pin_mux.o
 .text.BOARD_InitDEBUG_UARTPins
                0x00002e3c       0x5c ./board/pin_mux.o
                0x00002e3c                BOARD_InitDEBUG_UARTPins
 .text.__assertion_failed
                0x00002e98       0x4c c:/nxp/mcuxpressoide_11.9.1_2170/ide/plugins/com.nxp.mcuxpresso.tools.win32_11.9.1.202402080819/tools/bin/../lib/gcc/arm-none-eabi/12.3.1/../../../../arm-none-eabi/lib/thumb/v8-m.main+fp/hard\libcr_nohost_nf.a(_cr_assert.o)
                0x00002e98                __assertion_failed
 .text._Cwritebuf
                0x00002ee4       0x6c c:/nxp/mcuxpressoide_11.9.1_2170/ide/plugins/com.nxp.mcuxpresso.tools.win32_11.9.1.202402080819/tools/bin/../lib/gcc/arm-none-eabi/12.3.1/../../../../arm-none-eabi/lib/thumb/v8-m.main+fp/hard\libcr_c.a(_writebuf.o)
                0x00002ee4                _Cwritebuf
 .text.malloc   0x00002f50       0xe8 c:/nxp/mcuxpressoide_11.9.1_2170/ide/plugins/com.nxp.mcuxpresso.tools.win32_11.9.1.202402080819/tools/bin/../lib/gcc/arm-none-eabi/12.3.1/../../../../arm-none-eabi/lib/thumb/v8-m.main+fp/hard\libcr_c.a(alloc.o)
                0x00002f50                malloc
 .text._Csys_alloc
                0x00003038       0x20 c:/nxp/mcuxpressoide_11.9.1_2170/ide/plugins/com.nxp.mcuxpresso.tools.win32_11.9.1.202402080819/tools/bin/../lib/gcc/arm-none-eabi/12.3.1/../../../../arm-none-eabi/lib/thumb/v8-m.main+fp/hard\libcr_c.a(alloc.o)
                0x00003038                _Csys_alloc
 .text.fseek    0x00003058       0xf8 c:/nxp/mcuxpressoide_11.9.1_2170/ide/plugins/com.nxp.mcuxpresso.tools.win32_11.9.1.202402080819/tools/bin/../lib/gcc/arm-none-eabi/12.3.1/../../../../arm-none-eabi/lib/thumb/v8-m.main+fp/hard\libcr_c.a(fseek.o)
                0x00003058                fseek
 .text.ftell    0x00003150       0x44 c:/nxp/mcuxpressoide_11.9.1_2170/ide/plugins/com.nxp.mcuxpresso.tools.win32_11.9.1.202402080819/tools/bin/../lib/gcc/arm-none-eabi/12.3.1/../../../../arm-none-eabi/lib/thumb/v8-m.main+fp/hard\libcr_c.a(ftell.o)
                0x00003150                ftell
 .text._initio  0x00003194       0x78 c:/nxp/mcuxpressoide_11.9.1_2170/ide/plugins/com.nxp.mcuxpresso.tools.win32_11.9.1.202402080819/tools/bin/../lib/gcc/arm-none-eabi/12.3.1/../../../../arm-none-eabi/lib/thumb/v8-m.main+fp/hard\libcr_c.a(initio.o)
                0x00003194                _initio
 .text._sbrk    0x0000320c       0x3c c:/nxp/mcuxpressoide_11.9.1_2170/ide/plugins/com.nxp.mcuxpresso.tools.win32_11.9.1.202402080819/tools/bin/../lib/gcc/arm-none-eabi/12.3.1/../../../../arm-none-eabi/lib/thumb/v8-m.main+fp/hard\libcr_c.a(_cr_sbrk.o)
                0x0000320c                _sbrk
 .text.fflush   0x00003248       0x3c c:/nxp/mcuxpressoide_11.9.1_2170/ide/plugins/com.nxp.mcuxpresso.tools.win32_11.9.1.202402080819/tools/bin/../lib/gcc/arm-none-eabi/12.3.1/../../../../arm-none-eabi/lib/thumb/v8-m.main+fp/hard\libcr_c.a(fflush.o)
                0x00003248                fflush
 .text.__check_heap_overflow
                0x00003284       0x18 c:/nxp/mcuxpressoide_11.9.1_2170/ide/plugins/com.nxp.mcuxpresso.tools.win32_11.9.1.202402080819/tools/bin/../lib/gcc/arm-none-eabi/12.3.1/../../../../arm-none-eabi/lib/thumb/v8-m.main+fp/hard\libcr_c.a(_cr_check_heap.o)
                0x00003284                __check_heap_overflow
 .text.OR_IRQHandler
                0x0000329c        0x8 ./startup/startup_mcxn236.o
                0x0000329c                OR_IRQHandler
 .text.EDMA_0_CH0_IRQHandler
                0x000032a4        0x8 ./startup/startup_mcxn236.o
                0x000032a4                EDMA_0_CH0_IRQHandler
 .text.EDMA_0_CH1_IRQHandler
                0x000032ac        0x8 ./startup/startup_mcxn236.o
                0x000032ac                EDMA_0_CH1_IRQHandler
 .text.EDMA_0_CH2_IRQHandler
                0x000032b4        0x8 ./startup/startup_mcxn236.o
                0x000032b4                EDMA_0_CH2_IRQHandler
 .text.EDMA_0_CH3_IRQHandler
                0x000032bc        0x8 ./startup/startup_mcxn236.o
                0x000032bc                EDMA_0_CH3_IRQHandler
 .text.EDMA_0_CH4_IRQHandler
                0x000032c4        0x8 ./startup/startup_mcxn236.o
                0x000032c4                EDMA_0_CH4_IRQHandler
 .text.EDMA_0_CH5_IRQHandler
                0x000032cc        0x8 ./startup/startup_mcxn236.o
                0x000032cc                EDMA_0_CH5_IRQHandler
 .text.EDMA_0_CH6_IRQHandler
                0x000032d4        0x8 ./startup/startup_mcxn236.o
                0x000032d4                EDMA_0_CH6_IRQHandler
 .text.EDMA_0_CH7_IRQHandler
                0x000032dc        0x8 ./startup/startup_mcxn236.o
                0x000032dc                EDMA_0_CH7_IRQHandler
 .text.EDMA_0_CH8_IRQHandler
                0x000032e4        0x8 ./startup/startup_mcxn236.o
                0x000032e4                EDMA_0_CH8_IRQHandler
 .text.EDMA_0_CH9_IRQHandler
                0x000032ec        0x8 ./startup/startup_mcxn236.o
                0x000032ec                EDMA_0_CH9_IRQHandler
 .text.EDMA_0_CH10_IRQHandler
                0x000032f4        0x8 ./startup/startup_mcxn236.o
                0x000032f4                EDMA_0_CH10_IRQHandler
 .text.EDMA_0_CH11_IRQHandler
                0x000032fc        0x8 ./startup/startup_mcxn236.o
                0x000032fc                EDMA_0_CH11_IRQHandler
 .text.EDMA_0_CH12_IRQHandler
                0x00003304        0x8 ./startup/startup_mcxn236.o
                0x00003304                EDMA_0_CH12_IRQHandler
 .text.EDMA_0_CH13_IRQHandler
                0x0000330c        0x8 ./startup/startup_mcxn236.o
                0x0000330c                EDMA_0_CH13_IRQHandler
 .text.EDMA_0_CH14_IRQHandler
                0x00003314        0x8 ./startup/startup_mcxn236.o
                0x00003314                EDMA_0_CH14_IRQHandler
 .text.EDMA_0_CH15_IRQHandler
                0x0000331c        0x8 ./startup/startup_mcxn236.o
                0x0000331c                EDMA_0_CH15_IRQHandler
 .text.GPIO00_IRQHandler
                0x00003324        0x8 ./startup/startup_mcxn236.o
                0x00003324                GPIO00_IRQHandler
 .text.GPIO01_IRQHandler
                0x0000332c        0x8 ./startup/startup_mcxn236.o
                0x0000332c                GPIO01_IRQHandler
 .text.GPIO10_IRQHandler
                0x00003334        0x8 ./startup/startup_mcxn236.o
                0x00003334                GPIO10_IRQHandler
 .text.GPIO11_IRQHandler
                0x0000333c        0x8 ./startup/startup_mcxn236.o
                0x0000333c                GPIO11_IRQHandler
 .text.GPIO20_IRQHandler
                0x00003344        0x8 ./startup/startup_mcxn236.o
                0x00003344                GPIO20_IRQHandler
 .text.GPIO21_IRQHandler
                0x0000334c        0x8 ./startup/startup_mcxn236.o
                0x0000334c                GPIO21_IRQHandler
 .text.GPIO30_IRQHandler
                0x00003354        0x8 ./startup/startup_mcxn236.o
                0x00003354                GPIO30_IRQHandler
 .text.GPIO31_IRQHandler
                0x0000335c        0x8 ./startup/startup_mcxn236.o
                0x0000335c                GPIO31_IRQHandler
 .text.GPIO40_IRQHandler
                0x00003364        0x8 ./startup/startup_mcxn236.o
                0x00003364                GPIO40_IRQHandler
 .text.GPIO41_IRQHandler
                0x0000336c        0x8 ./startup/startup_mcxn236.o
                0x0000336c                GPIO41_IRQHandler
 .text.GPIO50_IRQHandler
                0x00003374        0x8 ./startup/startup_mcxn236.o
                0x00003374                GPIO50_IRQHandler
 .text.GPIO51_IRQHandler
                0x0000337c        0x8 ./startup/startup_mcxn236.o
                0x0000337c                GPIO51_IRQHandler
 .text.UTICK0_IRQHandler
                0x00003384        0x8 ./startup/startup_mcxn236.o
                0x00003384                UTICK0_IRQHandler
 .text.MRT0_IRQHandler
                0x0000338c        0x8 ./startup/startup_mcxn236.o
                0x0000338c                MRT0_IRQHandler
 .text.CTIMER0_IRQHandler
                0x00003394        0x8 ./startup/startup_mcxn236.o
                0x00003394                CTIMER0_IRQHandler
 .text.CTIMER1_IRQHandler
                0x0000339c        0x8 ./startup/startup_mcxn236.o
                0x0000339c                CTIMER1_IRQHandler
 .text.Reserved49_IRQHandler
                0x000033a4        0x8 ./startup/startup_mcxn236.o
                0x000033a4                Reserved49_IRQHandler
 .text.CTIMER2_IRQHandler
                0x000033ac        0x8 ./startup/startup_mcxn236.o
                0x000033ac                CTIMER2_IRQHandler
 .text.LP_FLEXCOMM0_IRQHandler
                0x000033b4        0x8 ./startup/startup_mcxn236.o
                0x000033b4                LP_FLEXCOMM0_IRQHandler
 .text.LP_FLEXCOMM1_IRQHandler
                0x000033bc        0x8 ./startup/startup_mcxn236.o
                0x000033bc                LP_FLEXCOMM1_IRQHandler
 .text.LP_FLEXCOMM2_IRQHandler
                0x000033c4        0x8 ./startup/startup_mcxn236.o
                0x000033c4                LP_FLEXCOMM2_IRQHandler
 .text.LP_FLEXCOMM3_IRQHandler
                0x000033cc        0x8 ./startup/startup_mcxn236.o
                0x000033cc                LP_FLEXCOMM3_IRQHandler
 .text.LP_FLEXCOMM4_IRQHandler
                0x000033d4        0x8 ./startup/startup_mcxn236.o
                0x000033d4                LP_FLEXCOMM4_IRQHandler
 .text.LP_FLEXCOMM5_IRQHandler
                0x000033dc        0x8 ./startup/startup_mcxn236.o
                0x000033dc                LP_FLEXCOMM5_IRQHandler
 .text.LP_FLEXCOMM6_IRQHandler
                0x000033e4        0x8 ./startup/startup_mcxn236.o
                0x000033e4                LP_FLEXCOMM6_IRQHandler
 .text.LP_FLEXCOMM7_IRQHandler
                0x000033ec        0x8 ./startup/startup_mcxn236.o
                0x000033ec                LP_FLEXCOMM7_IRQHandler
 .text.Reserved59_IRQHandler
                0x000033f4        0x8 ./startup/startup_mcxn236.o
                0x000033f4                Reserved59_IRQHandler
 .text.Reserved60_IRQHandler
                0x000033fc        0x8 ./startup/startup_mcxn236.o
                0x000033fc                Reserved60_IRQHandler
 .text.ADC0_IRQHandler
                0x00003404        0x8 ./startup/startup_mcxn236.o
                0x00003404                ADC0_IRQHandler
 .text.ADC1_IRQHandler
                0x0000340c        0x8 ./startup/startup_mcxn236.o
                0x0000340c                ADC1_IRQHandler
 .text.PINT0_IRQHandler
                0x00003414        0x8 ./startup/startup_mcxn236.o
                0x00003414                PINT0_IRQHandler
 .text.PDM_EVENT_IRQHandler
                0x0000341c        0x8 ./startup/startup_mcxn236.o
                0x0000341c                PDM_EVENT_IRQHandler
 .text.Reserved65_IRQHandler
                0x00003424        0x8 ./startup/startup_mcxn236.o
                0x00003424                Reserved65_IRQHandler
 .text.Reserved66_IRQHandler
                0x0000342c        0x8 ./startup/startup_mcxn236.o
                0x0000342c                Reserved66_IRQHandler
 .text.USB0_DCD_IRQHandler
                0x00003434        0x8 ./startup/startup_mcxn236.o
                0x00003434                USB0_DCD_IRQHandler
 .text.RTC_IRQHandler
                0x0000343c        0x8 ./startup/startup_mcxn236.o
                0x0000343c                RTC_IRQHandler
 .text.SMARTDMA_IRQHandler
                0x00003444        0x8 ./startup/startup_mcxn236.o
                0x00003444                SMARTDMA_IRQHandler
 .text.Reserved70_IRQHandler
                0x0000344c        0x8 ./startup/startup_mcxn236.o
                0x0000344c                Reserved70_IRQHandler
 .text.CTIMER3_IRQHandler
                0x00003454        0x8 ./startup/startup_mcxn236.o
                0x00003454                CTIMER3_IRQHandler
 .text.CTIMER4_IRQHandler
                0x0000345c        0x8 ./startup/startup_mcxn236.o
                0x0000345c                CTIMER4_IRQHandler
 .text.OS_EVENT_IRQHandler
                0x00003464        0x8 ./startup/startup_mcxn236.o
                0x00003464                OS_EVENT_IRQHandler
 .text.Reserved74_IRQHandler
                0x0000346c        0x8 ./startup/startup_mcxn236.o
                0x0000346c                Reserved74_IRQHandler
 .text.SAI0_IRQHandler
                0x00003474        0x8 ./startup/startup_mcxn236.o
                0x00003474                SAI0_IRQHandler
 .text.SAI1_IRQHandler
                0x0000347c        0x8 ./startup/startup_mcxn236.o
                0x0000347c                SAI1_IRQHandler
 .text.Reserved77_IRQHandler
                0x00003484        0x8 ./startup/startup_mcxn236.o
                0x00003484                Reserved77_IRQHandler
 .text.CAN0_IRQHandler
                0x0000348c        0x8 ./startup/startup_mcxn236.o
                0x0000348c                CAN0_IRQHandler
 .text.CAN1_IRQHandler
                0x00003494        0x8 ./startup/startup_mcxn236.o
                0x00003494                CAN1_IRQHandler
 .text.Reserved80_IRQHandler
                0x0000349c        0x8 ./startup/startup_mcxn236.o
                0x0000349c                Reserved80_IRQHandler
 .text.Reserved81_IRQHandler
                0x000034a4        0x8 ./startup/startup_mcxn236.o
                0x000034a4                Reserved81_IRQHandler
 .text.USB1_HS_PHY_IRQHandler
                0x000034ac        0x8 ./startup/startup_mcxn236.o
                0x000034ac                USB1_HS_PHY_IRQHandler
 .text.USB1_HS_IRQHandler
                0x000034b4        0x8 ./startup/startup_mcxn236.o
                0x000034b4                USB1_HS_IRQHandler
 .text.SEC_HYPERVISOR_CALL_IRQHandler
                0x000034bc        0x8 ./startup/startup_mcxn236.o
                0x000034bc                SEC_HYPERVISOR_CALL_IRQHandler
 .text.Reserved85_IRQHandler
                0x000034c4        0x8 ./startup/startup_mcxn236.o
                0x000034c4                Reserved85_IRQHandler
 .text.Reserved86_IRQHandler
                0x000034cc        0x8 ./startup/startup_mcxn236.o
                0x000034cc                Reserved86_IRQHandler
 .text.Freqme_IRQHandler
                0x000034d4        0x8 ./startup/startup_mcxn236.o
                0x000034d4                Freqme_IRQHandler
 .text.SEC_VIO_IRQHandler
                0x000034dc        0x8 ./startup/startup_mcxn236.o
                0x000034dc                SEC_VIO_IRQHandler
 .text.ELS_IRQHandler
                0x000034e4        0x8 ./startup/startup_mcxn236.o
                0x000034e4                ELS_IRQHandler
 .text.PKC_IRQHandler
                0x000034ec        0x8 ./startup/startup_mcxn236.o
                0x000034ec                PKC_IRQHandler
 .text.PUF_IRQHandler
                0x000034f4        0x8 ./startup/startup_mcxn236.o
                0x000034f4                PUF_IRQHandler
 .text.Reserved92_IRQHandler
                0x000034fc        0x8 ./startup/startup_mcxn236.o
                0x000034fc                Reserved92_IRQHandler
 .text.EDMA_1_CH0_IRQHandler
                0x00003504        0x8 ./startup/startup_mcxn236.o
                0x00003504                EDMA_1_CH0_IRQHandler
 .text.EDMA_1_CH1_IRQHandler
                0x0000350c        0x8 ./startup/startup_mcxn236.o
                0x0000350c                EDMA_1_CH1_IRQHandler
 .text.EDMA_1_CH2_IRQHandler
                0x00003514        0x8 ./startup/startup_mcxn236.o
                0x00003514                EDMA_1_CH2_IRQHandler
 .text.EDMA_1_CH3_IRQHandler
                0x0000351c        0x8 ./startup/startup_mcxn236.o
                0x0000351c                EDMA_1_CH3_IRQHandler
 .text.EDMA_1_CH4_IRQHandler
                0x00003524        0x8 ./startup/startup_mcxn236.o
                0x00003524                EDMA_1_CH4_IRQHandler
 .text.EDMA_1_CH5_IRQHandler
                0x0000352c        0x8 ./startup/startup_mcxn236.o
                0x0000352c                EDMA_1_CH5_IRQHandler
 .text.EDMA_1_CH6_IRQHandler
                0x00003534        0x8 ./startup/startup_mcxn236.o
                0x00003534                EDMA_1_CH6_IRQHandler
 .text.EDMA_1_CH7_IRQHandler
                0x0000353c        0x8 ./startup/startup_mcxn236.o
                0x0000353c                EDMA_1_CH7_IRQHandler
 .text.Reserved101_IRQHandler
                0x00003544        0x8 ./startup/startup_mcxn236.o
                0x00003544                Reserved101_IRQHandler
 .text.Reserved102_IRQHandler
                0x0000354c        0x8 ./startup/startup_mcxn236.o
                0x0000354c                Reserved102_IRQHandler
 .text.Reserved103_IRQHandler
                0x00003554        0x8 ./startup/startup_mcxn236.o
                0x00003554                Reserved103_IRQHandler
 .text.Reserved104_IRQHandler
                0x0000355c        0x8 ./startup/startup_mcxn236.o
                0x0000355c                Reserved104_IRQHandler
 .text.Reserved105_IRQHandler
                0x00003564        0x8 ./startup/startup_mcxn236.o
                0x00003564                Reserved105_IRQHandler
 .text.Reserved106_IRQHandler
                0x0000356c        0x8 ./startup/startup_mcxn236.o
                0x0000356c                Reserved106_IRQHandler
 .text.Reserved107_IRQHandler
                0x00003574        0x8 ./startup/startup_mcxn236.o
                0x00003574                Reserved107_IRQHandler
 .text.Reserved108_IRQHandler
                0x0000357c        0x8 ./startup/startup_mcxn236.o
                0x0000357c                Reserved108_IRQHandler
 .text.CDOG0_IRQHandler
                0x00003584        0x8 ./startup/startup_mcxn236.o
                0x00003584                CDOG0_IRQHandler
 .text.CDOG1_IRQHandler
                0x0000358c        0x8 ./startup/startup_mcxn236.o
                0x0000358c                CDOG1_IRQHandler
 .text.I3C0_IRQHandler
                0x00003594        0x8 ./startup/startup_mcxn236.o
                0x00003594                I3C0_IRQHandler
 .text.I3C1_IRQHandler
                0x0000359c        0x8 ./startup/startup_mcxn236.o
                0x0000359c                I3C1_IRQHandler
 .text.Reserved113_IRQHandler
                0x000035a4        0x8 ./startup/startup_mcxn236.o
                0x000035a4                Reserved113_IRQHandler
 .text.GDET_IRQHandler
                0x000035ac        0x8 ./startup/startup_mcxn236.o
                0x000035ac                GDET_IRQHandler
 .text.VBAT0_IRQHandler
                0x000035b4        0x8 ./startup/startup_mcxn236.o
                0x000035b4                VBAT0_IRQHandler
 .text.EWM0_IRQHandler
                0x000035bc        0x8 ./startup/startup_mcxn236.o
                0x000035bc                EWM0_IRQHandler
 .text.Reserved117_IRQHandler
                0x000035c4        0x8 ./startup/startup_mcxn236.o
                0x000035c4                Reserved117_IRQHandler
 .text.Reserved118_IRQHandler
                0x000035cc        0x8 ./startup/startup_mcxn236.o
                0x000035cc                Reserved118_IRQHandler
 .text.Reserved119_IRQHandler
                0x000035d4        0x8 ./startup/startup_mcxn236.o
                0x000035d4                Reserved119_IRQHandler
 .text.Reserved120_IRQHandler
                0x000035dc        0x8 ./startup/startup_mcxn236.o
                0x000035dc                Reserved120_IRQHandler
 .text.FLEXIO_IRQHandler
                0x000035e4        0x8 ./startup/startup_mcxn236.o
                0x000035e4                FLEXIO_IRQHandler
 .text.Reserved122_IRQHandler
                0x000035ec        0x8 ./startup/startup_mcxn236.o
                0x000035ec                Reserved122_IRQHandler
 .text.Reserved123_IRQHandler
                0x000035f4        0x8 ./startup/startup_mcxn236.o
                0x000035f4                Reserved123_IRQHandler
 .text.Reserved124_IRQHandler
                0x000035fc        0x8 ./startup/startup_mcxn236.o
                0x000035fc                Reserved124_IRQHandler
 .text.HSCMP0_IRQHandler
                0x00003604        0x8 ./startup/startup_mcxn236.o
                0x00003604                HSCMP0_IRQHandler
 .text.HSCMP1_IRQHandler
                0x0000360c        0x8 ./startup/startup_mcxn236.o
                0x0000360c                HSCMP1_IRQHandler
 .text.Reserved127_IRQHandler
                0x00003614        0x8 ./startup/startup_mcxn236.o
                0x00003614                Reserved127_IRQHandler
 .text.FLEXPWM0_RELOAD_ERROR_IRQHandler
                0x0000361c        0x8 ./startup/startup_mcxn236.o
                0x0000361c                FLEXPWM0_RELOAD_ERROR_IRQHandler
 .text.FLEXPWM0_FAULT_IRQHandler
                0x00003624        0x8 ./startup/startup_mcxn236.o
                0x00003624                FLEXPWM0_FAULT_IRQHandler
 .text.FLEXPWM0_SUBMODULE0_IRQHandler
                0x0000362c        0x8 ./startup/startup_mcxn236.o
                0x0000362c                FLEXPWM0_SUBMODULE0_IRQHandler
 .text.FLEXPWM0_SUBMODULE1_IRQHandler
                0x00003634        0x8 ./startup/startup_mcxn236.o
                0x00003634                FLEXPWM0_SUBMODULE1_IRQHandler
 .text.FLEXPWM0_SUBMODULE2_IRQHandler
                0x0000363c        0x8 ./startup/startup_mcxn236.o
                0x0000363c                FLEXPWM0_SUBMODULE2_IRQHandler
 .text.FLEXPWM0_SUBMODULE3_IRQHandler
                0x00003644        0x8 ./startup/startup_mcxn236.o
                0x00003644                FLEXPWM0_SUBMODULE3_IRQHandler
 .text.FLEXPWM1_RELOAD_ERROR_IRQHandler
                0x0000364c        0x8 ./startup/startup_mcxn236.o
                0x0000364c                FLEXPWM1_RELOAD_ERROR_IRQHandler
 .text.FLEXPWM1_FAULT_IRQHandler
                0x00003654        0x8 ./startup/startup_mcxn236.o
                0x00003654                FLEXPWM1_FAULT_IRQHandler
 .text.FLEXPWM1_SUBMODULE0_IRQHandler
                0x0000365c        0x8 ./startup/startup_mcxn236.o
                0x0000365c                FLEXPWM1_SUBMODULE0_IRQHandler
 .text.FLEXPWM1_SUBMODULE1_IRQHandler
                0x00003664        0x8 ./startup/startup_mcxn236.o
                0x00003664                FLEXPWM1_SUBMODULE1_IRQHandler
 .text.FLEXPWM1_SUBMODULE2_IRQHandler
                0x0000366c        0x8 ./startup/startup_mcxn236.o
                0x0000366c                FLEXPWM1_SUBMODULE2_IRQHandler
 .text.FLEXPWM1_SUBMODULE3_IRQHandler
                0x00003674        0x8 ./startup/startup_mcxn236.o
                0x00003674                FLEXPWM1_SUBMODULE3_IRQHandler
 .text.QDC0_COMPARE_IRQHandler
                0x0000367c        0x8 ./startup/startup_mcxn236.o
                0x0000367c                QDC0_COMPARE_IRQHandler
 .text.QDC0_HOME_IRQHandler
                0x00003684        0x8 ./startup/startup_mcxn236.o
                0x00003684                QDC0_HOME_IRQHandler
 .text.QDC0_WDG_SAB_IRQHandler
                0x0000368c        0x8 ./startup/startup_mcxn236.o
                0x0000368c                QDC0_WDG_SAB_IRQHandler
 .text.QDC0_IDX_IRQHandler
                0x00003694        0x8 ./startup/startup_mcxn236.o
                0x00003694                QDC0_IDX_IRQHandler
 .text.QDC1_COMPARE_IRQHandler
                0x0000369c        0x8 ./startup/startup_mcxn236.o
                0x0000369c                QDC1_COMPARE_IRQHandler
 .text.QDC1_HOME_IRQHandler
                0x000036a4        0x8 ./startup/startup_mcxn236.o
                0x000036a4                QDC1_HOME_IRQHandler
 .text.QDC1_WDG_SAB_IRQHandler
                0x000036ac        0x8 ./startup/startup_mcxn236.o
                0x000036ac                QDC1_WDG_SAB_IRQHandler
 .text.QDC1_IDX_IRQHandler
                0x000036b4        0x8 ./startup/startup_mcxn236.o
                0x000036b4                QDC1_IDX_IRQHandler
 .text.ITRC0_IRQHandler
                0x000036bc        0x8 ./startup/startup_mcxn236.o
                0x000036bc                ITRC0_IRQHandler
 .text.Reserved149_IRQHandler
                0x000036c4        0x8 ./startup/startup_mcxn236.o
                0x000036c4                Reserved149_IRQHandler
 .text.ELS_ERR_IRQHandler
                0x000036cc        0x8 ./startup/startup_mcxn236.o
                0x000036cc                ELS_ERR_IRQHandler
 .text.PKC_ERR_IRQHandler
                0x000036d4        0x8 ./startup/startup_mcxn236.o
                0x000036d4                PKC_ERR_IRQHandler
 .text.ERM_SINGLE_BIT_ERROR_IRQHandler
                0x000036dc        0x8 ./startup/startup_mcxn236.o
                0x000036dc                ERM_SINGLE_BIT_ERROR_IRQHandler
 .text.ERM_MULTI_BIT_ERROR_IRQHandler
                0x000036e4        0x8 ./startup/startup_mcxn236.o
                0x000036e4                ERM_MULTI_BIT_ERROR_IRQHandler
 .text.FMU0_IRQHandler
                0x000036ec        0x8 ./startup/startup_mcxn236.o
                0x000036ec                FMU0_IRQHandler
 .text.Reserved155_IRQHandler
                0x000036f4        0x8 ./startup/startup_mcxn236.o
                0x000036f4                Reserved155_IRQHandler
 .text.Reserved156_IRQHandler
                0x000036fc        0x8 ./startup/startup_mcxn236.o
                0x000036fc                Reserved156_IRQHandler
 .text.Reserved157_IRQHandler
                0x00003704        0x8 ./startup/startup_mcxn236.o
                0x00003704                Reserved157_IRQHandler
 .text.Reserved158_IRQHandler
                0x0000370c        0x8 ./startup/startup_mcxn236.o
                0x0000370c                Reserved158_IRQHandler
 .text.LPTMR0_IRQHandler
                0x00003714        0x8 ./startup/startup_mcxn236.o
                0x00003714                LPTMR0_IRQHandler
 .text.LPTMR1_IRQHandler
                0x0000371c        0x8 ./startup/startup_mcxn236.o
                0x0000371c                LPTMR1_IRQHandler
 .text.SCG_IRQHandler
                0x00003724        0x8 ./startup/startup_mcxn236.o
                0x00003724                SCG_IRQHandler
 .text.SPC_IRQHandler
                0x0000372c        0x8 ./startup/startup_mcxn236.o
                0x0000372c                SPC_IRQHandler
 .text.WUU_IRQHandler
                0x00003734        0x8 ./startup/startup_mcxn236.o
                0x00003734                WUU_IRQHandler
 .text.PORT_EFT_IRQHandler
                0x0000373c        0x8 ./startup/startup_mcxn236.o
                0x0000373c                PORT_EFT_IRQHandler
 .text.Reserved165_IRQHandler
                0x00003744        0x8 ./startup/startup_mcxn236.o
                0x00003744                Reserved165_IRQHandler
 .text.Reserved166_IRQHandler
                0x0000374c        0x8 ./startup/startup_mcxn236.o
                0x0000374c                Reserved166_IRQHandler
 .text.Reserved167_IRQHandler
                0x00003754        0x8 ./startup/startup_mcxn236.o
                0x00003754                Reserved167_IRQHandler
 .text.WWDT0_IRQHandler
                0x0000375c        0x8 ./startup/startup_mcxn236.o
                0x0000375c                WWDT0_IRQHandler
 .text.WWDT1_IRQHandler
                0x00003764        0x8 ./startup/startup_mcxn236.o
                0x00003764                WWDT1_IRQHandler
 .text.CMC0_IRQHandler
                0x0000376c        0x8 ./startup/startup_mcxn236.o
                0x0000376c                CMC0_IRQHandler
 .text.main     0x00003774       0x10 ./source/MCXN236_Project.o
                0x00003774                main
 .text.board_init
                0x00003784       0x18 ./source/MCXN236_Project.o
                0x00003784                board_init
 .text.HardFault_Handler
                0x0000379c       0x36 ./source/semihost_hardfault.o
                0x0000379c                HardFault_Handler
 .text.vPortSVCHandler_C
                0x000037d2       0x32 ./freertos/freertos-kernel/portable/GCC/ARM_CM33_NTZ/non_secure/port.o
                0x000037d2                vPortSVCHandler_C
 .text.ulSetInterruptMask
                0x00003804       0x1a ./freertos/freertos-kernel/portable/GCC/ARM_CM33_NTZ/non_secure/portasm.o
                0x00003804                ulSetInterruptMask
 .text.vClearInterruptMask
                0x0000381e       0x10 ./freertos/freertos-kernel/portable/GCC/ARM_CM33_NTZ/non_secure/portasm.o
                0x0000381e                vClearInterruptMask
 .text.vListInitialise
                0x0000382e       0x40 ./freertos/freertos-kernel/list.o
                0x0000382e                vListInitialise
 .text.vListInitialiseItem
                0x0000386e       0x1a ./freertos/freertos-kernel/list.o
                0x0000386e                vListInitialiseItem
 .text.vListInsert
                0x00003888       0x72 ./freertos/freertos-kernel/list.o
                0x00003888                vListInsert
 .text.uxListRemove
                0x000038fa       0x54 ./freertos/freertos-kernel/list.o
                0x000038fa                uxListRemove
 .text.xQueueGenericReset
                0x0000394e       0xf2 ./freertos/freertos-kernel/queue.o
                0x0000394e                xQueueGenericReset
 .text.xQueueGenericCreate
                0x00003a40       0x8e ./freertos/freertos-kernel/queue.o
                0x00003a40                xQueueGenericCreate
 .text.prvInitialiseNewQueue
                0x00003ace       0x46 ./freertos/freertos-kernel/queue.o
 .text.xQueueReceive
                0x00003b14      0x178 ./freertos/freertos-kernel/queue.o
                0x00003b14                xQueueReceive
 .text.prvCopyDataFromQueue
                0x00003c8c       0x4c ./freertos/freertos-kernel/queue.o
 .text.prvUnlockQueue
                0x00003cd8       0xa4 ./freertos/freertos-kernel/queue.o
 .text.prvIsQueueEmpty
                0x00003d7c       0x2c ./freertos/freertos-kernel/queue.o
 .text.vQueueWaitForMessageRestricted
                0x00003da8       0x68 ./freertos/freertos-kernel/queue.o
                0x00003da8                vQueueWaitForMessageRestricted
 .text.xTaskCreate
                0x00003e10       0x8c ./freertos/freertos-kernel/tasks.o
                0x00003e10                xTaskCreate
 .text.prvInitialiseNewTask
                0x00003e9c      0x104 ./freertos/freertos-kernel/tasks.o
 .text.prvDeleteTCB
                0x00003fa0       0x20 ./freertos/freertos-kernel/tasks.o
 .text.prvReloadTimer
                0x00003fc0       0x42 ./freertos/freertos-kernel/timers.o
 .text.prvTimerTask
                0x00004002       0x26 ./freertos/freertos-kernel/timers.o
 .text.CLOCK_GetPll0OutFreq
                0x00004028       0x82 ./drivers/fsl_clock.o
                0x00004028                CLOCK_GetPll0OutFreq
 .text.CLOCK_EnableClock
                0x000040aa       0x94 ./drivers/fsl_lpflexcomm.o
 .text.LP_FLEXCOMM_PeripheralIsPresent
                0x0000413e       0x52 ./drivers/fsl_lpflexcomm.o
 .text.LP_FLEXCOMM0_DriverIRQHandler
                0x00004190        0xe ./drivers/fsl_lpflexcomm.o
                0x00004190                LP_FLEXCOMM0_DriverIRQHandler
 .text.LP_FLEXCOMM1_DriverIRQHandler
                0x0000419e        0xe ./drivers/fsl_lpflexcomm.o
                0x0000419e                LP_FLEXCOMM1_DriverIRQHandler
 .text.LP_FLEXCOMM2_DriverIRQHandler
                0x000041ac        0xe ./drivers/fsl_lpflexcomm.o
                0x000041ac                LP_FLEXCOMM2_DriverIRQHandler
 .text.LP_FLEXCOMM3_DriverIRQHandler
                0x000041ba        0xe ./drivers/fsl_lpflexcomm.o
                0x000041ba                LP_FLEXCOMM3_DriverIRQHandler
 .text.LP_FLEXCOMM4_DriverIRQHandler
                0x000041c8        0xe ./drivers/fsl_lpflexcomm.o
                0x000041c8                LP_FLEXCOMM4_DriverIRQHandler
 .text.LP_FLEXCOMM5_DriverIRQHandler
                0x000041d6        0xe ./drivers/fsl_lpflexcomm.o
                0x000041d6                LP_FLEXCOMM5_DriverIRQHandler
 .text.LP_FLEXCOMM6_DriverIRQHandler
                0x000041e4        0xe ./drivers/fsl_lpflexcomm.o
                0x000041e4                LP_FLEXCOMM6_DriverIRQHandler
 .text.LP_FLEXCOMM7_DriverIRQHandler
                0x000041f2        0xe ./drivers/fsl_lpflexcomm.o
                0x000041f2                LP_FLEXCOMM7_DriverIRQHandler
 .text.LPUART_SoftwareReset
                0x00004200       0x2c ./drivers/fsl_lpuart.o
 .text.SPC_GetActiveModeBandgapMode
                0x0000422c       0x22 ./drivers/fsl_spc.o
 .text.SPC_GetActiveModeVoltageDetectStatus
                0x0000424e       0x22 ./drivers/fsl_spc.o
 .text.SPC_GetActiveModeCoreLDOVDDVoltageLevel
                0x00004270       0x22 ./drivers/fsl_spc.o
 .text.SPC_GetActiveModeCoreLDODriveStrength
                0x00004292       0x22 ./drivers/fsl_spc.o
 .text.SPC_SetActiveModeDCDCRegulatorVoltageLevel
                0x000042b4       0x32 ./drivers/fsl_spc.o
 .text.SPC_SetActiveModeCoreLDORegulatorVoltageLevel
                0x000042e6       0x34 ./drivers/fsl_spc.o
                0x000042e6                SPC_SetActiveModeCoreLDORegulatorVoltageLevel
 .text.SPC_SetActiveModeCoreLDORegulatorDriveStrength
                0x0000431a       0x5e ./drivers/fsl_spc.o
                0x0000431a                SPC_SetActiveModeCoreLDORegulatorDriveStrength
 .text.SPC_SetActiveModeDCDCRegulatorDriveStrength
                0x00004378       0x60 ./drivers/fsl_spc.o
                0x00004378                SPC_SetActiveModeDCDCRegulatorDriveStrength
 .text.SystemInitHook
                0x000043d8        0xe ./device/system_MCXN236.o
                0x000043d8                SystemInitHook
 .text.HAL_UartGetStatus
                0x000043e6       0x28 ./component/uart/fsl_adapter_lpuart.o
 .text.DisableGlobalIRQ
                0x0000440e       0x22 ./component/serial_manager/fsl_component_serial_manager.o
 .text.EnableGlobalIRQ
                0x00004430       0x20 ./component/serial_manager/fsl_component_serial_manager.o
 .text.SerialManager_Init
                0x00004450       0x60 ./component/serial_manager/fsl_component_serial_manager.o
                0x00004450                SerialManager_Init
 .text.SerialManager_OpenWriteHandle
                0x000044b0       0x50 ./component/serial_manager/fsl_component_serial_manager.o
                0x000044b0                SerialManager_OpenWriteHandle
 .text.SerialManager_OpenReadHandle
                0x00004500       0x60 ./component/serial_manager/fsl_component_serial_manager.o
                0x00004500                SerialManager_OpenReadHandle
 .text.Serial_UartInit
                0x00004560       0x3e ./component/serial_manager/fsl_component_serial_port_uart.o
                0x00004560                Serial_UartInit
 .text.CLOCK_EnableClock
                0x0000459e       0x94 ./board/clock_config.o
 .text.BOARD_InitBootClocks
                0x00004632        0xc ./board/clock_config.o
                0x00004632                BOARD_InitBootClocks
 .text.BOARD_InitPeripherals
                0x0000463e        0xe ./board/peripherals.o
                0x0000463e                BOARD_InitPeripherals
 .text.BOARD_InitBootPeripherals
                0x0000464c        0xc ./board/peripherals.o
                0x0000464c                BOARD_InitBootPeripherals
 .text.CLOCK_EnableClock
                0x00004658       0x94 ./board/pin_mux.o
 .text.BOARD_InitBootPins
                0x000046ec        0xc ./board/pin_mux.o
                0x000046ec                BOARD_InitBootPins
 .text.__main   0x000046f8        0xe c:/nxp/mcuxpressoide_11.9.1_2170/ide/plugins/com.nxp.mcuxpresso.tools.win32_11.9.1.202402080819/tools/bin/../lib/gcc/arm-none-eabi/12.3.1/../../../../arm-none-eabi/lib/thumb/v8-m.main+fp/hard\libcr_nohost_nf.a(_cr__main.o)
                0x000046f8                __main
 .text.__sys_appexit
                0x00004706        0x2 c:/nxp/mcuxpressoide_11.9.1_2170/ide/plugins/com.nxp.mcuxpresso.tools.win32_11.9.1.202402080819/tools/bin/../lib/gcc/arm-none-eabi/12.3.1/../../../../arm-none-eabi/lib/thumb/v8-m.main+fp/hard\libcr_nohost_nf.a(__sys_appexit.o)
                0x00004706                __sys_appexit
                0x00004706                __exit
 .text.memcpy   0x00004708        0x4 c:/nxp/mcuxpressoide_11.9.1_2170/ide/plugins/com.nxp.mcuxpresso.tools.win32_11.9.1.202402080819/tools/bin/../lib/gcc/arm-none-eabi/12.3.1/../../../../arm-none-eabi/lib/thumb/v8-m.main+fp/hard\libcr_c.a(memcpy.o)
                0x00004708                memcpy
 .text.memset   0x0000470c        0x4 c:/nxp/mcuxpressoide_11.9.1_2170/ide/plugins/com.nxp.mcuxpresso.tools.win32_11.9.1.202402080819/tools/bin/../lib/gcc/arm-none-eabi/12.3.1/../../../../arm-none-eabi/lib/thumb/v8-m.main+fp/hard\libcr_c.a(memset.o)
                0x0000470c                memset
 .text._deferredlazyseek
                0x00004710       0x40 c:/nxp/mcuxpressoide_11.9.1_2170/ide/plugins/com.nxp.mcuxpresso.tools.win32_11.9.1.202402080819/tools/bin/../lib/gcc/arm-none-eabi/12.3.1/../../../../arm-none-eabi/lib/thumb/v8-m.main+fp/hard\libcr_c.a(_deferredlazyseek.o)
                0x00004710                _deferredlazyseek
 .text.__flsbuf
                0x00004750      0x140 c:/nxp/mcuxpressoide_11.9.1_2170/ide/plugins/com.nxp.mcuxpresso.tools.win32_11.9.1.202402080819/tools/bin/../lib/gcc/arm-none-eabi/12.3.1/../../../../arm-none-eabi/lib/thumb/v8-m.main+fp/hard\libcr_c.a(_deferredlazyseek.o)
                0x00004750                __flsbuf
 .text._fflush  0x00004890       0x52 c:/nxp/mcuxpressoide_11.9.1_2170/ide/plugins/com.nxp.mcuxpresso.tools.win32_11.9.1.202402080819/tools/bin/../lib/gcc/arm-none-eabi/12.3.1/../../../../arm-none-eabi/lib/thumb/v8-m.main+fp/hard\libcr_c.a(_fflush.o)
                0x00004890                _fflush
 .text.free     0x000048e2       0x30 c:/nxp/mcuxpressoide_11.9.1_2170/ide/plugins/com.nxp.mcuxpresso.tools.win32_11.9.1.202402080819/tools/bin/../lib/gcc/arm-none-eabi/12.3.1/../../../../arm-none-eabi/lib/thumb/v8-m.main+fp/hard\libcr_c.a(alloc.o)
                0x000048e2                free
 .text.fputs    0x00004912       0x2c c:/nxp/mcuxpressoide_11.9.1_2170/ide/plugins/com.nxp.mcuxpresso.tools.win32_11.9.1.202402080819/tools/bin/../lib/gcc/arm-none-eabi/12.3.1/../../../../arm-none-eabi/lib/thumb/v8-m.main+fp/hard\libcr_c.a(fputs.o)
                0x00004912                fputs
 .text.setvbuf  0x0000493e       0x3e c:/nxp/mcuxpressoide_11.9.1_2170/ide/plugins/com.nxp.mcuxpresso.tools.win32_11.9.1.202402080819/tools/bin/../lib/gcc/arm-none-eabi/12.3.1/../../../../arm-none-eabi/lib/thumb/v8-m.main+fp/hard\libcr_c.a(setvbuf.o)
                0x0000493e                setvbuf
 .text.strlen   0x0000497c       0x4e c:/nxp/mcuxpressoide_11.9.1_2170/ide/plugins/com.nxp.mcuxpresso.tools.win32_11.9.1.202402080819/tools/bin/../lib/gcc/arm-none-eabi/12.3.1/../../../../arm-none-eabi/lib/thumb/v8-m.main+fp/hard\libcr_c.a(strlen.o)
                0x0000497c                strlen
 .text._fdopen  0x000049ca       0x68 c:/nxp/mcuxpressoide_11.9.1_2170/ide/plugins/com.nxp.mcuxpresso.tools.win32_11.9.1.202402080819/tools/bin/../lib/gcc/arm-none-eabi/12.3.1/../../../../arm-none-eabi/lib/thumb/v8-m.main+fp/hard\libcr_c.a(_fdopen.o)
                0x000049ca                _fdopen
 .text.fclose   0x00004a32       0x58 c:/nxp/mcuxpressoide_11.9.1_2170/ide/plugins/com.nxp.mcuxpresso.tools.win32_11.9.1.202402080819/tools/bin/../lib/gcc/arm-none-eabi/12.3.1/../../../../arm-none-eabi/lib/thumb/v8-m.main+fp/hard\libcr_c.a(fclose.o)
                0x00004a32                fclose
 .text.remove   0x00004a8a       0x14 c:/nxp/mcuxpressoide_11.9.1_2170/ide/plugins/com.nxp.mcuxpresso.tools.win32_11.9.1.202402080819/tools/bin/../lib/gcc/arm-none-eabi/12.3.1/../../../../arm-none-eabi/lib/thumb/v8-m.main+fp/hard\libcr_c.a(remove.o)
                0x00004a8a                remove
 .text._do_fflush
                0x00004a9e       0x40 c:/nxp/mcuxpressoide_11.9.1_2170/ide/plugins/com.nxp.mcuxpresso.tools.win32_11.9.1.202402080819/tools/bin/../lib/gcc/arm-none-eabi/12.3.1/../../../../arm-none-eabi/lib/thumb/v8-m.main+fp/hard\libcr_c.a(_do_fflush.o)
                0x00004a9e                _do_fflush
 .text.__aeabi_f2ulz
                0x00004ade       0x3e c:/nxp/mcuxpressoide_11.9.1_2170/ide/plugins/com.nxp.mcuxpresso.tools.win32_11.9.1.202402080819/tools/bin/../lib/gcc/arm-none-eabi/12.3.1/thumb/v8-m.main+fp/hard\libcr_eabihelpers.a(float.o)
                0x00004ade                __aeabi_f2ulz
 .text.__aeabi_memcpy
                0x00004b1c       0x34 c:/nxp/mcuxpressoide_11.9.1_2170/ide/plugins/com.nxp.mcuxpresso.tools.win32_11.9.1.202402080819/tools/bin/../lib/gcc/arm-none-eabi/12.3.1/thumb/v8-m.main+fp/hard\libcr_eabihelpers.a(memcpy.o)
                0x00004b1c                __aeabi_memcpy
                0x00004b26                __aeabi_memcpy8
                0x00004b26                __aeabi_memcpy4
 .text.__aeabi_memset_lowlevel
                0x00004b50       0x32 c:/nxp/mcuxpressoide_11.9.1_2170/ide/plugins/com.nxp.mcuxpresso.tools.win32_11.9.1.202402080819/tools/bin/../lib/gcc/arm-none-eabi/12.3.1/thumb/v8-m.main+fp/hard\libcr_eabihelpers.a(memcpy.o)
                0x00004b50                __aeabi_lowlevel_memset
 .text.__sys_close
                0x00004b82        0x6 c:/nxp/mcuxpressoide_11.9.1_2170/ide/plugins/com.nxp.mcuxpresso.tools.win32_11.9.1.202402080819/tools/bin/../lib/gcc/arm-none-eabi/12.3.1/../../../../arm-none-eabi/lib/thumb/v8-m.main+fp/hard\libcr_nohost_nf.a(__sys_close.o)
                0x00004b82                __sys_close
 .text.__sys_flen
                0x00004b88        0x6 c:/nxp/mcuxpressoide_11.9.1_2170/ide/plugins/com.nxp.mcuxpresso.tools.win32_11.9.1.202402080819/tools/bin/../lib/gcc/arm-none-eabi/12.3.1/../../../../arm-none-eabi/lib/thumb/v8-m.main+fp/hard\libcr_nohost_nf.a(__sys_flen.o)
                0x00004b88                __sys_flen
 .text.__sys_istty
                0x00004b8e        0x6 c:/nxp/mcuxpressoide_11.9.1_2170/ide/plugins/com.nxp.mcuxpresso.tools.win32_11.9.1.202402080819/tools/bin/../lib/gcc/arm-none-eabi/12.3.1/../../../../arm-none-eabi/lib/thumb/v8-m.main+fp/hard\libcr_nohost_nf.a(__sys_istty.o)
                0x00004b8e                __sys_istty
 .text.__sys_remove
                0x00004b94        0x6 c:/nxp/mcuxpressoide_11.9.1_2170/ide/plugins/com.nxp.mcuxpresso.tools.win32_11.9.1.202402080819/tools/bin/../lib/gcc/arm-none-eabi/12.3.1/../../../../arm-none-eabi/lib/thumb/v8-m.main+fp/hard\libcr_nohost_nf.a(__sys_remove.o)
                0x00004b94                __sys_remove
 .text.__sys_seek
                0x00004b9a        0x6 c:/nxp/mcuxpressoide_11.9.1_2170/ide/plugins/com.nxp.mcuxpresso.tools.win32_11.9.1.202402080819/tools/bin/../lib/gcc/arm-none-eabi/12.3.1/../../../../arm-none-eabi/lib/thumb/v8-m.main+fp/hard\libcr_nohost_nf.a(__sys_seek.o)
                0x00004b9a                __sys_seek
 .text.__sys_tmpnam
                0x00004ba0        0x6 c:/nxp/mcuxpressoide_11.9.1_2170/ide/plugins/com.nxp.mcuxpresso.tools.win32_11.9.1.202402080819/tools/bin/../lib/gcc/arm-none-eabi/12.3.1/../../../../arm-none-eabi/lib/thumb/v8-m.main+fp/hard\libcr_nohost_nf.a(__sys_tmpnam.o)
                0x00004ba0                __sys_tmpnam
 .text.__sys_write
                0x00004ba6        0x4 c:/nxp/mcuxpressoide_11.9.1_2170/ide/plugins/com.nxp.mcuxpresso.tools.win32_11.9.1.202402080819/tools/bin/../lib/gcc/arm-none-eabi/12.3.1/../../../../arm-none-eabi/lib/thumb/v8-m.main+fp/hard\libcr_nohost_nf.a(__sys_write.o)
                0x00004ba6                __sys_write
 *freertos*/tasks.o(SORT_BY_ALIGNMENT(.rodata*))
 *fill*         0x00004baa        0x2 ff
 .rodata.vTaskStartScheduler.str1.4
                0x00004bac        0x5 ./freertos/freertos-kernel/tasks.o
 *(SORT_BY_ALIGNMENT(.rodata) SORT_BY_ALIGNMENT(.rodata.*) SORT_BY_ALIGNMENT(.constdata) SORT_BY_ALIGNMENT(.constdata.*))
 *fill*         0x00004bb1        0x3 ff
 .rodata.xTimerCreateTimerTask.str1.4
                0x00004bb4        0x8 ./freertos/freertos-kernel/timers.o
 .rodata.prvCheckForValidListAndQueue.str1.4
                0x00004bbc        0x5 ./freertos/freertos-kernel/timers.o
 *fill*         0x00004bc1        0x3 ff
 .rodata.s_lpflexcommBase
                0x00004bc4       0x20 ./drivers/fsl_lpflexcomm.o
 .rodata.s_lpflexcommClocks
                0x00004be4       0x10 ./drivers/fsl_lpflexcomm.o
 .rodata.s_lpflexcommResets
                0x00004bf4       0x20 ./drivers/fsl_lpflexcomm.o
 .rodata.LP_FLEXCOMM_SetPeriph.str1.4
                0x00004c14       0x43 ./drivers/fsl_lpflexcomm.o
 *fill*         0x00004c57        0x1 ff
 .rodata.LP_FLEXCOMM_Init.str1.4
                0x00004c58       0x49 ./drivers/fsl_lpflexcomm.o
 *fill*         0x00004ca1        0x3 ff
 .rodata.s_lpuartBases
                0x00004ca4       0x20 ./drivers/fsl_lpuart.o
 .rodata.LPUART_GetInstance.str1.4
                0x00004cc4       0x38 ./drivers/fsl_lpuart.o
 .rodata.LPUART_Init.str1.4
                0x00004cfc      0x10a ./drivers/fsl_lpuart.o
 *fill*         0x00004e06        0x2 ff
 .rodata.LPUART_GetDefaultConfig.str1.4
                0x00004e08       0x22 ./drivers/fsl_lpuart.o
 *fill*         0x00004e2a        0x2 ff
 .rodata.RESET_ClearPeripheralReset.str1.4
                0x00004e2c       0x1e ./drivers/fsl_reset.o
 *fill*         0x00004e4a        0x2 ff
 .rodata.SPC_SetSRAMOperateVoltage.str1.4
                0x00004e4c       0x1f ./drivers/fsl_spc.o
 *fill*         0x00004e6b        0x1 ff
 .rodata.SPC_SetActiveModeCoreLDORegulatorConfig.str1.4
                0x00004e6c       0x1f ./drivers/fsl_spc.o
 *fill*         0x00004e8b        0x1 ff
 .rodata.SPC_SetActiveModeDCDCRegulatorConfig.str1.4
                0x00004e8c       0x20 ./drivers/fsl_spc.o
 .rodata.s_LpuartAdapterBase
                0x00004eac       0x20 ./component/uart/fsl_adapter_lpuart.o
 .rodata.HAL_UartInit.str1.4
                0x00004ecc      0x116 ./component/uart/fsl_adapter_lpuart.o
 *fill*         0x00004fe2        0x2 ff
 .rodata        0x00004fe4       0x22 ./board/clock_config.o
 *fill*         0x00005006        0x2 ff
 .rodata.PORT_SetPinConfig.str1.4
                0x00005008       0x6d ./board/pin_mux.o
 *fill*         0x00005075        0x3 ff
 .rodata.__num_Ciob_streams
                0x00005078        0x4 c:/nxp/mcuxpressoide_11.9.1_2170/ide/plugins/com.nxp.mcuxpresso.tools.win32_11.9.1.202402080819/tools/bin/../lib/gcc/arm-none-eabi/12.3.1/../../../../arm-none-eabi/lib/thumb/v8-m.main+fp/hard\libcr_nohost_nf.a(__ciob.o)
                0x00005078                __num_Ciob_streams
 .rodata.__assertion_failed.str1.1
                0x0000507c       0x15 c:/nxp/mcuxpressoide_11.9.1_2170/ide/plugins/com.nxp.mcuxpresso.tools.win32_11.9.1.202402080819/tools/bin/../lib/gcc/arm-none-eabi/12.3.1/../../../../arm-none-eabi/lib/thumb/v8-m.main+fp/hard\libcr_nohost_nf.a(_cr_assert.o)
 .rodata._Csys_alloc.str1.1
                0x00005091       0x18 c:/nxp/mcuxpressoide_11.9.1_2170/ide/plugins/com.nxp.mcuxpresso.tools.win32_11.9.1.202402080819/tools/bin/../lib/gcc/arm-none-eabi/12.3.1/../../../../arm-none-eabi/lib/thumb/v8-m.main+fp/hard\libcr_c.a(alloc.o)
 .rodata._initio.str1.1
                0x000050a9        0x4 c:/nxp/mcuxpressoide_11.9.1_2170/ide/plugins/com.nxp.mcuxpresso.tools.win32_11.9.1.202402080819/tools/bin/../lib/gcc/arm-none-eabi/12.3.1/../../../../arm-none-eabi/lib/thumb/v8-m.main+fp/hard\libcr_c.a(initio.o)
                0x000050b0                        . = ALIGN (0x4)
 *fill*         0x000050ad        0x3 ff

.glue_7         0x000050b0        0x0
 .glue_7        0x000050b0        0x0 linker stubs

.glue_7t        0x000050b0        0x0
 .glue_7t       0x000050b0        0x0 linker stubs

.vfp11_veneer   0x000050b0        0x0
 .vfp11_veneer  0x000050b0        0x0 linker stubs

.v4_bx          0x000050b0        0x0
 .v4_bx         0x000050b0        0x0 linker stubs

.iplt           0x000050b0        0x0
 .iplt          0x000050b0        0x0 ./utilities/fsl_debug_console.o

.rel.dyn        0x000050b0        0x0
 .rel.iplt      0x000050b0        0x0 ./utilities/fsl_debug_console.o

.ARM.extab
 *(SORT_BY_ALIGNMENT(.ARM.extab*) SORT_BY_ALIGNMENT(.gnu.linkonce.armextab.*))

.ARM.exidx      0x000050b0        0x0
                0x000050b0                        __exidx_start = .
 *(SORT_BY_ALIGNMENT(.ARM.exidx*) SORT_BY_ALIGNMENT(.gnu.linkonce.armexidx.*))
                0x000050b0                        __exidx_end = .
                0x000050b0                        _etext = .

.data_RAM2      0x04000000        0x0 load address 0x000050b0
 FILL mask 0xff
                [!provide]                        PROVIDE (__start_data_RAM2 = .)
                [!provide]                        PROVIDE (__start_data_SRAMX = .)
 *(SORT_BY_ALIGNMENT(.ramfunc.$RAM2))
 *(SORT_BY_ALIGNMENT(.ramfunc.$SRAMX))
 *(SORT_BY_ALIGNMENT(.data.$RAM2))
 *(SORT_BY_ALIGNMENT(.data.$SRAMX))
 *(SORT_BY_ALIGNMENT(.data.$RAM2.*))
 *(SORT_BY_ALIGNMENT(.data.$SRAMX.*))
                0x04000000                        . = ALIGN (0x4)
                [!provide]                        PROVIDE (__end_data_RAM2 = .)
                [!provide]                        PROVIDE (__end_data_SRAMX = .)

.uninit_RESERVED
                0x20000000        0x0
                0x20000000                        _start_uninit_RESERVED = .
 *(SORT_BY_ALIGNMENT(.bss.$RESERVED*))
                0x20000000                        . = ALIGN (0x4)
                0x20000000                        _end_uninit_RESERVED = .

.data           0x20000000       0x14 load address 0x000050b0
 FILL mask 0xff
                0x20000000                        _data = .
                [!provide]                        PROVIDE (__start_data_RAM = .)
                [!provide]                        PROVIDE (__start_data_SRAM = .)
 *(SORT_BY_ALIGNMENT(vtable))
 *(SORT_BY_ALIGNMENT(.ramfunc*))
 *(SORT_BY_ALIGNMENT(CodeQuickAccess))
 *(SORT_BY_ALIGNMENT(DataQuickAccess))
 *(SORT_BY_ALIGNMENT(RamFunction))
 *(SORT_BY_ALIGNMENT(.data*))
 .data.ulCriticalNesting
                0x20000000        0x4 ./freertos/freertos-kernel/portable/GCC/ARM_CM33_NTZ/non_secure/port.o
 .data.uxTopUsedPriority
                0x20000004        0x4 ./freertos/freertos-kernel/tasks.o
                0x20000004                uxTopUsedPriority
 .data.s_Ext_Clk_Freq
                0x20000008        0x4 ./drivers/fsl_clock.o
 .data.s_Xtal32_Freq
                0x2000000c        0x4 ./drivers/fsl_clock.o
 .data.SystemCoreClock
                0x20000010        0x4 ./device/system_MCXN236.o
                0x20000010                SystemCoreClock
                0x20000014                        . = ALIGN (0x4)
                0x20000014                        _edata = .
                [!provide]                        PROVIDE (__end_data_RAM = .)
                [!provide]                        PROVIDE (__end_data_SRAM = .)

.igot.plt       0x20000014        0x0 load address 0x000050c4
 .igot.plt      0x20000014        0x0 ./utilities/fsl_debug_console.o

.bss_RAM2       0x04000000        0x0
                [!provide]                        PROVIDE (__start_bss_RAM2 = .)
                [!provide]                        PROVIDE (__start_bss_SRAMX = .)
 *(SORT_BY_ALIGNMENT(.bss.$RAM2))
 *(SORT_BY_ALIGNMENT(.bss.$SRAMX))
 *(SORT_BY_ALIGNMENT(.bss.$RAM2.*))
 *(SORT_BY_ALIGNMENT(.bss.$SRAMX.*))
                0x04000000                        . = ALIGN ((. != 0x0)?0x4:0x1)
                [!provide]                        PROVIDE (__end_bss_RAM2 = .)
                [!provide]                        PROVIDE (__end_bss_SRAMX = .)

.bss            0x20000014     0x2b84
                0x20000014                        _bss = .
                [!provide]                        PROVIDE (__start_bss_RAM = .)
                [!provide]                        PROVIDE (__start_bss_SRAM = .)
 *(SORT_BY_ALIGNMENT(.bss*))
 .bss.s_debugConsoleState
                0x20000014       0x20 ./utilities/fsl_debug_console.o
 .bss.g_serialHandle
                0x20000034        0x4 ./utilities/fsl_debug_console.o
                0x20000034                g_serialHandle
 .bss.ucHeap    0x20000038     0x2800 ./freertos/freertos-kernel/portable/MemMang/heap_4.o
 .bss.xStart    0x20002838        0x8 ./freertos/freertos-kernel/portable/MemMang/heap_4.o
 .bss.pxEnd     0x20002840        0x4 ./freertos/freertos-kernel/portable/MemMang/heap_4.o
 .bss.xFreeBytesRemaining
                0x20002844        0x4 ./freertos/freertos-kernel/portable/MemMang/heap_4.o
 .bss.xMinimumEverFreeBytesRemaining
                0x20002848        0x4 ./freertos/freertos-kernel/portable/MemMang/heap_4.o
 .bss.xNumberOfSuccessfulAllocations
                0x2000284c        0x4 ./freertos/freertos-kernel/portable/MemMang/heap_4.o
 .bss.xNumberOfSuccessfulFrees
                0x20002850        0x4 ./freertos/freertos-kernel/portable/MemMang/heap_4.o
 .bss.xQueueRegistry
                0x20002854       0x40 ./freertos/freertos-kernel/queue.o
                0x20002854                xQueueRegistry
 .bss.pxCurrentTCB
                0x20002894        0x4 ./freertos/freertos-kernel/tasks.o
                0x20002894                pxCurrentTCB
 .bss.pxReadyTasksLists
                0x20002898       0x64 ./freertos/freertos-kernel/tasks.o
 .bss.xDelayedTaskList1
                0x200028fc       0x14 ./freertos/freertos-kernel/tasks.o
 .bss.xDelayedTaskList2
                0x20002910       0x14 ./freertos/freertos-kernel/tasks.o
 .bss.pxDelayedTaskList
                0x20002924        0x4 ./freertos/freertos-kernel/tasks.o
 .bss.pxOverflowDelayedTaskList
                0x20002928        0x4 ./freertos/freertos-kernel/tasks.o
 .bss.xPendingReadyList
                0x2000292c       0x14 ./freertos/freertos-kernel/tasks.o
 .bss.xTasksWaitingTermination
                0x20002940       0x14 ./freertos/freertos-kernel/tasks.o
 .bss.uxDeletedTasksWaitingCleanUp
                0x20002954        0x4 ./freertos/freertos-kernel/tasks.o
 .bss.xSuspendedTaskList
                0x20002958       0x14 ./freertos/freertos-kernel/tasks.o
 .bss.uxCurrentNumberOfTasks
                0x2000296c        0x4 ./freertos/freertos-kernel/tasks.o
 .bss.xTickCount
                0x20002970        0x4 ./freertos/freertos-kernel/tasks.o
 .bss.uxTopReadyPriority
                0x20002974        0x4 ./freertos/freertos-kernel/tasks.o
 .bss.xSchedulerRunning
                0x20002978        0x4 ./freertos/freertos-kernel/tasks.o
 .bss.xPendedTicks
                0x2000297c        0x4 ./freertos/freertos-kernel/tasks.o
 .bss.xYieldPending
                0x20002980        0x4 ./freertos/freertos-kernel/tasks.o
 .bss.xNumOfOverflows
                0x20002984        0x4 ./freertos/freertos-kernel/tasks.o
 .bss.uxTaskNumber
                0x20002988        0x4 ./freertos/freertos-kernel/tasks.o
 .bss.xNextTaskUnblockTime
                0x2000298c        0x4 ./freertos/freertos-kernel/tasks.o
 .bss.xIdleTaskHandle
                0x20002990        0x4 ./freertos/freertos-kernel/tasks.o
 .bss.uxSchedulerSuspended
                0x20002994        0x4 ./freertos/freertos-kernel/tasks.o
 .bss.xActiveTimerList1
                0x20002998       0x14 ./freertos/freertos-kernel/timers.o
 .bss.xActiveTimerList2
                0x200029ac       0x14 ./freertos/freertos-kernel/timers.o
 .bss.pxCurrentTimerList
                0x200029c0        0x4 ./freertos/freertos-kernel/timers.o
 .bss.pxOverflowTimerList
                0x200029c4        0x4 ./freertos/freertos-kernel/timers.o
 .bss.xTimerQueue
                0x200029c8        0x4 ./freertos/freertos-kernel/timers.o
 .bss.xTimerTaskHandle
                0x200029cc        0x4 ./freertos/freertos-kernel/timers.o
 .bss.xLastTime.0
                0x200029d0        0x4 ./freertos/freertos-kernel/timers.o
 .bss.s_lpflexcommIrqHandler
                0x200029d4       0x80 ./drivers/fsl_lpflexcomm.o
 .bss.s_lpflexcommHandle
                0x20002a54       0x80 ./drivers/fsl_lpflexcomm.o
 .bss.__Ciob    0x20002ad4       0xb4 c:/nxp/mcuxpressoide_11.9.1_2170/ide/plugins/com.nxp.mcuxpresso.tools.win32_11.9.1.202402080819/tools/bin/../lib/gcc/arm-none-eabi/12.3.1/../../../../arm-none-eabi/lib/thumb/v8-m.main+fp/hard\libcr_nohost_nf.a(__ciob.o)
                0x20002ad4                __Ciob
 .bss.errno     0x20002b88        0x4 c:/nxp/mcuxpressoide_11.9.1_2170/ide/plugins/com.nxp.mcuxpresso.tools.win32_11.9.1.202402080819/tools/bin/../lib/gcc/arm-none-eabi/12.3.1/../../../../arm-none-eabi/lib/thumb/v8-m.main+fp/hard\libcr_c.a(errno.o)
                0x20002b88                errno
 .bss.__end_of_heap
                0x20002b8c        0x4 c:/nxp/mcuxpressoide_11.9.1_2170/ide/plugins/com.nxp.mcuxpresso.tools.win32_11.9.1.202402080819/tools/bin/../lib/gcc/arm-none-eabi/12.3.1/../../../../arm-none-eabi/lib/thumb/v8-m.main+fp/hard\libcr_c.a(__init_alloc.o)
                0x20002b8c                __end_of_heap
 .bss.__heaps   0x20002b90        0x4 c:/nxp/mcuxpressoide_11.9.1_2170/ide/plugins/com.nxp.mcuxpresso.tools.win32_11.9.1.202402080819/tools/bin/../lib/gcc/arm-none-eabi/12.3.1/../../../../arm-none-eabi/lib/thumb/v8-m.main+fp/hard\libcr_c.a(__init_alloc.o)
                0x20002b90                __heaps
 .bss.s_debugConsoleReadWaitSemaphore
                0x20002b94        0x1 ./utilities/fsl_debug_console.o
 *(SORT_BY_ALIGNMENT(COMMON))
                0x20002b98                        . = ALIGN (0x4)
 *fill*         0x20002b95        0x3 
                0x20002b98                        _ebss = .
                [!provide]                        PROVIDE (__end_bss_RAM = .)
                [!provide]                        PROVIDE (__end_bss_SRAM = .)
                [!provide]                        PROVIDE (end = .)

.noinit_RAM2    0x04000000        0x0
                [!provide]                        PROVIDE (__start_noinit_RAM2 = .)
                [!provide]                        PROVIDE (__start_noinit_SRAMX = .)
 *(SORT_BY_ALIGNMENT(.noinit.$RAM2))
 *(SORT_BY_ALIGNMENT(.noinit.$SRAMX))
 *(SORT_BY_ALIGNMENT(.noinit.$RAM2.*))
 *(SORT_BY_ALIGNMENT(.noinit.$SRAMX.*))
                0x04000000                        . = ALIGN (0x4)
                [!provide]                        PROVIDE (__end_noinit_RAM2 = .)
                [!provide]                        PROVIDE (__end_noinit_SRAMX = .)

.noinit         0x20002b98        0x0
                0x20002b98                        _noinit = .
                [!provide]                        PROVIDE (__start_noinit_RAM = .)
                [!provide]                        PROVIDE (__start_noinit_SRAM = .)
 *(SORT_BY_ALIGNMENT(.noinit*))
                0x20002b98                        . = ALIGN (0x4)
                0x20002b98                        _end_noinit = .
                [!provide]                        PROVIDE (__end_noinit_RAM = .)
                [!provide]                        PROVIDE (__end_noinit_SRAM = .)
                0x00001000                        _HeapSize = 0x1000

.heap           0x20002b98     0x1000
                0x20002b98                        _pvHeapStart = .
                0x20003b98                        . = (. + _HeapSize)
 *fill*         0x20002b98     0x1000 
                0x20003b98                        . = ALIGN (0x4)
                0x20003b98                        _pvHeapLimit = .
                0x00001000                        _StackSize = 0x1000

.heap2stackfill
                0x20003b98     0x1000
                0x20004b98                        . = (. + _StackSize)
 *fill*         0x20003b98     0x1000 

.stack          0x20037000        0x0
                0x20037000                        _vStackBase = .
                0x20037000                        . = ALIGN (0x4)
                0x20038000                        _vStackTop = (. + _StackSize)
                0x00000000                        _image_start = LOADADDR (.text)
                0x000050c4                        _image_end = (LOADADDR (.data) + SIZEOF (.data))
                0x000050c4                        _image_size = (_image_end - _image_start)
OUTPUT(MCXN236_Project.axf elf32-littlearm)
LOAD linker stubs

.debug_info     0x00000000    0x1efdc
 .debug_info    0x00000000      0xe2c ./utilities/fsl_debug_console.o
 .debug_info    0x00000e2c     0x1492 ./startup/startup_mcxn236.o
 .debug_info    0x000022be      0x1fd ./source/MCXN236_Project.o
 .debug_info    0x000024bb       0x3c ./source/semihost_hardfault.o
 .debug_info    0x000024f7      0x4c1 ./freertos/freertos-kernel/portable/MemMang/heap_4.o
 .debug_info    0x000029b8      0x2f3 ./freertos/freertos-kernel/portable/GCC/ARM_CM33_NTZ/non_secure/port.o
 .debug_info    0x00002cab      0x14d ./freertos/freertos-kernel/portable/GCC/ARM_CM33_NTZ/non_secure/portasm.o
 .debug_info    0x00002df8      0x2be ./freertos/freertos-kernel/list.o
 .debug_info    0x000030b6     0x136a ./freertos/freertos-kernel/queue.o
 .debug_info    0x00004420     0x1f32 ./freertos/freertos-kernel/tasks.o
 .debug_info    0x00006352      0xebf ./freertos/freertos-kernel/timers.o
 .debug_info    0x00007211     0x489b ./drivers/fsl_clock.o
 .debug_info    0x0000baac     0x1f34 ./drivers/fsl_lpflexcomm.o
 .debug_info    0x0000d9e0     0x235a ./drivers/fsl_lpuart.o
 .debug_info    0x0000fd3a      0xfce ./drivers/fsl_reset.o
 .debug_info    0x00010d08     0x1acd ./drivers/fsl_spc.o
 .debug_info    0x000127d5     0x13e0 ./device/system_MCXN236.o
 .debug_info    0x00013bb5      0xe4c ./component/uart/fsl_adapter_lpuart.o
 .debug_info    0x00014a01      0xda0 ./component/serial_manager/fsl_component_serial_manager.o
 .debug_info    0x000157a1      0x558 ./component/serial_manager/fsl_component_serial_port_uart.o
 .debug_info    0x00015cf9     0x10a8 ./board/board.o
 .debug_info    0x00016da1     0x2196 ./board/clock_config.o
 .debug_info    0x00018f37       0x9b ./board/peripherals.o
 .debug_info    0x00018fd2     0x150c ./board/pin_mux.o
 .debug_info    0x0001a4de       0x85 c:/nxp/mcuxpressoide_11.9.1_2170/ide/plugins/com.nxp.mcuxpresso.tools.win32_11.9.1.202402080819/tools/bin/../lib/gcc/arm-none-eabi/12.3.1/../../../../arm-none-eabi/lib/thumb/v8-m.main+fp/hard\libcr_nohost_nf.a(_cr__main.o)
 .debug_info    0x0001a563      0x22e c:/nxp/mcuxpressoide_11.9.1_2170/ide/plugins/com.nxp.mcuxpresso.tools.win32_11.9.1.202402080819/tools/bin/../lib/gcc/arm-none-eabi/12.3.1/../../../../arm-none-eabi/lib/thumb/v8-m.main+fp/hard\libcr_nohost_nf.a(_cr_assert.o)
 .debug_info    0x0001a791      0x18b c:/nxp/mcuxpressoide_11.9.1_2170/ide/plugins/com.nxp.mcuxpresso.tools.win32_11.9.1.202402080819/tools/bin/../lib/gcc/arm-none-eabi/12.3.1/../../../../arm-none-eabi/lib/thumb/v8-m.main+fp/hard\libcr_nohost_nf.a(__ciob.o)
 .debug_info    0x0001a91c       0x38 c:/nxp/mcuxpressoide_11.9.1_2170/ide/plugins/com.nxp.mcuxpresso.tools.win32_11.9.1.202402080819/tools/bin/../lib/gcc/arm-none-eabi/12.3.1/../../../../arm-none-eabi/lib/thumb/v8-m.main+fp/hard\libcr_nohost_nf.a(__sys_appexit.o)
 .debug_info    0x0001a954      0x119 c:/nxp/mcuxpressoide_11.9.1_2170/ide/plugins/com.nxp.mcuxpresso.tools.win32_11.9.1.202402080819/tools/bin/../lib/gcc/arm-none-eabi/12.3.1/../../../../arm-none-eabi/lib/thumb/v8-m.main+fp/hard\libcr_c.a(memcpy.o)
 .debug_info    0x0001aa6d       0xe3 c:/nxp/mcuxpressoide_11.9.1_2170/ide/plugins/com.nxp.mcuxpresso.tools.win32_11.9.1.202402080819/tools/bin/../lib/gcc/arm-none-eabi/12.3.1/../../../../arm-none-eabi/lib/thumb/v8-m.main+fp/hard\libcr_c.a(memset.o)
 .debug_info    0x0001ab50      0x362 c:/nxp/mcuxpressoide_11.9.1_2170/ide/plugins/com.nxp.mcuxpresso.tools.win32_11.9.1.202402080819/tools/bin/../lib/gcc/arm-none-eabi/12.3.1/../../../../arm-none-eabi/lib/thumb/v8-m.main+fp/hard\libcr_c.a(_deferredlazyseek.o)
 .debug_info    0x0001aeb2      0x1e3 c:/nxp/mcuxpressoide_11.9.1_2170/ide/plugins/com.nxp.mcuxpresso.tools.win32_11.9.1.202402080819/tools/bin/../lib/gcc/arm-none-eabi/12.3.1/../../../../arm-none-eabi/lib/thumb/v8-m.main+fp/hard\libcr_c.a(_fflush.o)
 .debug_info    0x0001b095      0x282 c:/nxp/mcuxpressoide_11.9.1_2170/ide/plugins/com.nxp.mcuxpresso.tools.win32_11.9.1.202402080819/tools/bin/../lib/gcc/arm-none-eabi/12.3.1/../../../../arm-none-eabi/lib/thumb/v8-m.main+fp/hard\libcr_c.a(_writebuf.o)
 .debug_info    0x0001b317      0x506 c:/nxp/mcuxpressoide_11.9.1_2170/ide/plugins/com.nxp.mcuxpresso.tools.win32_11.9.1.202402080819/tools/bin/../lib/gcc/arm-none-eabi/12.3.1/../../../../arm-none-eabi/lib/thumb/v8-m.main+fp/hard\libcr_c.a(alloc.o)
 .debug_info    0x0001b81d       0x44 c:/nxp/mcuxpressoide_11.9.1_2170/ide/plugins/com.nxp.mcuxpresso.tools.win32_11.9.1.202402080819/tools/bin/../lib/gcc/arm-none-eabi/12.3.1/../../../../arm-none-eabi/lib/thumb/v8-m.main+fp/hard\libcr_c.a(errno.o)
 .debug_info    0x0001b861      0x1e0 c:/nxp/mcuxpressoide_11.9.1_2170/ide/plugins/com.nxp.mcuxpresso.tools.win32_11.9.1.202402080819/tools/bin/../lib/gcc/arm-none-eabi/12.3.1/../../../../arm-none-eabi/lib/thumb/v8-m.main+fp/hard\libcr_c.a(fputs.o)
 .debug_info    0x0001ba41      0x276 c:/nxp/mcuxpressoide_11.9.1_2170/ide/plugins/com.nxp.mcuxpresso.tools.win32_11.9.1.202402080819/tools/bin/../lib/gcc/arm-none-eabi/12.3.1/../../../../arm-none-eabi/lib/thumb/v8-m.main+fp/hard\libcr_c.a(fseek.o)
 .debug_info    0x0001bcb7      0x190 c:/nxp/mcuxpressoide_11.9.1_2170/ide/plugins/com.nxp.mcuxpresso.tools.win32_11.9.1.202402080819/tools/bin/../lib/gcc/arm-none-eabi/12.3.1/../../../../arm-none-eabi/lib/thumb/v8-m.main+fp/hard\libcr_c.a(ftell.o)
 .debug_info    0x0001be47      0x339 c:/nxp/mcuxpressoide_11.9.1_2170/ide/plugins/com.nxp.mcuxpresso.tools.win32_11.9.1.202402080819/tools/bin/../lib/gcc/arm-none-eabi/12.3.1/../../../../arm-none-eabi/lib/thumb/v8-m.main+fp/hard\libcr_c.a(initio.o)
 .debug_info    0x0001c180      0x1f6 c:/nxp/mcuxpressoide_11.9.1_2170/ide/plugins/com.nxp.mcuxpresso.tools.win32_11.9.1.202402080819/tools/bin/../lib/gcc/arm-none-eabi/12.3.1/../../../../arm-none-eabi/lib/thumb/v8-m.main+fp/hard\libcr_c.a(setvbuf.o)
 .debug_info    0x0001c376       0xda c:/nxp/mcuxpressoide_11.9.1_2170/ide/plugins/com.nxp.mcuxpresso.tools.win32_11.9.1.202402080819/tools/bin/../lib/gcc/arm-none-eabi/12.3.1/../../../../arm-none-eabi/lib/thumb/v8-m.main+fp/hard\libcr_c.a(strlen.o)