Archive member included to satisfy reference by file (symbol)

c:/nxp/mcuxpressoide_11.9.1_2170/ide/plugins/com.nxp.mcuxpresso.tools.win32_11.9.1.202402080819/tools/bin/../lib/gcc/arm-none-eabi/12.3.1/../../../../arm-none-eabi/lib/thumb/v8-m.main+fp/hard\libcr_nohost_nf.a(_cr__main.o)
                              ./startup/startup_mcxn236.o (__main)
c:/nxp/mcuxpressoide_11.9.1_2170/ide/plugins/com.nxp.mcuxpresso.tools.win32_11.9.1.202402080819/tools/bin/../lib/gcc/arm-none-eabi/12.3.1/../../../../arm-none-eabi/lib/thumb/v8-m.main+fp/hard\libcr_nohost_nf.a(_cr_assert.o)
                              ./drivers/fsl_common_arm.o (__assertion_failed)
c:/nxp/mcuxpressoide_11.9.1_2170/ide/plugins/com.nxp.mcuxpresso.tools.win32_11.9.1.202402080819/tools/bin/../lib/gcc/arm-none-eabi/12.3.1/../../../../arm-none-eabi/lib/thumb/v8-m.main+fp/hard\libcr_nohost_nf.a(__ciob.o)
                              c:/nxp/mcuxpressoide_11.9.1_2170/ide/plugins/com.nxp.mcuxpresso.tools.win32_11.9.1.202402080819/tools/bin/../lib/gcc/arm-none-eabi/12.3.1/../../../../arm-none-eabi/lib/thumb/v8-m.main+fp/hard\libcr_nohost_nf.a(_cr_assert.o) (__Ciob)
c:/nxp/mcuxpressoide_11.9.1_2170/ide/plugins/com.nxp.mcuxpresso.tools.win32_11.9.1.202402080819/tools/bin/../lib/gcc/arm-none-eabi/12.3.1/../../../../arm-none-eabi/lib/thumb/v8-m.main+fp/hard\libcr_nohost_nf.a(__sys_appexit.o)
                              c:/nxp/mcuxpressoide_11.9.1_2170/ide/plugins/com.nxp.mcuxpresso.tools.win32_11.9.1.202402080819/tools/bin/../lib/gcc/arm-none-eabi/12.3.1/../../../../arm-none-eabi/lib/thumb/v8-m.main+fp/hard\libcr_nohost_nf.a(_cr_assert.o) (__sys_appexit)
c:/nxp/mcuxpressoide_11.9.1_2170/ide/plugins/com.nxp.mcuxpresso.tools.win32_11.9.1.202402080819/tools/bin/../lib/gcc/arm-none-eabi/12.3.1/../../../../arm-none-eabi/lib/thumb/v8-m.main+fp/hard\libcr_c.a(memcpy.o)
                              ./utilities/fsl_str.o (memcpy)
c:/nxp/mcuxpressoide_11.9.1_2170/ide/plugins/com.nxp.mcuxpresso.tools.win32_11.9.1.202402080819/tools/bin/../lib/gcc/arm-none-eabi/12.3.1/../../../../arm-none-eabi/lib/thumb/v8-m.main+fp/hard\libcr_c.a(memset.o)
                              ./utilities/fsl_debug_console.o (memset)
c:/nxp/mcuxpressoide_11.9.1_2170/ide/plugins/com.nxp.mcuxpresso.tools.win32_11.9.1.202402080819/tools/bin/../lib/gcc/arm-none-eabi/12.3.1/../../../../arm-none-eabi/lib/thumb/v8-m.main+fp/hard\libcr_c.a(_deferredlazyseek.o)
                              c:/nxp/mcuxpressoide_11.9.1_2170/ide/plugins/com.nxp.mcuxpresso.tools.win32_11.9.1.202402080819/tools/bin/../lib/gcc/arm-none-eabi/12.3.1/../../../../arm-none-eabi/lib/thumb/v8-m.main+fp/hard\libcr_nohost_nf.a(_cr_assert.o) (__flsbuf)
c:/nxp/mcuxpressoide_11.9.1_2170/ide/plugins/com.nxp.mcuxpresso.tools.win32_11.9.1.202402080819/tools/bin/../lib/gcc/arm-none-eabi/12.3.1/../../../../arm-none-eabi/lib/thumb/v8-m.main+fp/hard\libcr_c.a(_fflush.o)
                              c:/nxp/mcuxpressoide_11.9.1_2170/ide/plugins/com.nxp.mcuxpresso.tools.win32_11.9.1.202402080819/tools/bin/../lib/gcc/arm-none-eabi/12.3.1/../../../../arm-none-eabi/lib/thumb/v8-m.main+fp/hard\libcr_c.a(_deferredlazyseek.o) (_fflush)
c:/nxp/mcuxpressoide_11.9.1_2170/ide/plugins/com.nxp.mcuxpresso.tools.win32_11.9.1.202402080819/tools/bin/../lib/gcc/arm-none-eabi/12.3.1/../../../../arm-none-eabi/lib/thumb/v8-m.main+fp/hard\libcr_c.a(_writebuf.o)
                              c:/nxp/mcuxpressoide_11.9.1_2170/ide/plugins/com.nxp.mcuxpresso.tools.win32_11.9.1.202402080819/tools/bin/../lib/gcc/arm-none-eabi/12.3.1/../../../../arm-none-eabi/lib/thumb/v8-m.main+fp/hard\libcr_c.a(_deferredlazyseek.o) (_Cwritebuf)
c:/nxp/mcuxpressoide_11.9.1_2170/ide/plugins/com.nxp.mcuxpresso.tools.win32_11.9.1.202402080819/tools/bin/../lib/gcc/arm-none-eabi/12.3.1/../../../../arm-none-eabi/lib/thumb/v8-m.main+fp/hard\libcr_c.a(alloc.o)
                              ./drivers/fsl_common.o (malloc)
c:/nxp/mcuxpressoide_11.9.1_2170/ide/plugins/com.nxp.mcuxpresso.tools.win32_11.9.1.202402080819/tools/bin/../lib/gcc/arm-none-eabi/12.3.1/../../../../arm-none-eabi/lib/thumb/v8-m.main+fp/hard\libcr_c.a(errno.o)
                              ./utilities/fsl_str.o (errno)
c:/nxp/mcuxpressoide_11.9.1_2170/ide/plugins/com.nxp.mcuxpresso.tools.win32_11.9.1.202402080819/tools/bin/../lib/gcc/arm-none-eabi/12.3.1/../../../../arm-none-eabi/lib/thumb/v8-m.main+fp/hard\libcr_c.a(fputs.o)
                              c:/nxp/mcuxpressoide_11.9.1_2170/ide/plugins/com.nxp.mcuxpresso.tools.win32_11.9.1.202402080819/tools/bin/../lib/gcc/arm-none-eabi/12.3.1/../../../../arm-none-eabi/lib/thumb/v8-m.main+fp/hard\libcr_nohost_nf.a(_cr_assert.o) (fputs)
c:/nxp/mcuxpressoide_11.9.1_2170/ide/plugins/com.nxp.mcuxpresso.tools.win32_11.9.1.202402080819/tools/bin/../lib/gcc/arm-none-eabi/12.3.1/../../../../arm-none-eabi/lib/thumb/v8-m.main+fp/hard\libcr_c.a(fseek.o)
[...]
Memory Configuration

Name             Origin             Length             Attributes
PROGRAM_FLASH0   0x00000000         0x00080000         xr
PROGRAM_FLASH1   0x00080000         0x00080000         xr
SRAM             0x20000000         0x00038000         xrw
SRAMX            0x04000000         0x00018000         xrw
*default*        0x00000000         0xffffffff

Linker script and memory map

LOAD ./utilities/fsl_debug_console.o
LOAD ./utilities/fsl_str.o
LOAD ./startup/startup_mcxn236.o
LOAD ./source/MCXN236_Project.o
LOAD ./source/loops.o
LOAD ./source/semihost_hardfault.o
LOAD ./freertos/freertos-kernel/portable/MemMang/heap_4.o
LOAD ./freertos/freertos-kernel/portable/GCC/ARM_CM33_NTZ/non_secure/port.o
LOAD ./freertos/freertos-kernel/portable/GCC/ARM_CM33_NTZ/non_secure/portasm.o
LOAD ./freertos/freertos-kernel/croutine.o
LOAD ./freertos/freertos-kernel/event_groups.o
LOAD ./freertos/freertos-kernel/list.o
LOAD ./freertos/freertos-kernel/queue.o
LOAD ./freertos/freertos-kernel/stream_buffer.o
LOAD ./freertos/freertos-kernel/tasks.o
LOAD ./freertos/freertos-kernel/timers.o
LOAD ./drivers/fsl_clock.o
LOAD ./drivers/fsl_common.o
LOAD ./drivers/fsl_common_arm.o
LOAD ./drivers/fsl_gpio.o
LOAD ./drivers/fsl_lpflexcomm.o
LOAD ./drivers/fsl_lpi2c.o
LOAD ./drivers/fsl_lpuart.o
LOAD ./drivers/fsl_reset.o
LOAD ./drivers/fsl_spc.o
LOAD ./device/system_MCXN236.o
LOAD ./component/uart/fsl_adapter_lpuart.o
LOAD ./component/serial_manager/fsl_component_serial_manager.o
LOAD ./component/serial_manager/fsl_component_serial_port_uart.o
LOAD ./component/lists/fsl_component_generic_list.o
LOAD ./board/board.o
LOAD ./board/clock_config.o
LOAD ./board/peripherals.o
LOAD ./board/pin_mux.o
START GROUP
LOAD c:/nxp/mcuxpressoide_11.9.1_2170/ide/plugins/com.nxp.mcuxpresso.tools.win32_11.9.1.202402080819/tools/bin/../lib/gcc/arm-none-eabi/12.3.1/../../../../arm-none-eabi/lib/thumb/v8-m.main+fp/hard\libcr_nohost_nf.a
LOAD c:/nxp/mcuxpressoide_11.9.1_2170/ide/plugins/com.nxp.mcuxpresso.tools.win32_11.9.1.202402080819/tools/bin/../lib/gcc/arm-none-eabi/12.3.1/../../../../arm-none-eabi/lib/thumb/v8-m.main+fp/hard\libcr_c.a
LOAD c:/nxp/mcuxpressoide_11.9.1_2170/ide/plugins/com.nxp.mcuxpresso.tools.win32_11.9.1.202402080819/tools/bin/../lib/gcc/arm-none-eabi/12.3.1/thumb/v8-m.main+fp/hard\libcr_eabihelpers.a
LOAD c:/nxp/mcuxpressoide_11.9.1_2170/ide/plugins/com.nxp.mcuxpresso.tools.win32_11.9.1.202402080819/tools/bin/../lib/gcc/arm-none-eabi/12.3.1/thumb/v8-m.main+fp/hard\libgcc.a
END GROUP
                0x00000000                        __base_PROGRAM_FLASH0 = 0x0
                0x00000000                        __base_Flash = 0x0
                0x00080000                        __top_PROGRAM_FLASH0 = 0x80000
                0x00080000                        __top_Flash = 0x80000
                0x00080000                        __base_PROGRAM_FLASH1 = 0x80000
                0x00080000                        __base_Flash2 = 0x80000
                0x00100000                        __top_PROGRAM_FLASH1 = 0x100000
                0x00100000                        __top_Flash2 = 0x100000
                0x20000000                        __base_SRAM = 0x20000000
                0x20000000                        __base_RAM = 0x20000000
                0x20038000                        __top_SRAM = 0x20038000
                0x20038000                        __top_RAM = 0x20038000
                0x04000000                        __base_SRAMX = 0x4000000
                0x04000000                        __base_RAM2 = 0x4000000
                0x04018000                        __top_SRAMX = 0x4018000
                0x04018000                        __top_RAM2 = 0x4018000

.text_Flash2    0x00080000        0x0
 FILL mask 0xff
 *(SORT_BY_ALIGNMENT(.text_Flash2))
 *(SORT_BY_ALIGNMENT(.text_PROGRAM_FLASH1))
 *(SORT_BY_ALIGNMENT(.text.$Flash2))
 *(SORT_BY_ALIGNMENT(.text.$PROGRAM_FLASH1))
 *(SORT_BY_ALIGNMENT(.text_Flash2.*))
 *(SORT_BY_ALIGNMENT(.text_PROGRAM_FLASH1.*))
 *(SORT_BY_ALIGNMENT(.text.$Flash2.*))
 *(SORT_BY_ALIGNMENT(.text.$PROGRAM_FLASH1.*))
 *(SORT_BY_ALIGNMENT(.rodata.$Flash2))
 *(SORT_BY_ALIGNMENT(.rodata.$PROGRAM_FLASH1))
 *(SORT_BY_ALIGNMENT(.rodata.$Flash2.*))
 *(SORT_BY_ALIGNMENT(.rodata.$PROGRAM_FLASH1.*))

.text           0x00000000     0x564c
 FILL mask 0xff
                0x00000000                        __vectors_start__ = ABSOLUTE (.)
 *(SORT_BY_ALIGNMENT(.isr_vector))
 .isr_vector    0x00000000      0x2ac ./startup/startup_mcxn236.o
                0x00000000                g_pfnVectors
                0x00000000                __Vectors
                0x000002ac                        . = ALIGN (0x4)
                0x000002ac                        __section_table_start = .
                0x000002ac                        __data_section_table = .
                0x000002ac        0x4 LONG 0x564c LOADADDR (.data)
                0x000002b0        0x4 LONG 0x20000000 ADDR (.data)
                0x000002b4        0x4 LONG 0x1c SIZEOF (.data)
                0x000002b8        0x4 LONG 0x564c LOADADDR (.data_RAM2)
                0x000002bc        0x4 LONG 0x4000000 ADDR (.data_RAM2)
                0x000002c0        0x4 LONG 0x0 SIZEOF (.data_RAM2)
                0x000002c4                        __data_section_table_end = .
                0x000002c4                        __bss_section_table = .
                0x000002c4        0x4 LONG 0x2000001c ADDR (.bss)
                0x000002c8        0x4 LONG 0x2bb8 SIZEOF (.bss)
                0x000002cc        0x4 LONG 0x4000000 ADDR (.bss_RAM2)
                0x000002d0        0x4 LONG 0x0 SIZEOF (.bss_RAM2)
                0x000002d4                        __bss_section_table_end = .
                0x000002d4                        __section_table_end = .
 *(SORT_BY_ALIGNMENT(.after_vectors*))
 .after_vectors.reset
                0x000002d4       0x68 ./startup/startup_mcxn236.o
                0x000002d4                ResetISR
 .after_vectors.init_data
                0x0000033c       0x1e ./startup/startup_mcxn236.o
                0x0000033c                data_init
 .after_vectors.init_bss
                0x0000035a       0x12 ./startup/startup_mcxn236.o
                0x0000035a                bss_init
 .after_vectors
                0x0000036c       0x16 ./startup/startup_mcxn236.o
                0x0000036c                NMI_Handler
                0x00000370                MemManage_Handler
                0x00000372                BusFault_Handler
                0x00000374                UsageFault_Handler
                0x00000376                SecureFault_Handler
                0x0000037a                DebugMon_Handler
                0x00000380                I3C0_DriverIRQHandler
                0x00000380                Reserved117_DriverIRQHandler
                0x00000380                PKC_ERR_DriverIRQHandler
                0x00000380                QDC1_HOME_DriverIRQHandler
                0x00000380                EDMA_0_CH5_DriverIRQHandler
                0x00000380                EDMA_0_CH14_DriverIRQHandler
                0x00000380                EDMA_1_CH0_DriverIRQHandler
                0x00000380                SCG_DriverIRQHandler
                0x00000380                CMC0_DriverIRQHandler
                0x00000380                EDMA_0_CH15_DriverIRQHandler
                0x00000380                LPTMR0_DriverIRQHandler
                0x00000380                Reserved119_DriverIRQHandler
                0x00000380                EDMA_0_CH2_DriverIRQHandler
                0x00000380                FLEXPWM1_SUBMODULE1_DriverIRQHandler
                0x00000380                FLEXPWM0_SUBMODULE1_DriverIRQHandler
                0x00000380                Reserved101_DriverIRQHandler
                0x00000380                PINT0_DriverIRQHandler
                0x00000380                FLEXPWM0_RELOAD_ERROR_DriverIRQHandler
                0x00000380                QDC0_HOME_DriverIRQHandler
                0x00000380                Reserved102_DriverIRQHandler
                0x00000380                Reserved122_DriverIRQHandler
                0x00000380                SEC_VIO_DriverIRQHandler
                0x00000380                ERM_MULTI_BIT_ERROR_DriverIRQHandler
                0x00000380                GPIO31_DriverIRQHandler
                0x00000380                EWM0_DriverIRQHandler
                0x00000380                PKC_DriverIRQHandler
                0x00000380                Reserved155_DriverIRQHandler
                0x00000380                EDMA_0_CH10_DriverIRQHandler
                0x00000380                USB1_HS_PHY_DriverIRQHandler
                0x00000380                Reserved103_DriverIRQHandler
                0x00000380                Reserved149_DriverIRQHandler
                0x00000380                QDC0_IDX_DriverIRQHandler
                0x00000380                ELS_DriverIRQHandler
                0x00000380                Reserved166_DriverIRQHandler
                0x00000380                EDMA_1_CH2_DriverIRQHandler
                0x00000380                QDC1_IDX_DriverIRQHandler
                0x00000380                FLEXPWM1_SUBMODULE3_DriverIRQHandler
                0x00000380                EDMA_1_CH7_DriverIRQHandler
                0x00000380                EDMA_1_CH6_DriverIRQHandler
                0x00000380                CTIMER2_DriverIRQHandler
                0x00000380                Reserved105_DriverIRQHandler
                0x00000380                Reserved167_DriverIRQHandler
                0x00000380                Reserved157_DriverIRQHandler
                0x00000380                EDMA_1_CH5_DriverIRQHandler
                0x00000380                EDMA_0_CH9_DriverIRQHandler
                0x00000380                Freqme_DriverIRQHandler
                0x00000380                Reserved80_DriverIRQHandler
                0x00000380                IntDefaultHandler
                0x00000380                ELS_ERR_DriverIRQHandler
                0x00000380                FLEXIO_DriverIRQHandler
                0x00000380                MRT0_DriverIRQHandler
                0x00000380                UTICK0_DriverIRQHandler
                0x00000380                FLEXPWM0_SUBMODULE2_DriverIRQHandler
                0x00000380                GPIO01_DriverIRQHandler
                0x00000380                EDMA_0_CH3_DriverIRQHandler
                0x00000380                WWDT0_DriverIRQHandler
                0x00000380                GPIO00_DriverIRQHandler
                0x00000380                EDMA_0_CH4_DriverIRQHandler
                0x00000380                GPIO11_DriverIRQHandler
                0x00000380                CTIMER4_DriverIRQHandler
                0x00000380                FLEXPWM0_FAULT_DriverIRQHandler
                0x00000380                Reserved158_DriverIRQHandler
                0x00000380                EDMA_1_CH1_DriverIRQHandler
                0x00000380                SAI1_DriverIRQHandler
                0x00000380                Reserved66_DriverIRQHandler
                0x00000380                Reserved165_DriverIRQHandler
                0x00000380                ERM_SINGLE_BIT_ERROR_DriverIRQHandler
                0x00000380                GPIO21_DriverIRQHandler
                0x00000380                FLEXPWM1_FAULT_DriverIRQHandler
                0x00000380                GPIO30_DriverIRQHandler
                0x00000380                CTIMER0_DriverIRQHandler
                0x00000380                CTIMER1_DriverIRQHandler
                0x00000380                QDC0_COMPARE_DriverIRQHandler
                0x00000380                WWDT1_DriverIRQHandler
                0x00000380                ADC1_DriverIRQHandler
                0x00000380                Reserved156_DriverIRQHandler
                0x00000380                USB0_DCD_DriverIRQHandler
                0x00000380                EDMA_0_CH11_DriverIRQHandler
                0x00000380                Reserved92_DriverIRQHandler
                0x00000380                WUU_DriverIRQHandler
                0x00000380                EDMA_0_CH6_DriverIRQHandler
                0x00000380                CTIMER3_DriverIRQHandler
                0x00000380                FLEXPWM1_SUBMODULE0_DriverIRQHandler
                0x00000380                CDOG1_DriverIRQHandler
                0x00000380                Reserved74_DriverIRQHandler
                0x00000380                EDMA_1_CH4_DriverIRQHandler
                0x00000380                PUF_DriverIRQHandler
                0x00000380                SPC_DriverIRQHandler
                0x00000380                RTC_DriverIRQHandler
                0x00000380                VBAT0_DriverIRQHandler
                0x00000380                Reserved65_DriverIRQHandler
                0x00000380                EDMA_0_CH0_DriverIRQHandler
                0x00000380                ITRC0_DriverIRQHandler
                0x00000380                PDM_EVENT_DriverIRQHandler
                0x00000380                Reserved60_DriverIRQHandler
                0x00000380                FLEXPWM1_RELOAD_ERROR_DriverIRQHandler
                0x00000380                Reserved49_DriverIRQHandler
                0x00000380                FMU0_DriverIRQHandler
                0x00000380                QDC1_COMPARE_DriverIRQHandler
                0x00000380                EDMA_0_CH8_DriverIRQHandler
                0x00000380                Reserved118_DriverIRQHandler
                0x00000380                LPTMR1_DriverIRQHandler
                0x00000380                GPIO40_DriverIRQHandler
                0x00000380                EDMA_1_CH3_DriverIRQHandler
                0x00000380                Reserved77_DriverIRQHandler
                0x00000380                FLEXPWM1_SUBMODULE2_DriverIRQHandler
                0x00000380                GPIO20_DriverIRQHandler
                0x00000380                QDC1_WDG_SAB_DriverIRQHandler
                0x00000380                GDET_DriverIRQHandler
                0x00000380                PORT_EFT_DriverIRQHandler
                0x00000380                Reserved127_DriverIRQHandler
                0x00000380                Reserved85_DriverIRQHandler
                0x00000380                Reserved81_DriverIRQHandler
                0x00000380                Reserved123_DriverIRQHandler
                0x00000380                FLEXPWM0_SUBMODULE3_DriverIRQHandler
                0x00000380                ADC0_DriverIRQHandler
                0x00000380                OR_DriverIRQHandler
                0x00000380                EDMA_0_CH13_DriverIRQHandler
                0x00000380                Reserved124_DriverIRQHandler
                0x00000380                USB1_HS_DriverIRQHandler
                0x00000380                Reserved113_DriverIRQHandler
                0x00000380                EDMA_0_CH1_DriverIRQHandler
                0x00000380                GPIO51_DriverIRQHandler
                0x00000380                HSCMP0_DriverIRQHandler
                0x00000380                EDMA_0_CH12_DriverIRQHandler
                0x00000380                QDC0_WDG_SAB_DriverIRQHandler
                0x00000380                Reserved104_DriverIRQHandler
                0x00000380                CDOG0_DriverIRQHandler
                0x00000380                CAN0_DriverIRQHandler
                0x00000380                Reserved59_DriverIRQHandler
                0x00000380                SMARTDMA_DriverIRQHandler
                0x00000380                SAI0_DriverIRQHandler
                0x00000380                I3C1_DriverIRQHandler
                0x00000380                Reserved106_DriverIRQHandler
                0x00000380                Reserved120_DriverIRQHandler
                0x00000380                EDMA_0_CH7_DriverIRQHandler
                0x00000380                HSCMP1_DriverIRQHandler
                0x00000380                Reserved107_DriverIRQHandler
                0x00000380                Reserved70_DriverIRQHandler
                0x00000380                GPIO50_DriverIRQHandler
                0x00000380                Reserved86_DriverIRQHandler
                0x00000380                GPIO10_DriverIRQHandler
                0x00000380                CAN1_DriverIRQHandler
                0x00000380                FLEXPWM0_SUBMODULE0_DriverIRQHandler
                0x00000380                OS_EVENT_DriverIRQHandler
                0x00000380                Reserved108_DriverIRQHandler
                0x00000380                GPIO41_DriverIRQHandler
                0x00000380                SEC_HYPERVISOR_CALL_DriverIRQHandler
 *(SORT_BY_ALIGNMENT(.text*))
 *fill*         0x00000382        0xe ff
 .text.vRestoreContextOfFirstTask
                0x00000390       0x38 ./freertos/freertos-kernel/portable/GCC/ARM_CM33_NTZ/non_secure/portasm.o
                0x00000390                vRestoreContextOfFirstTask
 *fill*         0x000003c8        0x8 ff
 .text.vStartFirstTask
                0x000003d0       0x28 ./freertos/freertos-kernel/portable/GCC/ARM_CM33_NTZ/non_secure/portasm.o
                0x000003d0                vStartFirstTask
 *fill*         0x000003f8        0x8 ff
 .text.PendSV_Handler
                0x00000400       0x58 ./freertos/freertos-kernel/portable/GCC/ARM_CM33_NTZ/non_secure/portasm.o
                0x00000400                PendSV_Handler
 *fill*         0x00000458        0x8 ff
 .text.SVC_Handler
                0x00000460       0x28 ./freertos/freertos-kernel/portable/GCC/ARM_CM33_NTZ/non_secure/portasm.o
                0x00000460                SVC_Handler
 .text.DbgConsole_Init
                0x00000488      0x138 ./utilities/fsl_debug_console.o
                0x00000488                DbgConsole_Init
 .text.eloopHandle
                0x000005c0       0x44 ./source/loops.o
 .text.iotkHandle
                0x00000604       0x58 ./source/loops.o
 .text.LOOP_Start
                0x0000065c       0x80 ./source/loops.o
                0x0000065c                LOOP_Start
 .text.pvPortMalloc
                0x000006dc      0x158 ./freertos/freertos-kernel/portable/MemMang/heap_4.o
                0x000006dc                pvPortMalloc
 .text.vPortFree
                0x00000834       0x9c ./freertos/freertos-kernel/portable/MemMang/heap_4.o
                0x00000834                vPortFree
 .text.prvHeapInit
                0x000008d0       0xb8 ./freertos/freertos-kernel/portable/MemMang/heap_4.o
 .text.prvInsertBlockIntoFreeList
                0x00000988       0xb4 ./freertos/freertos-kernel/portable/MemMang/heap_4.o
 .text.vPortSetupTimerInterrupt
                0x00000a3c       0x48 ./freertos/freertos-kernel/portable/GCC/ARM_CM33_NTZ/non_secure/port.o
                0x00000a3c                vPortSetupTimerInterrupt
 .text.prvTaskExitError
                0x00000a84       0x38 ./freertos/freertos-kernel/portable/GCC/ARM_CM33_NTZ/non_secure/port.o
 .text.vPortYield
                0x00000abc       0x24 ./freertos/freertos-kernel/portable/GCC/ARM_CM33_NTZ/non_secure/port.o
                0x00000abc                vPortYield
 .text.vPortEnterCritical
                0x00000ae0       0x24 ./freertos/freertos-kernel/portable/GCC/ARM_CM33_NTZ/non_secure/port.o
                0x00000ae0                vPortEnterCritical
 .text.vPortExitCritical
                0x00000b04       0x34 ./freertos/freertos-kernel/portable/GCC/ARM_CM33_NTZ/non_secure/port.o
                0x00000b04                vPortExitCritical
 .text.SysTick_Handler
                0x00000b38       0x30 ./freertos/freertos-kernel/portable/GCC/ARM_CM33_NTZ/non_secure/port.o
                0x00000b38                SysTick_Handler
 .text.pxPortInitialiseStack
                0x00000b68      0x114 ./freertos/freertos-kernel/portable/GCC/ARM_CM33_NTZ/non_secure/port.o
                0x00000b68                pxPortInitialiseStack
 .text.xPortStartScheduler
                0x00000c7c       0x40 ./freertos/freertos-kernel/portable/GCC/ARM_CM33_NTZ/non_secure/port.o
                0x00000c7c                xPortStartScheduler
 .text.vQueueAddToRegistry
                0x00000cbc       0x8c ./freertos/freertos-kernel/queue.o
                0x00000cbc                vQueueAddToRegistry
 .text.prvAddNewTaskToReadyList
                0x00000d48      0x120 ./freertos/freertos-kernel/tasks.o
 .text.vTaskStartScheduler
                0x00000e68       0x84 ./freertos/freertos-kernel/tasks.o
                0x00000e68                vTaskStartScheduler
 .text.vTaskSuspendAll
                0x00000eec       0x1c ./freertos/freertos-kernel/tasks.o
                0x00000eec                vTaskSuspendAll
 .text.xTaskResumeAll
                0x00000f08      0x1dc ./freertos/freertos-kernel/tasks.o
                0x00000f08                xTaskResumeAll
 .text.xTaskGetTickCount
                0x000010e4       0x20 ./freertos/freertos-kernel/tasks.o
                0x000010e4                xTaskGetTickCount
 .text.xTaskIncrementTick
                0x00001104      0x204 ./freertos/freertos-kernel/tasks.o
                0x00001104                xTaskIncrementTick
 .text.vTaskSwitchContext
                0x00001308       0xa8 ./freertos/freertos-kernel/tasks.o
                0x00001308                vTaskSwitchContext
 .text.vTaskPlaceOnEventList
                0x000013b0       0x3c ./freertos/freertos-kernel/tasks.o
                0x000013b0                vTaskPlaceOnEventList
 .text.vTaskPlaceOnEventListRestricted
                0x000013ec       0x7c ./freertos/freertos-kernel/tasks.o
                0x000013ec                vTaskPlaceOnEventListRestricted
 .text.xTaskRemoveFromEventList
                0x00001468      0x19c ./freertos/freertos-kernel/tasks.o
                0x00001468                xTaskRemoveFromEventList
 .text.vTaskInternalSetTimeOutState
                0x00001604       0x2c ./freertos/freertos-kernel/tasks.o
                0x00001604                vTaskInternalSetTimeOutState
 .text.xTaskCheckForTimeOut
                0x00001630       0xb0 ./freertos/freertos-kernel/tasks.o
                0x00001630                xTaskCheckForTimeOut
 .text.vTaskMissedYield
                0x000016e0       0x18 ./freertos/freertos-kernel/tasks.o
                0x000016e0                vTaskMissedYield
 .text.prvIdleTask
                0x000016f8       0x20 ./freertos/freertos-kernel/tasks.o
 .text.prvInitialiseTaskLists
                0x00001718       0x80 ./freertos/freertos-kernel/tasks.o
 .text.prvCheckTasksWaitingTermination
                0x00001798       0x5c ./freertos/freertos-kernel/tasks.o
 .text.prvResetNextTaskUnblockTime
                0x000017f4       0x38 ./freertos/freertos-kernel/tasks.o
 .text.xTaskGetSchedulerState
                0x0000182c       0x3c ./freertos/freertos-kernel/tasks.o
                0x0000182c                xTaskGetSchedulerState
 .text.xTaskPriorityInherit
                0x00001868      0x120 ./freertos/freertos-kernel/tasks.o
                0x00001868                xTaskPriorityInherit
 .text.vTaskPriorityDisinheritAfterTimeout
                0x00001988      0x138 ./freertos/freertos-kernel/tasks.o
                0x00001988                vTaskPriorityDisinheritAfterTimeout
 .text.pvTaskIncrementMutexHeldCount
                0x00001ac0       0x28 ./freertos/freertos-kernel/tasks.o
                0x00001ac0                pvTaskIncrementMutexHeldCount
 .text.prvAddCurrentTaskToDelayedList
                0x00001ae8       0xdc ./freertos/freertos-kernel/tasks.o
 .text.xTimerCreateTimerTask
                0x00001bc4       0x54 ./freertos/freertos-kernel/timers.o
                0x00001bc4                xTimerCreateTimerTask
 .text.prvProcessExpiredTimer
                0x00001c18       0x60 ./freertos/freertos-kernel/timers.o
 .text.prvProcessTimerOrBlockTask
                0x00001c78       0x8c ./freertos/freertos-kernel/timers.o
 .text.prvGetNextExpireTime
                0x00001d04       0x48 ./freertos/freertos-kernel/timers.o
 .text.prvSampleTimeNow
                0x00001d4c       0x40 ./freertos/freertos-kernel/timers.o
 .text.prvInsertTimerInActiveList
                0x00001d8c       0x84 ./freertos/freertos-kernel/timers.o
 .text.prvProcessReceivedCommands
                0x00001e10      0x19c ./freertos/freertos-kernel/timers.o
 .text.prvSwitchTimerLists
                0x00001fac       0x4c ./freertos/freertos-kernel/timers.o
 .text.prvCheckForValidListAndQueue
                0x00001ff8       0x6c ./freertos/freertos-kernel/timers.o
 .text.CLOCK_IsPLL0Locked
                0x00002064       0x28 ./drivers/fsl_clock.o
 .text.CLOCK_SetupFROHFClocking
                0x0000208c       0x9c ./drivers/fsl_clock.o
                0x0000208c                CLOCK_SetupFROHFClocking
 .text.CLOCK_SetPll0MonitorMode
                0x00002128       0x38 ./drivers/fsl_clock.o
                0x00002128                CLOCK_SetPll0MonitorMode
 .text.CLOCK_AttachClk
                0x00002160       0xb0 ./drivers/fsl_clock.o
                0x00002160                CLOCK_AttachClk
 .text.CLOCK_SetClkDiv
                0x00002210       0x54 ./drivers/fsl_clock.o
                0x00002210                CLOCK_SetClkDiv
 .text.CLOCK_GetPLL0InClockRate
                0x00002264       0x58 ./drivers/fsl_clock.o
                0x00002264                CLOCK_GetPLL0InClockRate
 .text.CLOCK_SetPLL0Freq
                0x000022bc      0x10c ./drivers/fsl_clock.o
                0x000022bc                CLOCK_SetPLL0Freq
 .text.CLOCK_GetClk48MFreq
                0x000023c8       0x2c ./drivers/fsl_clock.o
 .text.CLOCK_GetExtClkFreq
                0x000023f4       0x2c ./drivers/fsl_clock.o
 .text.CLOCK_GetOsc32KFreq
                0x00002420       0x4c ./drivers/fsl_clock.o
 .text.findPll0PreDiv
                0x0000246c       0x40 ./drivers/fsl_clock.o
 .text.findPll0PostDiv
                0x000024ac       0x60 ./drivers/fsl_clock.o
 .text.findPll0MMult
                0x0000250c       0xac ./drivers/fsl_clock.o
 .text.LP_FLEXCOMM_GetInterruptStatus
                0x000025b8       0x28 ./drivers/fsl_lpflexcomm.o
                0x000025b8                LP_FLEXCOMM_GetInterruptStatus
 .text.LP_FLEXCOMM_SetPeriph
                0x000025e0       0x94 ./drivers/fsl_lpflexcomm.o
 .text.LP_FLEXCOMM_Init
                0x00002674       0x58 ./drivers/fsl_lpflexcomm.o
                0x00002674                LP_FLEXCOMM_Init
 .text.LP_FLEXCOMM_CommonIRQHandler
                0x000026cc       0xb8 ./drivers/fsl_lpflexcomm.o
 .text.LPUART_GetInstance
                0x00002784       0x4c ./drivers/fsl_lpuart.o
                0x00002784                LPUART_GetInstance
 .text.LPUART_Init
                0x000027d0      0x3c4 ./drivers/fsl_lpuart.o
                0x000027d0                LPUART_Init
 .text.LPUART_GetDefaultConfig
                0x00002b94       0x8c ./drivers/fsl_lpuart.o
                0x00002b94                LPUART_GetDefaultConfig
 .text.RESET_ClearPeripheralReset
                0x00002c20       0x64 ./drivers/fsl_reset.o
                0x00002c20                RESET_ClearPeripheralReset
 .text.SPC_SetSRAMOperateVoltage
                0x00002c84       0x64 ./drivers/fsl_spc.o
                0x00002c84                SPC_SetSRAMOperateVoltage
 .text.SPC_SetActiveModeCoreLDORegulatorConfig
                0x00002ce8       0xbc ./drivers/fsl_spc.o
                0x00002ce8                SPC_SetActiveModeCoreLDORegulatorConfig
 .text.SPC_SetActiveModeDCDCRegulatorConfig
                0x00002da4       0x68 ./drivers/fsl_spc.o
                0x00002da4                SPC_SetActiveModeDCDCRegulatorConfig
 .text.SystemInit
                0x00002e0c      0x114 ./device/system_MCXN236.o
                0x00002e0c                SystemInit
 .text.HAL_UartInitCommon
                0x00002f20       0xe4 ./component/uart/fsl_adapter_lpuart.o
 .text.HAL_UartInit
                0x00003004       0x84 ./component/uart/fsl_adapter_lpuart.o
                0x00003004                HAL_UartInit
 .text.BOARD_InitDebugConsole
                0x00003088       0x40 ./board/board.o
                0x00003088                BOARD_InitDebugConsole
 .text.BOARD_BootClockPLL150M
                0x000030c8       0xd8 ./board/clock_config.o
                0x000030c8                BOARD_BootClockPLL150M
 .text.PORT_SetPinConfig
                0x000031a0       0x38 ./board/pin_mux.o
 .text.BOARD_InitDEBUG_UARTPins
                0x000031d8       0x5c ./board/pin_mux.o
                0x000031d8                BOARD_InitDEBUG_UARTPins
 .text.__assertion_failed
                0x00003234       0x4c c:/nxp/mcuxpressoide_11.9.1_2170/ide/plugins/com.nxp.mcuxpresso.tools.win32_11.9.1.202402080819/tools/bin/../lib/gcc/arm-none-eabi/12.3.1/../../../../arm-none-eabi/lib/thumb/v8-m.main+fp/hard\libcr_nohost_nf.a(_cr_assert.o)
                0x00003234                __assertion_failed
 .text._Cwritebuf
                0x00003280       0x6c c:/nxp/mcuxpressoide_11.9.1_2170/ide/plugins/com.nxp.mcuxpresso.tools.win32_11.9.1.202402080819/tools/bin/../lib/gcc/arm-none-eabi/12.3.1/../../../../arm-none-eabi/lib/thumb/v8-m.main+fp/hard\libcr_c.a(_writebuf.o)
                0x00003280                _Cwritebuf
 .text.malloc   0x000032ec       0xe8 c:/nxp/mcuxpressoide_11.9.1_2170/ide/plugins/com.nxp.mcuxpresso.tools.win32_11.9.1.202402080819/tools/bin/../lib/gcc/arm-none-eabi/12.3.1/../../../../arm-none-eabi/lib/thumb/v8-m.main+fp/hard\libcr_c.a(alloc.o)
                0x000032ec                malloc
 .text._Csys_alloc
                0x000033d4       0x20 c:/nxp/mcuxpressoide_11.9.1_2170/ide/plugins/com.nxp.mcuxpresso.tools.win32_11.9.1.202402080819/tools/bin/../lib/gcc/arm-none-eabi/12.3.1/../../../../arm-none-eabi/lib/thumb/v8-m.main+fp/hard\libcr_c.a(alloc.o)
                0x000033d4                _Csys_alloc
 .text.fseek    0x000033f4       0xf8 c:/nxp/mcuxpressoide_11.9.1_2170/ide/plugins/com.nxp.mcuxpresso.tools.win32_11.9.1.202402080819/tools/bin/../lib/gcc/arm-none-eabi/12.3.1/../../../../arm-none-eabi/lib/thumb/v8-m.main+fp/hard\libcr_c.a(fseek.o)
                0x000033f4                fseek
 .text.ftell    0x000034ec       0x44 c:/nxp/mcuxpressoide_11.9.1_2170/ide/plugins/com.nxp.mcuxpresso.tools.win32_11.9.1.202402080819/tools/bin/../lib/gcc/arm-none-eabi/12.3.1/../../../../arm-none-eabi/lib/thumb/v8-m.main+fp/hard\libcr_c.a(ftell.o)
                0x000034ec                ftell
 .text._initio  0x00003530       0x78 c:/nxp/mcuxpressoide_11.9.1_2170/ide/plugins/com.nxp.mcuxpresso.tools.win32_11.9.1.202402080819/tools/bin/../lib/gcc/arm-none-eabi/12.3.1/../../../../arm-none-eabi/lib/thumb/v8-m.main+fp/hard\libcr_c.a(initio.o)
                0x00003530                _initio
 .text._sbrk    0x000035a8       0x3c c:/nxp/mcuxpressoide_11.9.1_2170/ide/plugins/com.nxp.mcuxpresso.tools.win32_11.9.1.202402080819/tools/bin/../lib/gcc/arm-none-eabi/12.3.1/../../../../arm-none-eabi/lib/thumb/v8-m.main+fp/hard\libcr_c.a(_cr_sbrk.o)
                0x000035a8                _sbrk
 .text.fflush   0x000035e4       0x3c c:/nxp/mcuxpressoide_11.9.1_2170/ide/plugins/com.nxp.mcuxpresso.tools.win32_11.9.1.202402080819/tools/bin/../lib/gcc/arm-none-eabi/12.3.1/../../../../arm-none-eabi/lib/thumb/v8-m.main+fp/hard\libcr_c.a(fflush.o)
                0x000035e4                fflush
 .text.__check_heap_overflow
                0x00003620       0x18 c:/nxp/mcuxpressoide_11.9.1_2170/ide/plugins/com.nxp.mcuxpresso.tools.win32_11.9.1.202402080819/tools/bin/../lib/gcc/arm-none-eabi/12.3.1/../../../../arm-none-eabi/lib/thumb/v8-m.main+fp/hard\libcr_c.a(_cr_check_heap.o)
                0x00003620                __check_heap_overflow
 .text.OR_IRQHandler
                0x00003638        0x8 ./startup/startup_mcxn236.o
                0x00003638                OR_IRQHandler
 .text.EDMA_0_CH0_IRQHandler
                0x00003640        0x8 ./startup/startup_mcxn236.o
                0x00003640                EDMA_0_CH0_IRQHandler
 .text.EDMA_0_CH1_IRQHandler
                0x00003648        0x8 ./startup/startup_mcxn236.o
                0x00003648                EDMA_0_CH1_IRQHandler
 .text.EDMA_0_CH2_IRQHandler
                0x00003650        0x8 ./startup/startup_mcxn236.o
                0x00003650                EDMA_0_CH2_IRQHandler
 .text.EDMA_0_CH3_IRQHandler
                0x00003658        0x8 ./startup/startup_mcxn236.o
                0x00003658                EDMA_0_CH3_IRQHandler
 .text.EDMA_0_CH4_IRQHandler
                0x00003660        0x8 ./startup/startup_mcxn236.o
                0x00003660                EDMA_0_CH4_IRQHandler
 .text.EDMA_0_CH5_IRQHandler
                0x00003668        0x8 ./startup/startup_mcxn236.o
                0x00003668                EDMA_0_CH5_IRQHandler
 .text.EDMA_0_CH6_IRQHandler
                0x00003670        0x8 ./startup/startup_mcxn236.o
                0x00003670                EDMA_0_CH6_IRQHandler
 .text.EDMA_0_CH7_IRQHandler
                0x00003678        0x8 ./startup/startup_mcxn236.o
                0x00003678                EDMA_0_CH7_IRQHandler
 .text.EDMA_0_CH8_IRQHandler
                0x00003680        0x8 ./startup/startup_mcxn236.o
                0x00003680                EDMA_0_CH8_IRQHandler
 .text.EDMA_0_CH9_IRQHandler
                0x00003688        0x8 ./startup/startup_mcxn236.o
                0x00003688                EDMA_0_CH9_IRQHandler
 .text.EDMA_0_CH10_IRQHandler
                0x00003690        0x8 ./startup/startup_mcxn236.o
                0x00003690                EDMA_0_CH10_IRQHandler
 .text.EDMA_0_CH11_IRQHandler
                0x00003698        0x8 ./startup/startup_mcxn236.o
                0x00003698                EDMA_0_CH11_IRQHandler
 .text.EDMA_0_CH12_IRQHandler
                0x000036a0        0x8 ./startup/startup_mcxn236.o
                0x000036a0                EDMA_0_CH12_IRQHandler
 .text.EDMA_0_CH13_IRQHandler
                0x000036a8        0x8 ./startup/startup_mcxn236.o
                0x000036a8                EDMA_0_CH13_IRQHandler
 .text.EDMA_0_CH14_IRQHandler
                0x000036b0        0x8 ./startup/startup_mcxn236.o
                0x000036b0                EDMA_0_CH14_IRQHandler
 .text.EDMA_0_CH15_IRQHandler
                0x000036b8        0x8 ./startup/startup_mcxn236.o
                0x000036b8                EDMA_0_CH15_IRQHandler
 .text.GPIO00_IRQHandler
                0x000036c0        0x8 ./startup/startup_mcxn236.o
                0x000036c0                GPIO00_IRQHandler
 .text.GPIO01_IRQHandler
                0x000036c8        0x8 ./startup/startup_mcxn236.o
                0x000036c8                GPIO01_IRQHandler
 .text.GPIO10_IRQHandler
                0x000036d0        0x8 ./startup/startup_mcxn236.o
                0x000036d0                GPIO10_IRQHandler
 .text.GPIO11_IRQHandler
                0x000036d8        0x8 ./startup/startup_mcxn236.o
                0x000036d8                GPIO11_IRQHandler
 .text.GPIO20_IRQHandler
                0x000036e0        0x8 ./startup/startup_mcxn236.o
                0x000036e0                GPIO20_IRQHandler
 .text.GPIO21_IRQHandler
                0x000036e8        0x8 ./startup/startup_mcxn236.o
                0x000036e8                GPIO21_IRQHandler
 .text.GPIO30_IRQHandler
                0x000036f0        0x8 ./startup/startup_mcxn236.o
                0x000036f0                GPIO30_IRQHandler
 .text.GPIO31_IRQHandler
                0x000036f8        0x8 ./startup/startup_mcxn236.o
                0x000036f8                GPIO31_IRQHandler
 .text.GPIO40_IRQHandler
                0x00003700        0x8 ./startup/startup_mcxn236.o
                0x00003700                GPIO40_IRQHandler
 .text.GPIO41_IRQHandler
                0x00003708        0x8 ./startup/startup_mcxn236.o
                0x00003708                GPIO41_IRQHandler
 .text.GPIO50_IRQHandler
                0x00003710        0x8 ./startup/startup_mcxn236.o
                0x00003710                GPIO50_IRQHandler
 .text.GPIO51_IRQHandler
                0x00003718        0x8 ./startup/startup_mcxn236.o
                0x00003718                GPIO51_IRQHandler
 .text.UTICK0_IRQHandler
                0x00003720        0x8 ./startup/startup_mcxn236.o
                0x00003720                UTICK0_IRQHandler
 .text.MRT0_IRQHandler
                0x00003728        0x8 ./startup/startup_mcxn236.o
                0x00003728                MRT0_IRQHandler
 .text.CTIMER0_IRQHandler
                0x00003730        0x8 ./startup/startup_mcxn236.o
                0x00003730                CTIMER0_IRQHandler
 .text.CTIMER1_IRQHandler
                0x00003738        0x8 ./startup/startup_mcxn236.o
                0x00003738                CTIMER1_IRQHandler
 .text.Reserved49_IRQHandler
                0x00003740        0x8 ./startup/startup_mcxn236.o
                0x00003740                Reserved49_IRQHandler
 .text.CTIMER2_IRQHandler
                0x00003748        0x8 ./startup/startup_mcxn236.o
                0x00003748                CTIMER2_IRQHandler
 .text.LP_FLEXCOMM0_IRQHandler
                0x00003750        0x8 ./startup/startup_mcxn236.o
                0x00003750                LP_FLEXCOMM0_IRQHandler
 .text.LP_FLEXCOMM1_IRQHandler
                0x00003758        0x8 ./startup/startup_mcxn236.o
                0x00003758                LP_FLEXCOMM1_IRQHandler
 .text.LP_FLEXCOMM2_IRQHandler
                0x00003760        0x8 ./startup/startup_mcxn236.o
                0x00003760                LP_FLEXCOMM2_IRQHandler
 .text.LP_FLEXCOMM3_IRQHandler
                0x00003768        0x8 ./startup/startup_mcxn236.o
                0x00003768                LP_FLEXCOMM3_IRQHandler
 .text.LP_FLEXCOMM4_IRQHandler
                0x00003770        0x8 ./startup/startup_mcxn236.o
                0x00003770                LP_FLEXCOMM4_IRQHandler
 .text.LP_FLEXCOMM5_IRQHandler
                0x00003778        0x8 ./startup/startup_mcxn236.o
                0x00003778                LP_FLEXCOMM5_IRQHandler
 .text.LP_FLEXCOMM6_IRQHandler
                0x00003780        0x8 ./startup/startup_mcxn236.o
                0x00003780                LP_FLEXCOMM6_IRQHandler
 .text.LP_FLEXCOMM7_IRQHandler
                0x00003788        0x8 ./startup/startup_mcxn236.o
                0x00003788                LP_FLEXCOMM7_IRQHandler
 .text.Reserved59_IRQHandler
                0x00003790        0x8 ./startup/startup_mcxn236.o
                0x00003790                Reserved59_IRQHandler
 .text.Reserved60_IRQHandler
                0x00003798        0x8 ./startup/startup_mcxn236.o
                0x00003798                Reserved60_IRQHandler
 .text.ADC0_IRQHandler
                0x000037a0        0x8 ./startup/startup_mcxn236.o
                0x000037a0                ADC0_IRQHandler
 .text.ADC1_IRQHandler
                0x000037a8        0x8 ./startup/startup_mcxn236.o
                0x000037a8                ADC1_IRQHandler
 .text.PINT0_IRQHandler
                0x000037b0        0x8 ./startup/startup_mcxn236.o
                0x000037b0                PINT0_IRQHandler
 .text.PDM_EVENT_IRQHandler
                0x000037b8        0x8 ./startup/startup_mcxn236.o
                0x000037b8                PDM_EVENT_IRQHandler
 .text.Reserved65_IRQHandler
                0x000037c0        0x8 ./startup/startup_mcxn236.o
                0x000037c0                Reserved65_IRQHandler
 .text.Reserved66_IRQHandler
                0x000037c8        0x8 ./startup/startup_mcxn236.o
                0x000037c8                Reserved66_IRQHandler
 .text.USB0_DCD_IRQHandler
                0x000037d0        0x8 ./startup/startup_mcxn236.o
                0x000037d0                USB0_DCD_IRQHandler
 .text.RTC_IRQHandler
                0x000037d8        0x8 ./startup/startup_mcxn236.o
                0x000037d8                RTC_IRQHandler
 .text.SMARTDMA_IRQHandler
                0x000037e0        0x8 ./startup/startup_mcxn236.o
                0x000037e0                SMARTDMA_IRQHandler
 .text.Reserved70_IRQHandler
                0x000037e8        0x8 ./startup/startup_mcxn236.o
                0x000037e8                Reserved70_IRQHandler
 .text.CTIMER3_IRQHandler
                0x000037f0        0x8 ./startup/startup_mcxn236.o
                0x000037f0                CTIMER3_IRQHandler
 .text.CTIMER4_IRQHandler
                0x000037f8        0x8 ./startup/startup_mcxn236.o
                0x000037f8                CTIMER4_IRQHandler
 .text.OS_EVENT_IRQHandler
                0x00003800        0x8 ./startup/startup_mcxn236.o
                0x00003800                OS_EVENT_IRQHandler
 .text.Reserved74_IRQHandler
                0x00003808        0x8 ./startup/startup_mcxn236.o
                0x00003808                Reserved74_IRQHandler
 .text.SAI0_IRQHandler
                0x00003810        0x8 ./startup/startup_mcxn236.o
                0x00003810                SAI0_IRQHandler
 .text.SAI1_IRQHandler
                0x00003818        0x8 ./startup/startup_mcxn236.o
                0x00003818                SAI1_IRQHandler
 .text.Reserved77_IRQHandler
                0x00003820        0x8 ./startup/startup_mcxn236.o
                0x00003820                Reserved77_IRQHandler
 .text.CAN0_IRQHandler
                0x00003828        0x8 ./startup/startup_mcxn236.o
                0x00003828                CAN0_IRQHandler
 .text.CAN1_IRQHandler
                0x00003830        0x8 ./startup/startup_mcxn236.o
                0x00003830                CAN1_IRQHandler
 .text.Reserved80_IRQHandler
                0x00003838        0x8 ./startup/startup_mcxn236.o
                0x00003838                Reserved80_IRQHandler
 .text.Reserved81_IRQHandler
                0x00003840        0x8 ./startup/startup_mcxn236.o
                0x00003840                Reserved81_IRQHandler
 .text.USB1_HS_PHY_IRQHandler
                0x00003848        0x8 ./startup/startup_mcxn236.o
                0x00003848                USB1_HS_PHY_IRQHandler
 .text.USB1_HS_IRQHandler
                0x00003850        0x8 ./startup/startup_mcxn236.o
                0x00003850                USB1_HS_IRQHandler
 .text.SEC_HYPERVISOR_CALL_IRQHandler
                0x00003858        0x8 ./startup/startup_mcxn236.o
                0x00003858                SEC_HYPERVISOR_CALL_IRQHandler
 .text.Reserved85_IRQHandler
                0x00003860        0x8 ./startup/startup_mcxn236.o
                0x00003860                Reserved85_IRQHandler
 .text.Reserved86_IRQHandler
                0x00003868        0x8 ./startup/startup_mcxn236.o
                0x00003868                Reserved86_IRQHandler
 .text.Freqme_IRQHandler
                0x00003870        0x8 ./startup/startup_mcxn236.o
                0x00003870                Freqme_IRQHandler
 .text.SEC_VIO_IRQHandler
                0x00003878        0x8 ./startup/startup_mcxn236.o
                0x00003878                SEC_VIO_IRQHandler
 .text.ELS_IRQHandler
                0x00003880        0x8 ./startup/startup_mcxn236.o
                0x00003880                ELS_IRQHandler
 .text.PKC_IRQHandler
                0x00003888        0x8 ./startup/startup_mcxn236.o
                0x00003888                PKC_IRQHandler
 .text.PUF_IRQHandler
                0x00003890        0x8 ./startup/startup_mcxn236.o
                0x00003890                PUF_IRQHandler
 .text.Reserved92_IRQHandler
                0x00003898        0x8 ./startup/startup_mcxn236.o
                0x00003898                Reserved92_IRQHandler
 .text.EDMA_1_CH0_IRQHandler
                0x000038a0        0x8 ./startup/startup_mcxn236.o
                0x000038a0                EDMA_1_CH0_IRQHandler
 .text.EDMA_1_CH1_IRQHandler
                0x000038a8        0x8 ./startup/startup_mcxn236.o
                0x000038a8                EDMA_1_CH1_IRQHandler
 .text.EDMA_1_CH2_IRQHandler
                0x000038b0        0x8 ./startup/startup_mcxn236.o
                0x000038b0                EDMA_1_CH2_IRQHandler
 .text.EDMA_1_CH3_IRQHandler
                0x000038b8        0x8 ./startup/startup_mcxn236.o
                0x000038b8                EDMA_1_CH3_IRQHandler
 .text.EDMA_1_CH4_IRQHandler
                0x000038c0        0x8 ./startup/startup_mcxn236.o
                0x000038c0                EDMA_1_CH4_IRQHandler
 .text.EDMA_1_CH5_IRQHandler
                0x000038c8        0x8 ./startup/startup_mcxn236.o
                0x000038c8                EDMA_1_CH5_IRQHandler
 .text.EDMA_1_CH6_IRQHandler
                0x000038d0        0x8 ./startup/startup_mcxn236.o
                0x000038d0                EDMA_1_CH6_IRQHandler
 .text.EDMA_1_CH7_IRQHandler
                0x000038d8        0x8 ./startup/startup_mcxn236.o
                0x000038d8                EDMA_1_CH7_IRQHandler
 .text.Reserved101_IRQHandler
                0x000038e0        0x8 ./startup/startup_mcxn236.o
                0x000038e0                Reserved101_IRQHandler
 .text.Reserved102_IRQHandler
                0x000038e8        0x8 ./startup/startup_mcxn236.o
                0x000038e8                Reserved102_IRQHandler
 .text.Reserved103_IRQHandler
                0x000038f0        0x8 ./startup/startup_mcxn236.o
                0x000038f0                Reserved103_IRQHandler
 .text.Reserved104_IRQHandler
                0x000038f8        0x8 ./startup/startup_mcxn236.o
                0x000038f8                Reserved104_IRQHandler
 .text.Reserved105_IRQHandler
                0x00003900        0x8 ./startup/startup_mcxn236.o
                0x00003900                Reserved105_IRQHandler
 .text.Reserved106_IRQHandler
                0x00003908        0x8 ./startup/startup_mcxn236.o
                0x00003908                Reserved106_IRQHandler
 .text.Reserved107_IRQHandler
                0x00003910        0x8 ./startup/startup_mcxn236.o
                0x00003910                Reserved107_IRQHandler
 .text.Reserved108_IRQHandler
                0x00003918        0x8 ./startup/startup_mcxn236.o
                0x00003918                Reserved108_IRQHandler
 .text.CDOG0_IRQHandler
                0x00003920        0x8 ./startup/startup_mcxn236.o
                0x00003920                CDOG0_IRQHandler
 .text.CDOG1_IRQHandler
                0x00003928        0x8 ./startup/startup_mcxn236.o
                0x00003928                CDOG1_IRQHandler
 .text.I3C0_IRQHandler
                0x00003930        0x8 ./startup/startup_mcxn236.o
                0x00003930                I3C0_IRQHandler
 .text.I3C1_IRQHandler
                0x00003938        0x8 ./startup/startup_mcxn236.o
                0x00003938                I3C1_IRQHandler
 .text.Reserved113_IRQHandler
                0x00003940        0x8 ./startup/startup_mcxn236.o
                0x00003940                Reserved113_IRQHandler
 .text.GDET_IRQHandler
                0x00003948        0x8 ./startup/startup_mcxn236.o
                0x00003948                GDET_IRQHandler
 .text.VBAT0_IRQHandler
                0x00003950        0x8 ./startup/startup_mcxn236.o
                0x00003950                VBAT0_IRQHandler
 .text.EWM0_IRQHandler
                0x00003958        0x8 ./startup/startup_mcxn236.o
                0x00003958                EWM0_IRQHandler
 .text.Reserved117_IRQHandler
                0x00003960        0x8 ./startup/startup_mcxn236.o
                0x00003960                Reserved117_IRQHandler
 .text.Reserved118_IRQHandler
                0x00003968        0x8 ./startup/startup_mcxn236.o
                0x00003968                Reserved118_IRQHandler
 .text.Reserved119_IRQHandler
                0x00003970        0x8 ./startup/startup_mcxn236.o
                0x00003970                Reserved119_IRQHandler
 .text.Reserved120_IRQHandler
                0x00003978        0x8 ./startup/startup_mcxn236.o
                0x00003978                Reserved120_IRQHandler
 .text.FLEXIO_IRQHandler
                0x00003980        0x8 ./startup/startup_mcxn236.o
                0x00003980                FLEXIO_IRQHandler
 .text.Reserved122_IRQHandler
                0x00003988        0x8 ./startup/startup_mcxn236.o
                0x00003988                Reserved122_IRQHandler
 .text.Reserved123_IRQHandler
                0x00003990        0x8 ./startup/startup_mcxn236.o
                0x00003990                Reserved123_IRQHandler
 .text.Reserved124_IRQHandler
                0x00003998        0x8 ./startup/startup_mcxn236.o
                0x00003998                Reserved124_IRQHandler
 .text.HSCMP0_IRQHandler
                0x000039a0        0x8 ./startup/startup_mcxn236.o
                0x000039a0                HSCMP0_IRQHandler
 .text.HSCMP1_IRQHandler
                0x000039a8        0x8 ./startup/startup_mcxn236.o
                0x000039a8                HSCMP1_IRQHandler
 .text.Reserved127_IRQHandler
                0x000039b0        0x8 ./startup/startup_mcxn236.o
                0x000039b0                Reserved127_IRQHandler
 .text.FLEXPWM0_RELOAD_ERROR_IRQHandler
                0x000039b8        0x8 ./startup/startup_mcxn236.o
                0x000039b8                FLEXPWM0_RELOAD_ERROR_IRQHandler
 .text.FLEXPWM0_FAULT_IRQHandler
                0x000039c0        0x8 ./startup/startup_mcxn236.o
                0x000039c0                FLEXPWM0_FAULT_IRQHandler
 .text.FLEXPWM0_SUBMODULE0_IRQHandler
                0x000039c8        0x8 ./startup/startup_mcxn236.o
                0x000039c8                FLEXPWM0_SUBMODULE0_IRQHandler
 .text.FLEXPWM0_SUBMODULE1_IRQHandler
                0x000039d0        0x8 ./startup/startup_mcxn236.o
                0x000039d0                FLEXPWM0_SUBMODULE1_IRQHandler
 .text.FLEXPWM0_SUBMODULE2_IRQHandler
                0x000039d8        0x8 ./startup/startup_mcxn236.o
                0x000039d8                FLEXPWM0_SUBMODULE2_IRQHandler
 .text.FLEXPWM0_SUBMODULE3_IRQHandler
                0x000039e0        0x8 ./startup/startup_mcxn236.o
                0x000039e0                FLEXPWM0_SUBMODULE3_IRQHandler
 .text.FLEXPWM1_RELOAD_ERROR_IRQHandler
                0x000039e8        0x8 ./startup/startup_mcxn236.o
                0x000039e8                FLEXPWM1_RELOAD_ERROR_IRQHandler
 .text.FLEXPWM1_FAULT_IRQHandler
                0x000039f0        0x8 ./startup/startup_mcxn236.o
                0x000039f0                FLEXPWM1_FAULT_IRQHandler
 .text.FLEXPWM1_SUBMODULE0_IRQHandler
                0x000039f8        0x8 ./startup/startup_mcxn236.o
                0x000039f8                FLEXPWM1_SUBMODULE0_IRQHandler
 .text.FLEXPWM1_SUBMODULE1_IRQHandler
                0x00003a00        0x8 ./startup/startup_mcxn236.o
                0x00003a00                FLEXPWM1_SUBMODULE1_IRQHandler
 .text.FLEXPWM1_SUBMODULE2_IRQHandler
                0x00003a08        0x8 ./startup/startup_mcxn236.o
                0x00003a08                FLEXPWM1_SUBMODULE2_IRQHandler
 .text.FLEXPWM1_SUBMODULE3_IRQHandler
                0x00003a10        0x8 ./startup/startup_mcxn236.o
                0x00003a10                FLEXPWM1_SUBMODULE3_IRQHandler
 .text.QDC0_COMPARE_IRQHandler
                0x00003a18        0x8 ./startup/startup_mcxn236.o
                0x00003a18                QDC0_COMPARE_IRQHandler
 .text.QDC0_HOME_IRQHandler
                0x00003a20        0x8 ./startup/startup_mcxn236.o
                0x00003a20                QDC0_HOME_IRQHandler
 .text.QDC0_WDG_SAB_IRQHandler
                0x00003a28        0x8 ./startup/startup_mcxn236.o
                0x00003a28                QDC0_WDG_SAB_IRQHandler
 .text.QDC0_IDX_IRQHandler
                0x00003a30        0x8 ./startup/startup_mcxn236.o
                0x00003a30                QDC0_IDX_IRQHandler
 .text.QDC1_COMPARE_IRQHandler
                0x00003a38        0x8 ./startup/startup_mcxn236.o
                0x00003a38                QDC1_COMPARE_IRQHandler
 .text.QDC1_HOME_IRQHandler
                0x00003a40        0x8 ./startup/startup_mcxn236.o
                0x00003a40                QDC1_HOME_IRQHandler
 .text.QDC1_WDG_SAB_IRQHandler
                0x00003a48        0x8 ./startup/startup_mcxn236.o
                0x00003a48                QDC1_WDG_SAB_IRQHandler
 .text.QDC1_IDX_IRQHandler
                0x00003a50        0x8 ./startup/startup_mcxn236.o
                0x00003a50                QDC1_IDX_IRQHandler
 .text.ITRC0_IRQHandler
                0x00003a58        0x8 ./startup/startup_mcxn236.o
                0x00003a58                ITRC0_IRQHandler
 .text.Reserved149_IRQHandler
                0x00003a60        0x8 ./startup/startup_mcxn236.o
                0x00003a60                Reserved149_IRQHandler
 .text.ELS_ERR_IRQHandler
                0x00003a68        0x8 ./startup/startup_mcxn236.o
                0x00003a68                ELS_ERR_IRQHandler
 .text.PKC_ERR_IRQHandler
                0x00003a70        0x8 ./startup/startup_mcxn236.o
                0x00003a70                PKC_ERR_IRQHandler
 .text.ERM_SINGLE_BIT_ERROR_IRQHandler
                0x00003a78        0x8 ./startup/startup_mcxn236.o
                0x00003a78                ERM_SINGLE_BIT_ERROR_IRQHandler
 .text.ERM_MULTI_BIT_ERROR_IRQHandler
                0x00003a80        0x8 ./startup/startup_mcxn236.o
                0x00003a80                ERM_MULTI_BIT_ERROR_IRQHandler
 .text.FMU0_IRQHandler
                0x00003a88        0x8 ./startup/startup_mcxn236.o
                0x00003a88                FMU0_IRQHandler
 .text.Reserved155_IRQHandler
                0x00003a90        0x8 ./startup/startup_mcxn236.o
                0x00003a90                Reserved155_IRQHandler
 .text.Reserved156_IRQHandler
                0x00003a98        0x8 ./startup/startup_mcxn236.o
                0x00003a98                Reserved156_IRQHandler
 .text.Reserved157_IRQHandler
                0x00003aa0        0x8 ./startup/startup_mcxn236.o
                0x00003aa0                Reserved157_IRQHandler
 .text.Reserved158_IRQHandler
                0x00003aa8        0x8 ./startup/startup_mcxn236.o
                0x00003aa8                Reserved158_IRQHandler
 .text.LPTMR0_IRQHandler
                0x00003ab0        0x8 ./startup/startup_mcxn236.o
                0x00003ab0                LPTMR0_IRQHandler
 .text.LPTMR1_IRQHandler
                0x00003ab8        0x8 ./startup/startup_mcxn236.o
                0x00003ab8                LPTMR1_IRQHandler
 .text.SCG_IRQHandler
                0x00003ac0        0x8 ./startup/startup_mcxn236.o
                0x00003ac0                SCG_IRQHandler
 .text.SPC_IRQHandler
                0x00003ac8        0x8 ./startup/startup_mcxn236.o
                0x00003ac8                SPC_IRQHandler
 .text.WUU_IRQHandler
                0x00003ad0        0x8 ./startup/startup_mcxn236.o
                0x00003ad0                WUU_IRQHandler
 .text.PORT_EFT_IRQHandler
                0x00003ad8        0x8 ./startup/startup_mcxn236.o
                0x00003ad8                PORT_EFT_IRQHandler
 .text.Reserved165_IRQHandler
                0x00003ae0        0x8 ./startup/startup_mcxn236.o
                0x00003ae0                Reserved165_IRQHandler
 .text.Reserved166_IRQHandler
                0x00003ae8        0x8 ./startup/startup_mcxn236.o
                0x00003ae8                Reserved166_IRQHandler
 .text.Reserved167_IRQHandler
                0x00003af0        0x8 ./startup/startup_mcxn236.o
                0x00003af0                Reserved167_IRQHandler
 .text.WWDT0_IRQHandler
                0x00003af8        0x8 ./startup/startup_mcxn236.o
                0x00003af8                WWDT0_IRQHandler
 .text.WWDT1_IRQHandler
                0x00003b00        0x8 ./startup/startup_mcxn236.o
                0x00003b00                WWDT1_IRQHandler
 .text.CMC0_IRQHandler
                0x00003b08        0x8 ./startup/startup_mcxn236.o
                0x00003b08                CMC0_IRQHandler
 .text.main     0x00003b10       0x16 ./source/MCXN236_Project.o
                0x00003b10                main
 .text.board_init
                0x00003b26       0x18 ./source/MCXN236_Project.o
                0x00003b26                board_init
 .text.HardFault_Handler
                0x00003b3e       0x36 ./source/semihost_hardfault.o
                0x00003b3e                HardFault_Handler
 .text.vPortSVCHandler_C
                0x00003b74       0x32 ./freertos/freertos-kernel/portable/GCC/ARM_CM33_NTZ/non_secure/port.o
                0x00003b74                vPortSVCHandler_C
 .text.ulSetInterruptMask
                0x00003ba6       0x1a ./freertos/freertos-kernel/portable/GCC/ARM_CM33_NTZ/non_secure/portasm.o
                0x00003ba6                ulSetInterruptMask
 .text.vClearInterruptMask
                0x00003bc0       0x10 ./freertos/freertos-kernel/portable/GCC/ARM_CM33_NTZ/non_secure/portasm.o
                0x00003bc0                vClearInterruptMask
 .text.vListInitialise
                0x00003bd0       0x40 ./freertos/freertos-kernel/list.o
                0x00003bd0                vListInitialise
 .text.vListInitialiseItem
                0x00003c10       0x1a ./freertos/freertos-kernel/list.o
                0x00003c10                vListInitialiseItem
 .text.vListInsert
                0x00003c2a       0x72 ./freertos/freertos-kernel/list.o
                0x00003c2a                vListInsert
 .text.uxListRemove
                0x00003c9c       0x54 ./freertos/freertos-kernel/list.o
                0x00003c9c                uxListRemove
 .text.xQueueGenericReset
                0x00003cf0       0xf2 ./freertos/freertos-kernel/queue.o
                0x00003cf0                xQueueGenericReset
 .text.xQueueGenericCreate
                0x00003de2       0x8e ./freertos/freertos-kernel/queue.o
                0x00003de2                xQueueGenericCreate
 .text.prvInitialiseNewQueue
                0x00003e70       0x46 ./freertos/freertos-kernel/queue.o
 .text.xQueueReceive
                0x00003eb6      0x178 ./freertos/freertos-kernel/queue.o
                0x00003eb6                xQueueReceive
 .text.xQueueSemaphoreTake
                0x0000402e      0x1b8 ./freertos/freertos-kernel/queue.o
                0x0000402e                xQueueSemaphoreTake
 .text.prvGetDisinheritPriorityAfterTimeout
                0x000041e6       0x30 ./freertos/freertos-kernel/queue.o
 .text.prvCopyDataFromQueue
                0x00004216       0x4c ./freertos/freertos-kernel/queue.o
 .text.prvUnlockQueue
                0x00004262       0xa4 ./freertos/freertos-kernel/queue.o
 .text.prvIsQueueEmpty
                0x00004306       0x2c ./freertos/freertos-kernel/queue.o
 .text.vQueueWaitForMessageRestricted
                0x00004332       0x68 ./freertos/freertos-kernel/queue.o
                0x00004332                vQueueWaitForMessageRestricted
 .text.xTaskCreate
                0x0000439a       0x8c ./freertos/freertos-kernel/tasks.o
                0x0000439a                xTaskCreate
 .text.prvInitialiseNewTask
                0x00004426      0x104 ./freertos/freertos-kernel/tasks.o
 .text.prvDeleteTCB
                0x0000452a       0x20 ./freertos/freertos-kernel/tasks.o
 .text.prvReloadTimer
                0x0000454a       0x42 ./freertos/freertos-kernel/timers.o
 .text.prvTimerTask
                0x0000458c       0x26 ./freertos/freertos-kernel/timers.o
 .text.CLOCK_GetPll0OutFreq
                0x000045b2       0x82 ./drivers/fsl_clock.o
                0x000045b2                CLOCK_GetPll0OutFreq
 .text.CLOCK_EnableClock
                0x00004634       0x94 ./drivers/fsl_lpflexcomm.o
 .text.LP_FLEXCOMM_PeripheralIsPresent
                0x000046c8       0x52 ./drivers/fsl_lpflexcomm.o
 .text.LP_FLEXCOMM0_DriverIRQHandler
                0x0000471a        0xe ./drivers/fsl_lpflexcomm.o
                0x0000471a                LP_FLEXCOMM0_DriverIRQHandler
 .text.LP_FLEXCOMM1_DriverIRQHandler
                0x00004728        0xe ./drivers/fsl_lpflexcomm.o
                0x00004728                LP_FLEXCOMM1_DriverIRQHandler
 .text.LP_FLEXCOMM2_DriverIRQHandler
                0x00004736        0xe ./drivers/fsl_lpflexcomm.o
                0x00004736                LP_FLEXCOMM2_DriverIRQHandler
 .text.LP_FLEXCOMM3_DriverIRQHandler
                0x00004744        0xe ./drivers/fsl_lpflexcomm.o
                0x00004744                LP_FLEXCOMM3_DriverIRQHandler
 .text.LP_FLEXCOMM4_DriverIRQHandler
                0x00004752        0xe ./drivers/fsl_lpflexcomm.o
                0x00004752                LP_FLEXCOMM4_DriverIRQHandler
 .text.LP_FLEXCOMM5_DriverIRQHandler
                0x00004760        0xe ./drivers/fsl_lpflexcomm.o
                0x00004760                LP_FLEXCOMM5_DriverIRQHandler
 .text.LP_FLEXCOMM6_DriverIRQHandler
                0x0000476e        0xe ./drivers/fsl_lpflexcomm.o
                0x0000476e                LP_FLEXCOMM6_DriverIRQHandler
 .text.LP_FLEXCOMM7_DriverIRQHandler
                0x0000477c        0xe ./drivers/fsl_lpflexcomm.o
                0x0000477c                LP_FLEXCOMM7_DriverIRQHandler
 .text.LPUART_SoftwareReset
                0x0000478a       0x2c ./drivers/fsl_lpuart.o
 .text.SPC_GetActiveModeBandgapMode
                0x000047b6       0x22 ./drivers/fsl_spc.o
 .text.SPC_GetActiveModeVoltageDetectStatus
                0x000047d8       0x22 ./drivers/fsl_spc.o
 .text.SPC_GetActiveModeCoreLDOVDDVoltageLevel
                0x000047fa       0x22 ./drivers/fsl_spc.o
 .text.SPC_GetActiveModeCoreLDODriveStrength
                0x0000481c       0x22 ./drivers/fsl_spc.o
 .text.SPC_SetActiveModeDCDCRegulatorVoltageLevel
                0x0000483e       0x32 ./drivers/fsl_spc.o
 .text.SPC_SetActiveModeCoreLDORegulatorVoltageLevel
                0x00004870       0x34 ./drivers/fsl_spc.o
                0x00004870                SPC_SetActiveModeCoreLDORegulatorVoltageLevel
 .text.SPC_SetActiveModeCoreLDORegulatorDriveStrength
                0x000048a4       0x5e ./drivers/fsl_spc.o
                0x000048a4                SPC_SetActiveModeCoreLDORegulatorDriveStrength
 .text.SPC_SetActiveModeDCDCRegulatorDriveStrength
                0x00004902       0x60 ./drivers/fsl_spc.o
                0x00004902                SPC_SetActiveModeDCDCRegulatorDriveStrength
 .text.SystemInitHook
                0x00004962        0xe ./device/system_MCXN236.o
                0x00004962                SystemInitHook
 .text.HAL_UartGetStatus
                0x00004970       0x28 ./component/uart/fsl_adapter_lpuart.o
 .text.DisableGlobalIRQ
                0x00004998       0x22 ./component/serial_manager/fsl_component_serial_manager.o
 .text.EnableGlobalIRQ
                0x000049ba       0x20 ./component/serial_manager/fsl_component_serial_manager.o
 .text.SerialManager_Init
                0x000049da       0x60 ./component/serial_manager/fsl_component_serial_manager.o
                0x000049da                SerialManager_Init
 .text.SerialManager_OpenWriteHandle
                0x00004a3a       0x50 ./component/serial_manager/fsl_component_serial_manager.o
                0x00004a3a                SerialManager_OpenWriteHandle
 .text.SerialManager_OpenReadHandle
                0x00004a8a       0x60 ./component/serial_manager/fsl_component_serial_manager.o
                0x00004a8a                SerialManager_OpenReadHandle
 .text.Serial_UartInit
                0x00004aea       0x3e ./component/serial_manager/fsl_component_serial_port_uart.o
                0x00004aea                Serial_UartInit
 .text.CLOCK_EnableClock
                0x00004b28       0x94 ./board/clock_config.o
 .text.BOARD_InitBootClocks
                0x00004bbc        0xc ./board/clock_config.o
                0x00004bbc                BOARD_InitBootClocks
 .text.BOARD_InitPeripherals
                0x00004bc8        0xe ./board/peripherals.o
                0x00004bc8                BOARD_InitPeripherals
 .text.BOARD_InitBootPeripherals
                0x00004bd6        0xc ./board/peripherals.o
                0x00004bd6                BOARD_InitBootPeripherals
 .text.CLOCK_EnableClock
                0x00004be2       0x94 ./board/pin_mux.o
 .text.BOARD_InitBootPins
                0x00004c76        0xc ./board/pin_mux.o
                0x00004c76                BOARD_InitBootPins
 .text.__main   0x00004c82        0xe c:/nxp/mcuxpressoide_11.9.1_2170/ide/plugins/com.nxp.mcuxpresso.tools.win32_11.9.1.202402080819/tools/bin/../lib/gcc/arm-none-eabi/12.3.1/../../../../arm-none-eabi/lib/thumb/v8-m.main+fp/hard\libcr_nohost_nf.a(_cr__main.o)
                0x00004c82                __main
 .text.__sys_appexit
                0x00004c90        0x2 c:/nxp/mcuxpressoide_11.9.1_2170/ide/plugins/com.nxp.mcuxpresso.tools.win32_11.9.1.202402080819/tools/bin/../lib/gcc/arm-none-eabi/12.3.1/../../../../arm-none-eabi/lib/thumb/v8-m.main+fp/hard\libcr_nohost_nf.a(__sys_appexit.o)
                0x00004c90                __sys_appexit
                0x00004c90                __exit
 .text.memcpy   0x00004c92        0x4 c:/nxp/mcuxpressoide_11.9.1_2170/ide/plugins/com.nxp.mcuxpresso.tools.win32_11.9.1.202402080819/tools/bin/../lib/gcc/arm-none-eabi/12.3.1/../../../../arm-none-eabi/lib/thumb/v8-m.main+fp/hard\libcr_c.a(memcpy.o)
                0x00004c92                memcpy
 .text.memset   0x00004c96        0x4 c:/nxp/mcuxpressoide_11.9.1_2170/ide/plugins/com.nxp.mcuxpresso.tools.win32_11.9.1.202402080819/tools/bin/../lib/gcc/arm-none-eabi/12.3.1/../../../../arm-none-eabi/lib/thumb/v8-m.main+fp/hard\libcr_c.a(memset.o)
                0x00004c96                memset
 .text._deferredlazyseek
                0x00004c9a       0x40 c:/nxp/mcuxpressoide_11.9.1_2170/ide/plugins/com.nxp.mcuxpresso.tools.win32_11.9.1.202402080819/tools/bin/../lib/gcc/arm-none-eabi/12.3.1/../../../../arm-none-eabi/lib/thumb/v8-m.main+fp/hard\libcr_c.a(_deferredlazyseek.o)
                0x00004c9a                _deferredlazyseek
 .text.__flsbuf
                0x00004cda      0x140 c:/nxp/mcuxpressoide_11.9.1_2170/ide/plugins/com.nxp.mcuxpresso.tools.win32_11.9.1.202402080819/tools/bin/../lib/gcc/arm-none-eabi/12.3.1/../../../../arm-none-eabi/lib/thumb/v8-m.main+fp/hard\libcr_c.a(_deferredlazyseek.o)
                0x00004cda                __flsbuf
 .text._fflush  0x00004e1a       0x52 c:/nxp/mcuxpressoide_11.9.1_2170/ide/plugins/com.nxp.mcuxpresso.tools.win32_11.9.1.202402080819/tools/bin/../lib/gcc/arm-none-eabi/12.3.1/../../../../arm-none-eabi/lib/thumb/v8-m.main+fp/hard\libcr_c.a(_fflush.o)
                0x00004e1a                _fflush
 .text.free     0x00004e6c       0x30 c:/nxp/mcuxpressoide_11.9.1_2170/ide/plugins/com.nxp.mcuxpresso.tools.win32_11.9.1.202402080819/tools/bin/../lib/gcc/arm-none-eabi/12.3.1/../../../../arm-none-eabi/lib/thumb/v8-m.main+fp/hard\libcr_c.a(alloc.o)
                0x00004e6c                free
 .text.fputs    0x00004e9c       0x2c c:/nxp/mcuxpressoide_11.9.1_2170/ide/plugins/com.nxp.mcuxpresso.tools.win32_11.9.1.202402080819/tools/bin/../lib/gcc/arm-none-eabi/12.3.1/../../../../arm-none-eabi/lib/thumb/v8-m.main+fp/hard\libcr_c.a(fputs.o)
                0x00004e9c                fputs
 .text.setvbuf  0x00004ec8       0x3e c:/nxp/mcuxpressoide_11.9.1_2170/ide/plugins/com.nxp.mcuxpresso.tools.win32_11.9.1.202402080819/tools/bin/../lib/gcc/arm-none-eabi/12.3.1/../../../../arm-none-eabi/lib/thumb/v8-m.main+fp/hard\libcr_c.a(setvbuf.o)
                0x00004ec8                setvbuf
 .text.strlen   0x00004f06       0x4e c:/nxp/mcuxpressoide_11.9.1_2170/ide/plugins/com.nxp.mcuxpresso.tools.win32_11.9.1.202402080819/tools/bin/../lib/gcc/arm-none-eabi/12.3.1/../../../../arm-none-eabi/lib/thumb/v8-m.main+fp/hard\libcr_c.a(strlen.o)
                0x00004f06                strlen
 .text._fdopen  0x00004f54       0x68 c:/nxp/mcuxpressoide_11.9.1_2170/ide/plugins/com.nxp.mcuxpresso.tools.win32_11.9.1.202402080819/tools/bin/../lib/gcc/arm-none-eabi/12.3.1/../../../../arm-none-eabi/lib/thumb/v8-m.main+fp/hard\libcr_c.a(_fdopen.o)
                0x00004f54                _fdopen
 .text.fclose   0x00004fbc       0x58 c:/nxp/mcuxpressoide_11.9.1_2170/ide/plugins/com.nxp.mcuxpresso.tools.win32_11.9.1.202402080819/tools/bin/../lib/gcc/arm-none-eabi/12.3.1/../../../../arm-none-eabi/lib/thumb/v8-m.main+fp/hard\libcr_c.a(fclose.o)
                0x00004fbc                fclose
 .text.remove   0x00005014       0x14 c:/nxp/mcuxpressoide_11.9.1_2170/ide/plugins/com.nxp.mcuxpresso.tools.win32_11.9.1.202402080819/tools/bin/../lib/gcc/arm-none-eabi/12.3.1/../../../../arm-none-eabi/lib/thumb/v8-m.main+fp/hard\libcr_c.a(remove.o)
                0x00005014                remove
 .text._do_fflush
                0x00005028       0x40 c:/nxp/mcuxpressoide_11.9.1_2170/ide/plugins/com.nxp.mcuxpresso.tools.win32_11.9.1.202402080819/tools/bin/../lib/gcc/arm-none-eabi/12.3.1/../../../../arm-none-eabi/lib/thumb/v8-m.main+fp/hard\libcr_c.a(_do_fflush.o)
                0x00005028                _do_fflush
 .text.__aeabi_f2ulz
                0x00005068       0x3e c:/nxp/mcuxpressoide_11.9.1_2170/ide/plugins/com.nxp.mcuxpresso.tools.win32_11.9.1.202402080819/tools/bin/../lib/gcc/arm-none-eabi/12.3.1/thumb/v8-m.main+fp/hard\libcr_eabihelpers.a(float.o)
                0x00005068                __aeabi_f2ulz
 .text.__aeabi_memcpy
                0x000050a6       0x34 c:/nxp/mcuxpressoide_11.9.1_2170/ide/plugins/com.nxp.mcuxpresso.tools.win32_11.9.1.202402080819/tools/bin/../lib/gcc/arm-none-eabi/12.3.1/thumb/v8-m.main+fp/hard\libcr_eabihelpers.a(memcpy.o)
                0x000050a6                __aeabi_memcpy
                0x000050b0                __aeabi_memcpy8
                0x000050b0                __aeabi_memcpy4
 .text.__aeabi_memset_lowlevel
                0x000050da       0x32 c:/nxp/mcuxpressoide_11.9.1_2170/ide/plugins/com.nxp.mcuxpresso.tools.win32_11.9.1.202402080819/tools/bin/../lib/gcc/arm-none-eabi/12.3.1/thumb/v8-m.main+fp/hard\libcr_eabihelpers.a(memcpy.o)
                0x000050da                __aeabi_lowlevel_memset
 .text.__sys_close
                0x0000510c        0x6 c:/nxp/mcuxpressoide_11.9.1_2170/ide/plugins/com.nxp.mcuxpresso.tools.win32_11.9.1.202402080819/tools/bin/../lib/gcc/arm-none-eabi/12.3.1/../../../../arm-none-eabi/lib/thumb/v8-m.main+fp/hard\libcr_nohost_nf.a(__sys_close.o)
                0x0000510c                __sys_close
 .text.__sys_flen
                0x00005112        0x6 c:/nxp/mcuxpressoide_11.9.1_2170/ide/plugins/com.nxp.mcuxpresso.tools.win32_11.9.1.202402080819/tools/bin/../lib/gcc/arm-none-eabi/12.3.1/../../../../arm-none-eabi/lib/thumb/v8-m.main+fp/hard\libcr_nohost_nf.a(__sys_flen.o)
                0x00005112                __sys_flen
 .text.__sys_istty
                0x00005118        0x6 c:/nxp/mcuxpressoide_11.9.1_2170/ide/plugins/com.nxp.mcuxpresso.tools.win32_11.9.1.202402080819/tools/bin/../lib/gcc/arm-none-eabi/12.3.1/../../../../arm-none-eabi/lib/thumb/v8-m.main+fp/hard\libcr_nohost_nf.a(__sys_istty.o)
                0x00005118                __sys_istty
 .text.__sys_remove
                0x0000511e        0x6 c:/nxp/mcuxpressoide_11.9.1_2170/ide/plugins/com.nxp.mcuxpresso.tools.win32_11.9.1.202402080819/tools/bin/../lib/gcc/arm-none-eabi/12.3.1/../../../../arm-none-eabi/lib/thumb/v8-m.main+fp/hard\libcr_nohost_nf.a(__sys_remove.o)
                0x0000511e                __sys_remove
 .text.__sys_seek
                0x00005124        0x6 c:/nxp/mcuxpressoide_11.9.1_2170/ide/plugins/com.nxp.mcuxpresso.tools.win32_11.9.1.202402080819/tools/bin/../lib/gcc/arm-none-eabi/12.3.1/../../../../arm-none-eabi/lib/thumb/v8-m.main+fp/hard\libcr_nohost_nf.a(__sys_seek.o)
                0x00005124                __sys_seek
 .text.__sys_tmpnam
                0x0000512a        0x6 c:/nxp/mcuxpressoide_11.9.1_2170/ide/plugins/com.nxp.mcuxpresso.tools.win32_11.9.1.202402080819/tools/bin/../lib/gcc/arm-none-eabi/12.3.1/../../../../arm-none-eabi/lib/thumb/v8-m.main+fp/hard\libcr_nohost_nf.a(__sys_tmpnam.o)
                0x0000512a                __sys_tmpnam
 .text.__sys_write
                0x00005130        0x4 c:/nxp/mcuxpressoide_11.9.1_2170/ide/plugins/com.nxp.mcuxpresso.tools.win32_11.9.1.202402080819/tools/bin/../lib/gcc/arm-none-eabi/12.3.1/../../../../arm-none-eabi/lib/thumb/v8-m.main+fp/hard\libcr_nohost_nf.a(__sys_write.o)
                0x00005130                __sys_write
 *freertos*/tasks.o(SORT_BY_ALIGNMENT(.rodata*))
 .rodata.vTaskStartScheduler.str1.4
                0x00005134        0x5 ./freertos/freertos-kernel/tasks.o
 *(SORT_BY_ALIGNMENT(.rodata) SORT_BY_ALIGNMENT(.rodata.*) SORT_BY_ALIGNMENT(.constdata) SORT_BY_ALIGNMENT(.constdata.*))
 *fill*         0x00005139        0x3 ff
 .rodata.LOOP_Start.str1.4
                0x0000513c        0xe ./source/loops.o
 *fill*         0x0000514a        0x2 ff
 .rodata.xTimerCreateTimerTask.str1.4
                0x0000514c        0x8 ./freertos/freertos-kernel/timers.o
 .rodata.prvCheckForValidListAndQueue.str1.4
                0x00005154        0x5 ./freertos/freertos-kernel/timers.o
 *fill*         0x00005159        0x3 ff
 .rodata.s_lpflexcommBase
                0x0000515c       0x20 ./drivers/fsl_lpflexcomm.o
 .rodata.s_lpflexcommClocks
                0x0000517c       0x10 ./drivers/fsl_lpflexcomm.o
 .rodata.s_lpflexcommResets
                0x0000518c       0x20 ./drivers/fsl_lpflexcomm.o
 .rodata.LP_FLEXCOMM_SetPeriph.str1.4
                0x000051ac       0x43 ./drivers/fsl_lpflexcomm.o
 *fill*         0x000051ef        0x1 ff
 .rodata.LP_FLEXCOMM_Init.str1.4
                0x000051f0       0x49 ./drivers/fsl_lpflexcomm.o
 *fill*         0x00005239        0x3 ff
 .rodata.s_lpuartBases
                0x0000523c       0x20 ./drivers/fsl_lpuart.o
 .rodata.LPUART_GetInstance.str1.4
                0x0000525c       0x38 ./drivers/fsl_lpuart.o
 .rodata.LPUART_Init.str1.4
                0x00005294      0x10a ./drivers/fsl_lpuart.o
 *fill*         0x0000539e        0x2 ff
 .rodata.LPUART_GetDefaultConfig.str1.4
                0x000053a0       0x22 ./drivers/fsl_lpuart.o
 *fill*         0x000053c2        0x2 ff
 .rodata.RESET_ClearPeripheralReset.str1.4
                0x000053c4       0x1e ./drivers/fsl_reset.o
 *fill*         0x000053e2        0x2 ff
 .rodata.SPC_SetSRAMOperateVoltage.str1.4
                0x000053e4       0x1f ./drivers/fsl_spc.o
 *fill*         0x00005403        0x1 ff
 .rodata.SPC_SetActiveModeCoreLDORegulatorConfig.str1.4
                0x00005404       0x1f ./drivers/fsl_spc.o
 *fill*         0x00005423        0x1 ff
 .rodata.SPC_SetActiveModeDCDCRegulatorConfig.str1.4
                0x00005424       0x20 ./drivers/fsl_spc.o
 .rodata.s_LpuartAdapterBase
                0x00005444       0x20 ./component/uart/fsl_adapter_lpuart.o
 .rodata.HAL_UartInit.str1.4
                0x00005464      0x116 ./component/uart/fsl_adapter_lpuart.o
 *fill*         0x0000557a        0x2 ff
 .rodata        0x0000557c       0x22 ./board/clock_config.o
 *fill*         0x0000559e        0x2 ff
 .rodata.PORT_SetPinConfig.str1.4
                0x000055a0       0x71 ./board/pin_mux.o
 *fill*         0x00005611        0x3 ff
 .rodata.__num_Ciob_streams
                0x00005614        0x4 c:/nxp/mcuxpressoide_11.9.1_2170/ide/plugins/com.nxp.mcuxpresso.tools.win32_11.9.1.202402080819/tools/bin/../lib/gcc/arm-none-eabi/12.3.1/../../../../arm-none-eabi/lib/thumb/v8-m.main+fp/hard\libcr_nohost_nf.a(__ciob.o)
                0x00005614                __num_Ciob_streams
 .rodata.__assertion_failed.str1.1
                0x00005618       0x15 c:/nxp/mcuxpressoide_11.9.1_2170/ide/plugins/com.nxp.mcuxpresso.tools.win32_11.9.1.202402080819/tools/bin/../lib/gcc/arm-none-eabi/12.3.1/../../../../arm-none-eabi/lib/thumb/v8-m.main+fp/hard\libcr_nohost_nf.a(_cr_assert.o)
 .rodata._Csys_alloc.str1.1
                0x0000562d       0x18 c:/nxp/mcuxpressoide_11.9.1_2170/ide/plugins/com.nxp.mcuxpresso.tools.win32_11.9.1.202402080819/tools/bin/../lib/gcc/arm-none-eabi/12.3.1/../../../../arm-none-eabi/lib/thumb/v8-m.main+fp/hard\libcr_c.a(alloc.o)
 .rodata._initio.str1.1
                0x00005645        0x4 c:/nxp/mcuxpressoide_11.9.1_2170/ide/plugins/com.nxp.mcuxpresso.tools.win32_11.9.1.202402080819/tools/bin/../lib/gcc/arm-none-eabi/12.3.1/../../../../arm-none-eabi/lib/thumb/v8-m.main+fp/hard\libcr_c.a(initio.o)
                0x0000564c                        . = ALIGN (0x4)
 *fill*         0x00005649        0x3 ff

.glue_7         0x0000564c        0x0
 .glue_7        0x0000564c        0x0 linker stubs

.glue_7t        0x0000564c        0x0
 .glue_7t       0x0000564c        0x0 linker stubs

.vfp11_veneer   0x0000564c        0x0
 .vfp11_veneer  0x0000564c        0x0 linker stubs

.v4_bx          0x0000564c        0x0
 .v4_bx         0x0000564c        0x0 linker stubs

.iplt           0x0000564c        0x0
 .iplt          0x0000564c        0x0 ./utilities/fsl_debug_console.o

.rel.dyn        0x0000564c        0x0
 .rel.iplt      0x0000564c        0x0 ./utilities/fsl_debug_console.o

.ARM.extab
 *(SORT_BY_ALIGNMENT(.ARM.extab*) SORT_BY_ALIGNMENT(.gnu.linkonce.armextab.*))

.ARM.exidx      0x0000564c        0x0
                0x0000564c                        __exidx_start = .
 *(SORT_BY_ALIGNMENT(.ARM.exidx*) SORT_BY_ALIGNMENT(.gnu.linkonce.armexidx.*))
                0x0000564c                        __exidx_end = .
                0x0000564c                        _etext = .

.data_RAM2      0x04000000        0x0 load address 0x0000564c
 FILL mask 0xff
                [!provide]                        PROVIDE (__start_data_RAM2 = .)
                [!provide]                        PROVIDE (__start_data_SRAMX = .)
 *(SORT_BY_ALIGNMENT(.ramfunc.$RAM2))
 *(SORT_BY_ALIGNMENT(.ramfunc.$SRAMX))
 *(SORT_BY_ALIGNMENT(.data.$RAM2))
 *(SORT_BY_ALIGNMENT(.data.$SRAMX))
 *(SORT_BY_ALIGNMENT(.data.$RAM2.*))
 *(SORT_BY_ALIGNMENT(.data.$SRAMX.*))
                0x04000000                        . = ALIGN (0x4)
                [!provide]                        PROVIDE (__end_data_RAM2 = .)
                [!provide]                        PROVIDE (__end_data_SRAMX = .)

.uninit_RESERVED
                0x20000000        0x0
                0x20000000                        _start_uninit_RESERVED = .
 *(SORT_BY_ALIGNMENT(.bss.$RESERVED*))
                0x20000000                        . = ALIGN (0x4)
                0x20000000                        _end_uninit_RESERVED = .

.data           0x20000000       0x1c load address 0x0000564c
 FILL mask 0xff
                0x20000000                        _data = .
                [!provide]                        PROVIDE (__start_data_RAM = .)
                [!provide]                        PROVIDE (__start_data_SRAM = .)
 *(SORT_BY_ALIGNMENT(vtable))
 *(SORT_BY_ALIGNMENT(.ramfunc*))
 *(SORT_BY_ALIGNMENT(CodeQuickAccess))
 *(SORT_BY_ALIGNMENT(DataQuickAccess))
 *(SORT_BY_ALIGNMENT(RamFunction))
 *(SORT_BY_ALIGNMENT(.data*))
 .data.elop     0x20000000        0x4 ./source/loops.o
 .data.iotk     0x20000004        0x4 ./source/loops.o
 .data.ulCriticalNesting
                0x20000008        0x4 ./freertos/freertos-kernel/portable/GCC/ARM_CM33_NTZ/non_secure/port.o
 .data.uxTopUsedPriority
                0x2000000c        0x4 ./freertos/freertos-kernel/tasks.o
                0x2000000c                uxTopUsedPriority
 .data.s_Ext_Clk_Freq
                0x20000010        0x4 ./drivers/fsl_clock.o
 .data.s_Xtal32_Freq
                0x20000014        0x4 ./drivers/fsl_clock.o
 .data.SystemCoreClock
                0x20000018        0x4 ./device/system_MCXN236.o
                0x20000018                SystemCoreClock
                0x2000001c                        . = ALIGN (0x4)
                0x2000001c                        _edata = .
                [!provide]                        PROVIDE (__end_data_RAM = .)
                [!provide]                        PROVIDE (__end_data_SRAM = .)

.igot.plt       0x2000001c        0x0 load address 0x00005668
 .igot.plt      0x2000001c        0x0 ./utilities/fsl_debug_console.o

.bss_RAM2       0x04000000        0x0
                [!provide]                        PROVIDE (__start_bss_RAM2 = .)
                [!provide]                        PROVIDE (__start_bss_SRAMX = .)
 *(SORT_BY_ALIGNMENT(.bss.$RAM2))
 *(SORT_BY_ALIGNMENT(.bss.$SRAMX))
 *(SORT_BY_ALIGNMENT(.bss.$RAM2.*))
 *(SORT_BY_ALIGNMENT(.bss.$SRAMX.*))
                0x04000000                        . = ALIGN ((. != 0x0)?0x4:0x1)
                [!provide]                        PROVIDE (__end_bss_RAM2 = .)
                [!provide]                        PROVIDE (__end_bss_SRAMX = .)

.bss            0x2000001c     0x2bb8
                0x2000001c                        _bss = .
                [!provide]                        PROVIDE (__start_bss_RAM = .)
                [!provide]                        PROVIDE (__start_bss_SRAM = .)
 *(SORT_BY_ALIGNMENT(.bss*))
 .bss.s_debugConsoleState
                0x2000001c       0x20 ./utilities/fsl_debug_console.o
 .bss.g_serialHandle
                0x2000003c        0x4 ./utilities/fsl_debug_console.o
                0x2000003c                g_serialHandle
 .bss.event_loop
                0x20000040        0xc ./source/loops.o
 .bss.iotk_handle
                0x2000004c       0x28 ./source/loops.o
 .bss.ucHeap    0x20000074     0x2800 ./freertos/freertos-kernel/portable/MemMang/heap_4.o
 .bss.xStart    0x20002874        0x8 ./freertos/freertos-kernel/portable/MemMang/heap_4.o
 .bss.pxEnd     0x2000287c        0x4 ./freertos/freertos-kernel/portable/MemMang/heap_4.o
 .bss.xFreeBytesRemaining
                0x20002880        0x4 ./freertos/freertos-kernel/portable/MemMang/heap_4.o
 .bss.xMinimumEverFreeBytesRemaining
                0x20002884        0x4 ./freertos/freertos-kernel/portable/MemMang/heap_4.o
 .bss.xNumberOfSuccessfulAllocations
                0x20002888        0x4 ./freertos/freertos-kernel/portable/MemMang/heap_4.o
 .bss.xNumberOfSuccessfulFrees
                0x2000288c        0x4 ./freertos/freertos-kernel/portable/MemMang/heap_4.o
 .bss.xQueueRegistry
                0x20002890       0x40 ./freertos/freertos-kernel/queue.o
                0x20002890                xQueueRegistry
 .bss.pxCurrentTCB
                0x200028d0        0x4 ./freertos/freertos-kernel/tasks.o
                0x200028d0                pxCurrentTCB
 .bss.pxReadyTasksLists
                0x200028d4       0x64 ./freertos/freertos-kernel/tasks.o
 .bss.xDelayedTaskList1
                0x20002938       0x14 ./freertos/freertos-kernel/tasks.o
 .bss.xDelayedTaskList2
                0x2000294c       0x14 ./freertos/freertos-kernel/tasks.o
 .bss.pxDelayedTaskList
                0x20002960        0x4 ./freertos/freertos-kernel/tasks.o
 .bss.pxOverflowDelayedTaskList
                0x20002964        0x4 ./freertos/freertos-kernel/tasks.o
 .bss.xPendingReadyList
                0x20002968       0x14 ./freertos/freertos-kernel/tasks.o
 .bss.xTasksWaitingTermination
                0x2000297c       0x14 ./freertos/freertos-kernel/tasks.o
 .bss.uxDeletedTasksWaitingCleanUp
                0x20002990        0x4 ./freertos/freertos-kernel/tasks.o
 .bss.xSuspendedTaskList
                0x20002994       0x14 ./freertos/freertos-kernel/tasks.o
 .bss.uxCurrentNumberOfTasks
                0x200029a8        0x4 ./freertos/freertos-kernel/tasks.o
 .bss.xTickCount
                0x200029ac        0x4 ./freertos/freertos-kernel/tasks.o
 .bss.uxTopReadyPriority
                0x200029b0        0x4 ./freertos/freertos-kernel/tasks.o
 .bss.xSchedulerRunning
                0x200029b4        0x4 ./freertos/freertos-kernel/tasks.o
 .bss.xPendedTicks
                0x200029b8        0x4 ./freertos/freertos-kernel/tasks.o
 .bss.xYieldPending
                0x200029bc        0x4 ./freertos/freertos-kernel/tasks.o
 .bss.xNumOfOverflows
                0x200029c0        0x4 ./freertos/freertos-kernel/tasks.o
 .bss.uxTaskNumber
                0x200029c4        0x4 ./freertos/freertos-kernel/tasks.o
 .bss.xNextTaskUnblockTime
                0x200029c8        0x4 ./freertos/freertos-kernel/tasks.o
 .bss.xIdleTaskHandle
                0x200029cc        0x4 ./freertos/freertos-kernel/tasks.o
 .bss.uxSchedulerSuspended
                0x200029d0        0x4 ./freertos/freertos-kernel/tasks.o
 .bss.xActiveTimerList1
                0x200029d4       0x14 ./freertos/freertos-kernel/timers.o
 .bss.xActiveTimerList2
                0x200029e8       0x14 ./freertos/freertos-kernel/timers.o
 .bss.pxCurrentTimerList
                0x200029fc        0x4 ./freertos/freertos-kernel/timers.o
 .bss.pxOverflowTimerList
                0x20002a00        0x4 ./freertos/freertos-kernel/timers.o
 .bss.xTimerQueue
                0x20002a04        0x4 ./freertos/freertos-kernel/timers.o
 .bss.xTimerTaskHandle
                0x20002a08        0x4 ./freertos/freertos-kernel/timers.o
 .bss.xLastTime.0
                0x20002a0c        0x4 ./freertos/freertos-kernel/timers.o
 .bss.s_lpflexcommIrqHandler
                0x20002a10       0x80 ./drivers/fsl_lpflexcomm.o
 .bss.s_lpflexcommHandle
                0x20002a90       0x80 ./drivers/fsl_lpflexcomm.o
 .bss.__Ciob    0x20002b10       0xb4 c:/nxp/mcuxpressoide_11.9.1_2170/ide/plugins/com.nxp.mcuxpresso.tools.win32_11.9.1.202402080819/tools/bin/../lib/gcc/arm-none-eabi/12.3.1/../../../../arm-none-eabi/lib/thumb/v8-m.main+fp/hard\libcr_nohost_nf.a(__ciob.o)
                0x20002b10                __Ciob
 .bss.errno     0x20002bc4        0x4 c:/nxp/mcuxpressoide_11.9.1_2170/ide/plugins/com.nxp.mcuxpresso.tools.win32_11.9.1.202402080819/tools/bin/../lib/gcc/arm-none-eabi/12.3.1/../../../../arm-none-eabi/lib/thumb/v8-m.main+fp/hard\libcr_c.a(errno.o)
                0x20002bc4                errno
 .bss.__end_of_heap
                0x20002bc8        0x4 c:/nxp/mcuxpressoide_11.9.1_2170/ide/plugins/com.nxp.mcuxpresso.tools.win32_11.9.1.202402080819/tools/bin/../lib/gcc/arm-none-eabi/12.3.1/../../../../arm-none-eabi/lib/thumb/v8-m.main+fp/hard\libcr_c.a(__init_alloc.o)
                0x20002bc8                __end_of_heap
 .bss.__heaps   0x20002bcc        0x4 c:/nxp/mcuxpressoide_11.9.1_2170/ide/plugins/com.nxp.mcuxpresso.tools.win32_11.9.1.202402080819/tools/bin/../lib/gcc/arm-none-eabi/12.3.1/../../../../arm-none-eabi/lib/thumb/v8-m.main+fp/hard\libcr_c.a(__init_alloc.o)
                0x20002bcc                __heaps
 .bss.s_debugConsoleReadWaitSemaphore
                0x20002bd0        0x1 ./utilities/fsl_debug_console.o
 *(SORT_BY_ALIGNMENT(COMMON))
                0x20002bd4                        . = ALIGN (0x4)
 *fill*         0x20002bd1        0x3 
                0x20002bd4                        _ebss = .
                [!provide]                        PROVIDE (__end_bss_RAM = .)
                [!provide]                        PROVIDE (__end_bss_SRAM = .)
                [!provide]                        PROVIDE (end = .)

.noinit_RAM2    0x04000000        0x0
                [!provide]                        PROVIDE (__start_noinit_RAM2 = .)
                [!provide]                        PROVIDE (__start_noinit_SRAMX = .)
 *(SORT_BY_ALIGNMENT(.noinit.$RAM2))
 *(SORT_BY_ALIGNMENT(.noinit.$SRAMX))
 *(SORT_BY_ALIGNMENT(.noinit.$RAM2.*))
 *(SORT_BY_ALIGNMENT(.noinit.$SRAMX.*))
                0x04000000                        . = ALIGN (0x4)
                [!provide]                        PROVIDE (__end_noinit_RAM2 = .)
                [!provide]                        PROVIDE (__end_noinit_SRAMX = .)

.noinit         0x20002bd4        0x0
                0x20002bd4                        _noinit = .
                [!provide]                        PROVIDE (__start_noinit_RAM = .)
                [!provide]                        PROVIDE (__start_noinit_SRAM = .)
 *(SORT_BY_ALIGNMENT(.noinit*))
                0x20002bd4                        . = ALIGN (0x4)
                0x20002bd4                        _end_noinit = .
                [!provide]                        PROVIDE (__end_noinit_RAM = .)
                [!provide]                        PROVIDE (__end_noinit_SRAM = .)
                0x00001000                        _HeapSize = 0x1000

.heap           0x20002bd4     0x1000
                0x20002bd4                        _pvHeapStart = .
                0x20003bd4                        . = (. + _HeapSize)
 *fill*         0x20002bd4     0x1000 
                0x20003bd4                        . = ALIGN (0x4)
                0x20003bd4                        _pvHeapLimit = .
                0x00001000                        _StackSize = 0x1000

.heap2stackfill
                0x20003bd4     0x1000
                0x20004bd4                        . = (. + _StackSize)
 *fill*         0x20003bd4     0x1000 

.stack          0x20037000        0x0
                0x20037000                        _vStackBase = .
                0x20037000                        . = ALIGN (0x4)
                0x20038000                        _vStackTop = (. + _StackSize)
                0x00000000                        _image_start = LOADADDR (.text)
                0x00005668                        _image_end = (LOADADDR (.data) + SIZEOF (.data))
                0x00005668                        _image_size = (_image_end - _image_start)
OUTPUT(MCXN236_Systemplate.axf elf32-littlearm)
LOAD linker stubs

.debug_info     0x00000000    0x1f2e5
 .debug_info    0x00000000      0xe2c ./utilities/fsl_debug_console.o
 .debug_info    0x00000e2c     0x1492 ./startup/startup_mcxn236.o
 .debug_info    0x000022be       0xe4 ./source/MCXN236_Project.o
 .debug_info    0x000023a2      0x422 ./source/loops.o
 .debug_info    0x000027c4       0x3c ./source/semihost_hardfault.o
 .debug_info    0x00002800      0x4c1 ./freertos/freertos-kernel/portable/MemMang/heap_4.o
 .debug_info    0x00002cc1      0x2f3 ./freertos/freertos-kernel/portable/GCC/ARM_CM33_NTZ/non_secure/port.o
 .debug_info    0x00002fb4      0x14d ./freertos/freertos-kernel/portable/GCC/ARM_CM33_NTZ/non_secure/portasm.o
 .debug_info    0x00003101      0x2be ./freertos/freertos-kernel/list.o
 .debug_info    0x000033bf     0x136a ./freertos/freertos-kernel/queue.o
 .debug_info    0x00004729     0x1f32 ./freertos/freertos-kernel/tasks.o
 .debug_info    0x0000665b      0xebf ./freertos/freertos-kernel/timers.o
 .debug_info    0x0000751a     0x489b ./drivers/fsl_clock.o
 .debug_info    0x0000bdb5     0x1f34 ./drivers/fsl_lpflexcomm.o
 .debug_info    0x0000dce9     0x235a ./drivers/fsl_lpuart.o
 .debug_info    0x00010043      0xfce ./drivers/fsl_reset.o
 .debug_info    0x00011011     0x1acd ./drivers/fsl_spc.o
 .debug_info    0x00012ade     0x13e0 ./device/system_MCXN236.o
 .debug_info    0x00013ebe      0xe4c ./component/uart/fsl_adapter_lpuart.o
 .debug_info    0x00014d0a      0xda0 ./component/serial_manager/fsl_component_serial_manager.o
 .debug_info    0x00015aaa      0x558 ./component/serial_manager/fsl_component_serial_port_uart.o
 .debug_info    0x00016002     0x10a8 ./board/board.o
 .debug_info    0x000170aa     0x2196 ./board/clock_config.o
 .debug_info    0x00019240       0x9b ./board/peripherals.o
 .debug_info    0x000192db     0x150c ./board/pin_mux.o
 .debug_info    0x0001a7e7       0x85 c:/nxp/mcuxpressoide_11.9.1_2170/ide/plugins/com.nxp.mcuxpresso.tools.win32_11.9.1.202402080819/tools/bin/../lib/gcc/arm-none-eabi/12.3.1/../../../../arm-none-eabi/lib/thumb/v8-m.main+fp/hard\libcr_nohost_nf.a(_cr__main.o)
 .debug_info    0x0001a86c      0x22e c:/nxp/mcuxpressoide_11.9.1_2170/ide/plugins/com.nxp.mcuxpresso.tools.win32_11.9.1.202402080819/tools/bin/../lib/gcc/arm-none-eabi/12.3.1/../../../../arm-none-eabi/lib/thumb/v8-m.main+fp/hard\libcr_nohost_nf.a(_cr_assert.o)
 .debug_info    0x0001aa9a      0x18b c:/nxp/mcuxpressoide_11.9.1_2170/ide/plugins/com.nxp.mcuxpresso.tools.win32_11.9.1.202402080819/tools/bin/../lib/gcc/arm-none-eabi/12.3.1/../../../../arm-none-eabi/lib/thumb/v8-m.main+fp/hard\libcr_nohost_nf.a(__ciob.o)
 .debug_info    0x0001ac25       0x38 c:/nxp/mcuxpressoide_11.9.1_2170/ide/plugins/com.nxp.mcuxpresso.tools.win32_11.9.1.202402080819/tools/bin/../lib/gcc/arm-none-eabi/12.3.1/../../../../arm-none-eabi/lib/thumb/v8-m.main+fp/hard\libcr_nohost_nf.a(__sys_appexit.o)
 .debug_info    0x0001ac5d      0x119 c:/nxp/mcuxpressoide_11.9.1_2170/ide/plugins/com.nxp.mcuxpresso.tools.win32_11.9.1.202402080819/tools/bin/../lib/gcc/arm-none-eabi/12.3.1/../../../../arm-none-eabi/lib/thumb/v8-m.main+fp/hard\libcr_c.a(memcpy.o)
 .debug_info    0x0001ad76       0xe3 c:/nxp/mcuxpressoide_11.9.1_2170/ide/plugins/com.nxp.mcuxpresso.tools.win32_11.9.1.202402080819/tools/bin/../lib/gcc/arm-none-eabi/12.3.1/../../../../arm-none-eabi/lib/thumb/v8-m.main+fp/hard\libcr_c.a(memset.o)
 .debug_info    0x0001ae59      0x362 c:/nxp/mcuxpressoide_11.9.1_2170/ide/plugins/com.nxp.mcuxpresso.tools.win32_11.9.1.202402080819/tools/bin/../lib/gcc/arm-none-eabi/12.3.1/../../../../arm-none-eabi/lib/thumb/v8-m.main+fp/hard\libcr_c.a(_deferredlazyseek.o)
 .debug_info    0x0001b1bb      0x1e3 c:/nxp/mcuxpressoide_11.9.1_2170/ide/plugins/com.nxp.mcuxpresso.tools.win32_11.9.1.202402080819/tools/bin/../lib/gcc/arm-none-eabi/12.3.1/../../../../arm-none-eabi/lib/thumb/v8-m.main+fp/hard\libcr_c.a(_fflush.o)
 .debug_info    0x0001b39e      0x282 c:/nxp/mcuxpressoide_11.9.1_2170/ide/plugins/com.nxp.mcuxpresso.tools.win32_11.9.1.202402080819/tools/bin/../lib/gcc/arm-none-eabi/12.3.1/../../../../arm-none-eabi/lib/thumb/v8-m.main+fp/hard\libcr_c.a(_writebuf.o)
 .debug_info    0x0001b620      0x506 c:/nxp/mcuxpressoide_11.9.1_2170/ide/plugins/com.nxp.mcuxpresso.tools.win32_11.9.1.202402080819/tools/bin/../lib/gcc/arm-none-eabi/12.3.1/../../../../arm-none-eabi/lib/thumb/v8-m.main+fp/hard\libcr_c.a(alloc.o)
 .debug_info    0x0001bb26       0x44 c:/nxp/mcuxpressoide_11.9.1_2170/ide/plugins/com.nxp.mcuxpresso.tools.win32_11.9.1.202402080819/tools/bin/../lib/gcc/arm-none-eabi/12.3.1/../../../../arm-none-eabi/lib/thumb/v8-m.main+fp/hard\libcr_c.a(errno.o)
 .debug_info    0x0001bb6a      0x1e0 c:/nxp/mcuxpressoide_11.9.1_2170/ide/plugins/com.nxp.mcuxpresso.tools.win32_11.9.1.202402080819/tools/bin/../lib/gcc/arm-none-eabi/12.3.1/../../../../arm-none-eabi/lib/thumb/v8-m.main+fp/hard\libcr_c.a(fputs.o)