../drivers/fsl_clock.h:1517:22:CLOCK_IsPLL0Locked	4	static
../drivers/fsl_clock.h:1525:22:CLOCK_IsPLL1Locked	4	static
../drivers/fsl_clock.c:143:10:CLOCK_SetupFROHFClocking	16	static
../drivers/fsl_clock.c:177:10:CLOCK_SetupExtClocking	24	static
../drivers/fsl_clock.c:244:10:CLOCK_SetupExtRefClocking	24	static
../drivers/fsl_clock.c:314:10:CLOCK_SetupOsc32KClocking	16	static
../drivers/fsl_clock.c:356:10:CLOCK_SetupClk16KClocking	16	static
../drivers/fsl_clock.c:374:10:CLOCK_FROHFTrimConfig	16	static
../drivers/fsl_clock.c:399:10:CLOCK_FRO12MTrimConfig	16	static
../drivers/fsl_clock.c:428:6:CLOCK_SetSysOscMonitorMode	24	static
../drivers/fsl_clock.c:447:6:CLOCK_SetRoscMonitorMode	24	static
../drivers/fsl_clock.c:466:6:CLOCK_SetUpllMonitorMode	24	static
../drivers/fsl_clock.c:485:6:CLOCK_SetPll0MonitorMode	24	static
../drivers/fsl_clock.c:504:6:CLOCK_SetPll1MonitorMode	24	static
../drivers/fsl_clock.c:521:10:CLOCK_SetFLASHAccessCyclesForFreq	24	static
../drivers/fsl_clock.c:599:6:VBAT_SetOscConfig	24	static
../drivers/fsl_clock.c:644:6:CLOCK_AttachClk	40	static
../drivers/fsl_clock.c:693:19:CLOCK_GetClockAttachId	48	static
../drivers/fsl_clock.c:742:6:CLOCK_SetClkDiv	24	static
../drivers/fsl_clock.c:766:10:CLOCK_GetClkDiv	24	static
../drivers/fsl_clock.c:791:6:CLOCK_HaltClkDiv	24	static
../drivers/fsl_clock.c:809:6:CLOCK_SetupClockCtrl	16	static
../drivers/fsl_clock.c:820:10:CLOCK_GetFreq	24	static
../drivers/fsl_clock.c:903:10:CLOCK_GetCTimerClkFreq	24	static
../drivers/fsl_clock.c:957:10:CLOCK_GetAdcClkFreq	24	static
../drivers/fsl_clock.c:997:10:CLOCK_GetLPFlexCommClkFreq	24	static
../drivers/fsl_clock.c:1034:10:CLOCK_GetPll0OutFreq	32	static
../drivers/fsl_clock.c:1062:10:CLOCK_GetPll1OutFreq	32	static
../drivers/fsl_clock.c:1090:10:CLOCK_GetPllClkDivFreq	16	static
../drivers/fsl_clock.c:1117:10:CLOCK_GetExtUpllFreq	4	static
../drivers/fsl_clock.c:1131:6:CLOCK_SetExtUpllFreq	16	static
../drivers/fsl_clock.c:1140:10:CLOCK_GetI3cClkFreq	24	static
../drivers/fsl_clock.c:1176:10:CLOCK_GetMicfilClkFreq	16	static
../drivers/fsl_clock.c:1217:10:CLOCK_GetFlexioClkFreq	16	static
../drivers/fsl_clock.c:1252:10:CLOCK_GetFlexcanClkFreq	24	static
../drivers/fsl_clock.c:1288:10:CLOCK_GetEwm0ClkFreq	16	static
../drivers/fsl_clock.c:1312:10:CLOCK_GetWdtClkFreq	24	static
../drivers/fsl_clock.c:1353:10:CLOCK_GetOstimerClkFreq	16	static
../drivers/fsl_clock.c:1380:10:CLOCK_GetCmpFClkFreq	24	static
../drivers/fsl_clock.c:1419:10:CLOCK_GetCmpRRClkFreq	24	static
../drivers/fsl_clock.c:1458:10:CLOCK_GetUtickClkFreq	16	static
../drivers/fsl_clock.c:1485:10:CLOCK_GetSaiClkFreq	24	static
../drivers/fsl_clock.c:1521:6:CLOCK_SetupSaiMclk	16	static
../drivers/fsl_clock.c:1532:6:CLOCK_SetupSaiTxBclk	16	static
../drivers/fsl_clock.c:1543:6:CLOCK_SetupSaiRxBclk	16	static
../drivers/fsl_clock.c:1554:10:CLOCK_GetSaiMclkFreq	16	static
../drivers/fsl_clock.c:1563:10:CLOCK_GetSaiTxBclkFreq	16	static
../drivers/fsl_clock.c:1572:10:CLOCK_GetSaiRxBclkFreq	16	static
../drivers/fsl_clock.c:1581:10:CLOCK_GetPLL0InClockRate	16	static
../drivers/fsl_clock.c:1605:10:CLOCK_GetPLL1InClockRate	16	static
../drivers/fsl_clock.c:1633:10:CLOCK_GetPLLOutFromSetup	40	static
../drivers/fsl_clock.c:1661:13:CLOCK_SetupPLLData	24	static
../drivers/fsl_clock.c:1712:13:CLOCK_SetPLL0Freq	40	static
../drivers/fsl_clock.c:1770:13:CLOCK_SetPLL1Freq	40	static
../drivers/fsl_clock.c:1820:6:CLOCK_EnableOstimer32kClock	4	static
../drivers/fsl_clock.c:1829:17:CLOCK_GetFro12MFreq	4	static
../drivers/fsl_clock.c:1838:17:CLOCK_GetClk1MFreq	4	static
../drivers/fsl_clock.c:1847:17:CLOCK_GetFroHfFreq	16	static
../drivers/fsl_clock.c:1871:17:CLOCK_GetClk48MFreq	4	static
../drivers/fsl_clock.c:1880:17:CLOCK_GetClk144MFreq	4	static
../drivers/fsl_clock.c:1889:17:CLOCK_GetClk16KFreq	16	static
../drivers/fsl_clock.c:1900:17:CLOCK_GetExtClkFreq	4	static
../drivers/fsl_clock.c:1909:17:CLOCK_GetOsc32KFreq	16	static
../drivers/fsl_clock.c:1920:10:CLOCK_GetCoreSysClkFreq	16	static
../drivers/fsl_clock.c:1959:17:CLOCK_GetSystickClkFreq	24	static
../drivers/fsl_clock.c:1986:17:CLOCK_GetClockOutClkFreq	16	static
../drivers/fsl_clock.c:2027:17:CLOCK_GetLposcFreq	16	static
../drivers/fsl_clock.c:2048:13:pllFindSel	32	static
../drivers/fsl_clock.c:2092:17:findPll0PreDiv	16	static
../drivers/fsl_clock.c:2109:17:findPll1PreDiv	16	static
../drivers/fsl_clock.c:2126:17:findPll0PostDiv	16	static
../drivers/fsl_clock.c:2150:17:findPll1PostDiv	16	static
../drivers/fsl_clock.c:2174:14:findPll0MMult	24	static
../drivers/fsl_clock.c:2200:14:findPll1MMult	24	static
../drivers/fsl_clock.c:2226:17:FindGreatestCommonDivisor	24	static
../drivers/fsl_clock.c:2252:20:CLOCK_GetPllConfig	32	static
../drivers/fsl_clock.c:2307:20:CLOCK_GetPllConfigInternal	128	static
../drivers/fsl_clock.c:2464:17:CLOCK_GetPLLInClockRateFromSetup	24	static
../drivers/fsl_clock.c:2488:17:findPllPreDivFromSetup	24	static
../drivers/fsl_clock.c:2505:17:findPllPostDivFromSetup	24	static
../drivers/fsl_clock.c:2529:14:findPllMMultFromSetup	32	static
../drivers/fsl_clock.c:2563:6:CLOCK_EnableUsbhsPhyPllClock	24	static
../drivers/fsl_clock.c:2651:6:CLOCK_DisableUsbhsPhyPllClock	4	static
../drivers/fsl_clock.c:2660:6:CLOCK_EnableUsbhsClock	16	static
../drivers/fsl_clock.c:2675:10:CLOCK_FIRCAutoTrimWithSOF	16	static
