C:\Users\willi\Documents\MCUXpressoIDE_11.9.1_2170\workspace\MCXN236_Systemplate\CMSIS/core_cm33.h:2378:22:__NVIC_EnableIRQ	16	static
../drivers/fsl_common_arm.h:514:24:EnableIRQ	24	static
../drivers/fsl_common_arm.h:732:24:DisableGlobalIRQ	16	static
../drivers/fsl_common_arm.h:758:20:EnableGlobalIRQ	24	static
../drivers/fsl_lpuart.h:421:20:LPUART_SoftwareReset	16	static
../drivers/fsl_lpuart.c:117:10:LPUART_GetInstance	24	static
../drivers/fsl_lpuart.c:141:8:LPUART_TransferGetRxRingBufferLength	32	static
../drivers/fsl_lpuart.c:162:13:LPUART_TransferIsRxRingBufferFull	24	static
../drivers/fsl_lpuart.c:179:13:LPUART_WriteNonBlocking	32	static
../drivers/fsl_lpuart.c:193:13:LPUART_WriteNonBlocking16bit	32	static
../drivers/fsl_lpuart.c:206:13:LPUART_ReadNonBlocking	40	static
../drivers/fsl_lpuart.c:236:13:LPUART_ReadNonBlocking16bit	32	static
../drivers/fsl_lpuart.c:272:10:LPUART_Init	56	static
../drivers/fsl_lpuart.c:514:6:LPUART_Deinit	24	static
../drivers/fsl_lpuart.c:570:6:LPUART_GetDefaultConfig	16	static
../drivers/fsl_lpuart.c:615:10:LPUART_SetBaudRate	56	static
../drivers/fsl_lpuart.c:712:6:LPUART_Enable9bitMode	24	static
../drivers/fsl_lpuart.c:746:6:LPUART_SendAddress	24	static
../drivers/fsl_lpuart.c:768:6:LPUART_EnableInterrupts	24	static
../drivers/fsl_lpuart.c:828:6:LPUART_DisableInterrupts	24	static
../drivers/fsl_lpuart.c:895:10:LPUART_GetEnabledInterrupts	24	static
../drivers/fsl_lpuart.c:942:10:LPUART_GetStatusFlags	24	static
../drivers/fsl_lpuart.c:982:10:LPUART_ClearStatusFlags	24	static
../drivers/fsl_lpuart.c:1041:10:LPUART_WriteBlocking	32	static
../drivers/fsl_lpuart.c:1102:10:LPUART_WriteBlocking16bit	32	static
../drivers/fsl_lpuart.c:1167:10:LPUART_ReadBlocking	48	static
../drivers/fsl_lpuart.c:1283:10:LPUART_ReadBlocking16bit	40	static
../drivers/fsl_lpuart.c:1398:6:LPUART_TransferCreateHandle	40	static
../drivers/fsl_lpuart.c:1457:6:LPUART_TransferStartRingBuffer	32	static
../drivers/fsl_lpuart.c:1486:6:LPUART_TransferStopRingBuffer	24	static
../drivers/fsl_lpuart.c:1524:10:LPUART_TransferSendNonBlocking	32	static
../drivers/fsl_lpuart.c:1567:6:LPUART_TransferAbortSend	24	static
../drivers/fsl_lpuart.c:1592:10:LPUART_TransferGetSendCount	32	static
../drivers/fsl_lpuart.c:1650:10:LPUART_TransferReceiveNonBlocking	56	static
../drivers/fsl_lpuart.c:1789:6:LPUART_TransferAbortReceive	24	static
../drivers/fsl_lpuart.c:1820:10:LPUART_TransferGetReceiveCount	32	static
../drivers/fsl_lpuart.c:1848:6:LPUART_TransferHandleIRQ	64	static
../drivers/fsl_lpuart.c:2126:6:LPUART_TransferHandleErrorIRQ	16	static
