../drivers/fsl_spc.h:844:34:SPC_GetActiveModeBandgapMode	16	static
../drivers/fsl_spc.h:856:24:SPC_GetActiveModeVoltageDetectStatus	24	static
../drivers/fsl_spc.h:898:20:SPC_EnableActiveModeCMPBandgapBuffer	16	static
../drivers/fsl_spc.h:1011:34:SPC_GetLowPowerModeBandgapMode	16	static
../drivers/fsl_spc.h:1022:24:SPC_GetLowPowerModeVoltageDetectStatus	24	static
../drivers/fsl_spc.h:1052:20:SPC_EnableLowPowerModeLowPowerIREF	16	static
../drivers/fsl_spc.h:1115:20:SPC_EnableLowPowerModeCMPBandgapBufferMode	16	static
../drivers/fsl_spc.h:1141:20:SPC_EnableLowPowerModeCoreVDDInternalVoltageScaling	16	static
../drivers/fsl_spc.h:1753:44:SPC_GetActiveModeCoreLDOVDDVoltageLevel	16	static
../drivers/fsl_spc.h:1780:45:SPC_GetActiveModeCoreLDODriveStrength	16	static
../drivers/fsl_spc.h:1832:44:SPC_GetLowPowerCoreLDOVDDVoltageLevel	16	static
../drivers/fsl_spc.h:1857:45:SPC_GetLowPowerCoreLDOVDDDriveStrength	16	static
../drivers/fsl_spc.h:2105:20:SPC_SetActiveModeDCDCRegulatorVoltageLevel	16	static
../drivers/fsl_spc.h:2173:20:SPC_SetLowPowerModeDCDCRegulatorVoltageLevel	16	static
../drivers/fsl_spc.c:46:35:SPC_GetPowerDomainLowPowerMode	24	static
../drivers/fsl_spc.c:66:9:SPC_GetPeriphIOIsolationStatus	24	static
../drivers/fsl_spc.c:82:6:SPC_SetLowPowerRequestConfig	24	static
../drivers/fsl_spc.c:110:6:SPC_ConfigVddCoreGlitchDetector	24	static
../drivers/fsl_spc.c:134:6:SPC_SetSRAMOperateVoltage	24	static
../drivers/fsl_spc.c:168:10:SPC_SetActiveModeBandgapModeConfig	24	static
../drivers/fsl_spc.c:236:10:SPC_SetLowPowerModeBandgapmodeConfig	24	static
../drivers/fsl_spc.c:299:6:SPC_SetCoreVoltageDetectConfig	24	static
../drivers/fsl_spc.c:329:10:SPC_EnableActiveModeCoreHighVoltageDetect	24	static
../drivers/fsl_spc.c:360:10:SPC_EnableLowPowerModeCoreHighVoltageDetect	24	static
../drivers/fsl_spc.c:390:10:SPC_EnableActiveModeCoreLowVoltageDetect	24	static
../drivers/fsl_spc.c:419:10:SPC_EnableLowPowerModeCoreLowVoltageDetect	24	static
../drivers/fsl_spc.c:444:6:SPC_SetSystemVDDLowVoltageLevel	24	static
../drivers/fsl_spc.c:467:6:SPC_SetSystemVoltageDetectConfig	24	static
../drivers/fsl_spc.c:498:10:SPC_EnableActiveModeSystemHighVoltageDetect	24	static
../drivers/fsl_spc.c:528:10:SPC_EnableActiveModeSystemLowVoltageDetect	24	static
../drivers/fsl_spc.c:558:10:SPC_EnableLowPowerModeSystemHighVoltageDetect	24	static
../drivers/fsl_spc.c:588:10:SPC_EnableLowPowerModeSystemLowVoltageDetect	24	static
../drivers/fsl_spc.c:614:6:SPC_SetIOVDDLowVoltageLevel	24	static
../drivers/fsl_spc.c:637:6:SPC_SetIOVoltageDetectConfig	24	static
../drivers/fsl_spc.c:671:10:SPC_EnableActiveModeIOHighVoltageDetect	24	static
../drivers/fsl_spc.c:701:10:SPC_EnableActiveModeIOLowVoltageDetect	24	static
../drivers/fsl_spc.c:730:10:SPC_EnableLowPowerModeIOHighVoltageDetect	24	static
../drivers/fsl_spc.c:759:10:SPC_EnableLowPowerModeIOLowVoltageDetect	24	static
../drivers/fsl_spc.c:785:6:SPC_SetExternalVoltageDomainsConfig	24	static
../drivers/fsl_spc.c:808:10:SPC_SetActiveModeCoreLDORegulatorConfig	24	static
../drivers/fsl_spc.c:866:10:SPC_SetActiveModeCoreLDORegulatorVoltageLevel	16	static
../drivers/fsl_spc.c:887:10:SPC_SetActiveModeCoreLDORegulatorDriveStrength	16	static
../drivers/fsl_spc.c:934:10:SPC_SetLowPowerModeCoreLDORegulatorConfig	32	static
../drivers/fsl_spc.c:998:10:SPC_SetLowPowerModeCoreLDORegulatorVoltageLevel	16	static
../drivers/fsl_spc.c:1028:10:SPC_SetLowPowerModeCoreLDORegulatorDriveStrength	16	static
../drivers/fsl_spc.c:1077:10:SPC_SetActiveModeSystemLDORegulatorConfig	24	static
../drivers/fsl_spc.c:1121:10:SPC_SetActiveModeSystemLDORegulatorVoltageLevel	16	static
../drivers/fsl_spc.c:1150:10:SPC_SetActiveModeSystemLDORegulatorDriveStrength	16	static
../drivers/fsl_spc.c:1191:10:SPC_SetLowPowerModeSystemLDORegulatorConfig	24	static
../drivers/fsl_spc.c:1228:10:SPC_SetLowPowerModeSystemLDORegulatorDriveStrength	16	static
../drivers/fsl_spc.c:1267:10:SPC_SetActiveModeDCDCRegulatorConfig	24	static
../drivers/fsl_spc.c:1310:10:SPC_SetActiveModeDCDCRegulatorDriveStrength	16	static
../drivers/fsl_spc.c:1354:10:SPC_SetLowPowerModeDCDCRegulatorConfig	24	static
../drivers/fsl_spc.c:1395:10:SPC_SetLowPowerModeDCDCRegulatorDriveStrength	16	static
../drivers/fsl_spc.c:1427:6:SPC_SetDCDCBurstConfig	24	static
../drivers/fsl_spc.c:1461:6:SPC_SetDCDCRefreshCount	24	static
../drivers/fsl_spc.c:1489:10:SPC_SetActiveModeRegulatorsConfig	24	static
../drivers/fsl_spc.c:1644:10:SPC_SetLowPowerModeRegulatorsConfig	24	static
