../startup/startup_mcxn236.c:611:6:data_init	4	static
../startup/startup_mcxn236.c:620:6:bss_init	0	static
../startup/startup_mcxn236.c:645:6:ResetISR	0	static
../startup/startup_mcxn236.c:731:14:NMI_Handler	0	static
../startup/startup_mcxn236.c:735:14:HardFault_Handler	0	static
../startup/startup_mcxn236.c:739:14:MemManage_Handler	0	static
../startup/startup_mcxn236.c:743:14:BusFault_Handler	0	static
../startup/startup_mcxn236.c:747:14:UsageFault_Handler	0	static
../startup/startup_mcxn236.c:751:14:SecureFault_Handler	0	static
../startup/startup_mcxn236.c:755:14:SVC_Handler	0	static
../startup/startup_mcxn236.c:759:14:DebugMon_Handler	0	static
../startup/startup_mcxn236.c:763:14:PendSV_Handler	0	static
../startup/startup_mcxn236.c:767:14:SysTick_Handler	0	static
../startup/startup_mcxn236.c:775:14:IntDefaultHandler	0	static
../startup/startup_mcxn236.c:785:11:OR_IRQHandler	8	static
../startup/startup_mcxn236.c:789:11:EDMA_0_CH0_IRQHandler	8	static
../startup/startup_mcxn236.c:793:11:EDMA_0_CH1_IRQHandler	8	static
../startup/startup_mcxn236.c:797:11:EDMA_0_CH2_IRQHandler	8	static
../startup/startup_mcxn236.c:801:11:EDMA_0_CH3_IRQHandler	8	static
../startup/startup_mcxn236.c:805:11:EDMA_0_CH4_IRQHandler	8	static
../startup/startup_mcxn236.c:809:11:EDMA_0_CH5_IRQHandler	8	static
../startup/startup_mcxn236.c:813:11:EDMA_0_CH6_IRQHandler	8	static
../startup/startup_mcxn236.c:817:11:EDMA_0_CH7_IRQHandler	8	static
../startup/startup_mcxn236.c:821:11:EDMA_0_CH8_IRQHandler	8	static
../startup/startup_mcxn236.c:825:11:EDMA_0_CH9_IRQHandler	8	static
../startup/startup_mcxn236.c:829:11:EDMA_0_CH10_IRQHandler	8	static
../startup/startup_mcxn236.c:833:11:EDMA_0_CH11_IRQHandler	8	static
../startup/startup_mcxn236.c:837:11:EDMA_0_CH12_IRQHandler	8	static
../startup/startup_mcxn236.c:841:11:EDMA_0_CH13_IRQHandler	8	static
../startup/startup_mcxn236.c:845:11:EDMA_0_CH14_IRQHandler	8	static
../startup/startup_mcxn236.c:849:11:EDMA_0_CH15_IRQHandler	8	static
../startup/startup_mcxn236.c:853:11:GPIO00_IRQHandler	8	static
../startup/startup_mcxn236.c:857:11:GPIO01_IRQHandler	8	static
../startup/startup_mcxn236.c:861:11:GPIO10_IRQHandler	8	static
../startup/startup_mcxn236.c:865:11:GPIO11_IRQHandler	8	static
../startup/startup_mcxn236.c:869:11:GPIO20_IRQHandler	8	static
../startup/startup_mcxn236.c:873:11:GPIO21_IRQHandler	8	static
../startup/startup_mcxn236.c:877:11:GPIO30_IRQHandler	8	static
../startup/startup_mcxn236.c:881:11:GPIO31_IRQHandler	8	static
../startup/startup_mcxn236.c:885:11:GPIO40_IRQHandler	8	static
../startup/startup_mcxn236.c:889:11:GPIO41_IRQHandler	8	static
../startup/startup_mcxn236.c:893:11:GPIO50_IRQHandler	8	static
../startup/startup_mcxn236.c:897:11:GPIO51_IRQHandler	8	static
../startup/startup_mcxn236.c:901:11:UTICK0_IRQHandler	8	static
../startup/startup_mcxn236.c:905:11:MRT0_IRQHandler	8	static
../startup/startup_mcxn236.c:909:11:CTIMER0_IRQHandler	8	static
../startup/startup_mcxn236.c:913:11:CTIMER1_IRQHandler	8	static
../startup/startup_mcxn236.c:917:11:Reserved49_IRQHandler	8	static
../startup/startup_mcxn236.c:921:11:CTIMER2_IRQHandler	8	static
../startup/startup_mcxn236.c:925:11:LP_FLEXCOMM0_IRQHandler	8	static
../startup/startup_mcxn236.c:929:11:LP_FLEXCOMM1_IRQHandler	8	static
../startup/startup_mcxn236.c:933:11:LP_FLEXCOMM2_IRQHandler	8	static
../startup/startup_mcxn236.c:937:11:LP_FLEXCOMM3_IRQHandler	8	static
../startup/startup_mcxn236.c:941:11:LP_FLEXCOMM4_IRQHandler	8	static
../startup/startup_mcxn236.c:945:11:LP_FLEXCOMM5_IRQHandler	8	static
../startup/startup_mcxn236.c:949:11:LP_FLEXCOMM6_IRQHandler	8	static
../startup/startup_mcxn236.c:953:11:LP_FLEXCOMM7_IRQHandler	8	static
../startup/startup_mcxn236.c:957:11:Reserved59_IRQHandler	8	static
../startup/startup_mcxn236.c:961:11:Reserved60_IRQHandler	8	static
../startup/startup_mcxn236.c:965:11:ADC0_IRQHandler	8	static
../startup/startup_mcxn236.c:969:11:ADC1_IRQHandler	8	static
../startup/startup_mcxn236.c:973:11:PINT0_IRQHandler	8	static
../startup/startup_mcxn236.c:977:11:PDM_EVENT_IRQHandler	8	static
../startup/startup_mcxn236.c:981:11:Reserved65_IRQHandler	8	static
../startup/startup_mcxn236.c:985:11:Reserved66_IRQHandler	8	static
../startup/startup_mcxn236.c:989:11:USB0_DCD_IRQHandler	8	static
../startup/startup_mcxn236.c:993:11:RTC_IRQHandler	8	static
../startup/startup_mcxn236.c:997:11:SMARTDMA_IRQHandler	8	static
../startup/startup_mcxn236.c:1001:11:Reserved70_IRQHandler	8	static
../startup/startup_mcxn236.c:1005:11:CTIMER3_IRQHandler	8	static
../startup/startup_mcxn236.c:1009:11:CTIMER4_IRQHandler	8	static
../startup/startup_mcxn236.c:1013:11:OS_EVENT_IRQHandler	8	static
../startup/startup_mcxn236.c:1017:11:Reserved74_IRQHandler	8	static
../startup/startup_mcxn236.c:1021:11:SAI0_IRQHandler	8	static
../startup/startup_mcxn236.c:1025:11:SAI1_IRQHandler	8	static
../startup/startup_mcxn236.c:1029:11:Reserved77_IRQHandler	8	static
../startup/startup_mcxn236.c:1033:11:CAN0_IRQHandler	8	static
../startup/startup_mcxn236.c:1037:11:CAN1_IRQHandler	8	static
../startup/startup_mcxn236.c:1041:11:Reserved80_IRQHandler	8	static
../startup/startup_mcxn236.c:1045:11:Reserved81_IRQHandler	8	static
../startup/startup_mcxn236.c:1049:11:USB1_HS_PHY_IRQHandler	8	static
../startup/startup_mcxn236.c:1053:11:USB1_HS_IRQHandler	8	static
../startup/startup_mcxn236.c:1057:11:SEC_HYPERVISOR_CALL_IRQHandler	8	static
../startup/startup_mcxn236.c:1061:11:Reserved85_IRQHandler	8	static
../startup/startup_mcxn236.c:1065:11:Reserved86_IRQHandler	8	static
../startup/startup_mcxn236.c:1069:11:Freqme_IRQHandler	8	static
../startup/startup_mcxn236.c:1073:11:SEC_VIO_IRQHandler	8	static
../startup/startup_mcxn236.c:1077:11:ELS_IRQHandler	8	static
../startup/startup_mcxn236.c:1081:11:PKC_IRQHandler	8	static
../startup/startup_mcxn236.c:1085:11:PUF_IRQHandler	8	static
../startup/startup_mcxn236.c:1089:11:Reserved92_IRQHandler	8	static
../startup/startup_mcxn236.c:1093:11:EDMA_1_CH0_IRQHandler	8	static
../startup/startup_mcxn236.c:1097:11:EDMA_1_CH1_IRQHandler	8	static
../startup/startup_mcxn236.c:1101:11:EDMA_1_CH2_IRQHandler	8	static
../startup/startup_mcxn236.c:1105:11:EDMA_1_CH3_IRQHandler	8	static
../startup/startup_mcxn236.c:1109:11:EDMA_1_CH4_IRQHandler	8	static
../startup/startup_mcxn236.c:1113:11:EDMA_1_CH5_IRQHandler	8	static
../startup/startup_mcxn236.c:1117:11:EDMA_1_CH6_IRQHandler	8	static
../startup/startup_mcxn236.c:1121:11:EDMA_1_CH7_IRQHandler	8	static
../startup/startup_mcxn236.c:1125:11:Reserved101_IRQHandler	8	static
../startup/startup_mcxn236.c:1129:11:Reserved102_IRQHandler	8	static
../startup/startup_mcxn236.c:1133:11:Reserved103_IRQHandler	8	static
../startup/startup_mcxn236.c:1137:11:Reserved104_IRQHandler	8	static
../startup/startup_mcxn236.c:1141:11:Reserved105_IRQHandler	8	static
../startup/startup_mcxn236.c:1145:11:Reserved106_IRQHandler	8	static
../startup/startup_mcxn236.c:1149:11:Reserved107_IRQHandler	8	static
../startup/startup_mcxn236.c:1153:11:Reserved108_IRQHandler	8	static
../startup/startup_mcxn236.c:1157:11:CDOG0_IRQHandler	8	static
../startup/startup_mcxn236.c:1161:11:CDOG1_IRQHandler	8	static
../startup/startup_mcxn236.c:1165:11:I3C0_IRQHandler	8	static
../startup/startup_mcxn236.c:1169:11:I3C1_IRQHandler	8	static
../startup/startup_mcxn236.c:1173:11:Reserved113_IRQHandler	8	static
../startup/startup_mcxn236.c:1177:11:GDET_IRQHandler	8	static
../startup/startup_mcxn236.c:1181:11:VBAT0_IRQHandler	8	static
../startup/startup_mcxn236.c:1185:11:EWM0_IRQHandler	8	static
../startup/startup_mcxn236.c:1189:11:Reserved117_IRQHandler	8	static
../startup/startup_mcxn236.c:1193:11:Reserved118_IRQHandler	8	static
../startup/startup_mcxn236.c:1197:11:Reserved119_IRQHandler	8	static
../startup/startup_mcxn236.c:1201:11:Reserved120_IRQHandler	8	static
../startup/startup_mcxn236.c:1205:11:FLEXIO_IRQHandler	8	static
../startup/startup_mcxn236.c:1209:11:Reserved122_IRQHandler	8	static
../startup/startup_mcxn236.c:1213:11:Reserved123_IRQHandler	8	static
../startup/startup_mcxn236.c:1217:11:Reserved124_IRQHandler	8	static
../startup/startup_mcxn236.c:1221:11:HSCMP0_IRQHandler	8	static
../startup/startup_mcxn236.c:1225:11:HSCMP1_IRQHandler	8	static
../startup/startup_mcxn236.c:1229:11:Reserved127_IRQHandler	8	static
../startup/startup_mcxn236.c:1233:11:FLEXPWM0_RELOAD_ERROR_IRQHandler	8	static
../startup/startup_mcxn236.c:1237:11:FLEXPWM0_FAULT_IRQHandler	8	static
../startup/startup_mcxn236.c:1241:11:FLEXPWM0_SUBMODULE0_IRQHandler	8	static
../startup/startup_mcxn236.c:1245:11:FLEXPWM0_SUBMODULE1_IRQHandler	8	static
../startup/startup_mcxn236.c:1249:11:FLEXPWM0_SUBMODULE2_IRQHandler	8	static
../startup/startup_mcxn236.c:1253:11:FLEXPWM0_SUBMODULE3_IRQHandler	8	static
../startup/startup_mcxn236.c:1257:11:FLEXPWM1_RELOAD_ERROR_IRQHandler	8	static
../startup/startup_mcxn236.c:1261:11:FLEXPWM1_FAULT_IRQHandler	8	static
../startup/startup_mcxn236.c:1265:11:FLEXPWM1_SUBMODULE0_IRQHandler	8	static
../startup/startup_mcxn236.c:1269:11:FLEXPWM1_SUBMODULE1_IRQHandler	8	static
../startup/startup_mcxn236.c:1273:11:FLEXPWM1_SUBMODULE2_IRQHandler	8	static
../startup/startup_mcxn236.c:1277:11:FLEXPWM1_SUBMODULE3_IRQHandler	8	static
../startup/startup_mcxn236.c:1281:11:QDC0_COMPARE_IRQHandler	8	static
../startup/startup_mcxn236.c:1285:11:QDC0_HOME_IRQHandler	8	static
../startup/startup_mcxn236.c:1289:11:QDC0_WDG_SAB_IRQHandler	8	static
../startup/startup_mcxn236.c:1293:11:QDC0_IDX_IRQHandler	8	static
../startup/startup_mcxn236.c:1297:11:QDC1_COMPARE_IRQHandler	8	static
../startup/startup_mcxn236.c:1301:11:QDC1_HOME_IRQHandler	8	static
../startup/startup_mcxn236.c:1305:11:QDC1_WDG_SAB_IRQHandler	8	static
../startup/startup_mcxn236.c:1309:11:QDC1_IDX_IRQHandler	8	static
../startup/startup_mcxn236.c:1313:11:ITRC0_IRQHandler	8	static
../startup/startup_mcxn236.c:1317:11:Reserved149_IRQHandler	8	static
../startup/startup_mcxn236.c:1321:11:ELS_ERR_IRQHandler	8	static
../startup/startup_mcxn236.c:1325:11:PKC_ERR_IRQHandler	8	static
../startup/startup_mcxn236.c:1329:11:ERM_SINGLE_BIT_ERROR_IRQHandler	8	static
../startup/startup_mcxn236.c:1333:11:ERM_MULTI_BIT_ERROR_IRQHandler	8	static
../startup/startup_mcxn236.c:1337:11:FMU0_IRQHandler	8	static
../startup/startup_mcxn236.c:1341:11:Reserved155_IRQHandler	8	static
../startup/startup_mcxn236.c:1345:11:Reserved156_IRQHandler	8	static
../startup/startup_mcxn236.c:1349:11:Reserved157_IRQHandler	8	static
../startup/startup_mcxn236.c:1353:11:Reserved158_IRQHandler	8	static
../startup/startup_mcxn236.c:1357:11:LPTMR0_IRQHandler	8	static
../startup/startup_mcxn236.c:1361:11:LPTMR1_IRQHandler	8	static
../startup/startup_mcxn236.c:1365:11:SCG_IRQHandler	8	static
../startup/startup_mcxn236.c:1369:11:SPC_IRQHandler	8	static
../startup/startup_mcxn236.c:1373:11:WUU_IRQHandler	8	static
../startup/startup_mcxn236.c:1377:11:PORT_EFT_IRQHandler	8	static
../startup/startup_mcxn236.c:1381:11:Reserved165_IRQHandler	8	static
../startup/startup_mcxn236.c:1385:11:Reserved166_IRQHandler	8	static
../startup/startup_mcxn236.c:1389:11:Reserved167_IRQHandler	8	static
../startup/startup_mcxn236.c:1393:11:WWDT0_IRQHandler	8	static
../startup/startup_mcxn236.c:1397:11:WWDT1_IRQHandler	8	static
../startup/startup_mcxn236.c:1401:11:CMC0_IRQHandler	8	static
